Archive member included to satisfy reference by file (symbol)

E:/progs/STM32/CUBEIde/STM32CubeIDE_1.19.0/STM32CubeIDE/plugins/com.st.stm32cube.ide.mcu.externaltools.gnu-tools-for-stm32.13.3.rel1.win32_1.0.0.202411081344/tools/bin/../lib/gcc/arm-none-eabi/13.3.1/../../../../arm-none-eabi/lib/thumb/v7e-m+fp/hard\libc_nano.a(libc_a-exit.o)
                              E:/progs/STM32/CUBEIde/STM32CubeIDE_1.19.0/STM32CubeIDE/plugins/com.st.stm32cube.ide.mcu.externaltools.gnu-tools-for-stm32.13.3.rel1.win32_1.0.0.202411081344/tools/bin/../lib/gcc/arm-none-eabi/13.3.1/../../../../arm-none-eabi/lib/thumb/v7e-m+fp/hard/crt0.o (exit)
E:/progs/STM32/CUBEIde/STM32CubeIDE_1.19.0/STM32CubeIDE/plugins/com.st.stm32cube.ide.mcu.externaltools.gnu-tools-for-stm32.13.3.rel1.win32_1.0.0.202411081344/tools/bin/../lib/gcc/arm-none-eabi/13.3.1/../../../../arm-none-eabi/lib/thumb/v7e-m+fp/hard\libc_nano.a(libc_a-findfp.o)
                              E:/progs/STM32/CUBEIde/STM32CubeIDE_1.19.0/STM32CubeIDE/plugins/com.st.stm32cube.ide.mcu.externaltools.gnu-tools-for-stm32.13.3.rel1.win32_1.0.0.202411081344/tools/bin/../lib/gcc/arm-none-eabi/13.3.1/../../../../arm-none-eabi/lib/thumb/v7e-m+fp/hard\libc_nano.a(libc_a-exit.o) (__stdio_exit_handler)
E:/progs/STM32/CUBEIde/STM32CubeIDE_1.19.0/STM32CubeIDE/plugins/com.st.stm32cube.ide.mcu.externaltools.gnu-tools-for-stm32.13.3.rel1.win32_1.0.0.202411081344/tools/bin/../lib/gcc/arm-none-eabi/13.3.1/../../../../arm-none-eabi/lib/thumb/v7e-m+fp/hard\libc_nano.a(libc_a-fwalk.o)
                              E:/progs/STM32/CUBEIde/STM32CubeIDE_1.19.0/STM32CubeIDE/plugins/com.st.stm32cube.ide.mcu.externaltools.gnu-tools-for-stm32.13.3.rel1.win32_1.0.0.202411081344/tools/bin/../lib/gcc/arm-none-eabi/13.3.1/../../../../arm-none-eabi/lib/thumb/v7e-m+fp/hard\libc_nano.a(libc_a-findfp.o) (_fwalk_sglue)
E:/progs/STM32/CUBEIde/STM32CubeIDE_1.19.0/STM32CubeIDE/plugins/com.st.stm32cube.ide.mcu.externaltools.gnu-tools-for-stm32.13.3.rel1.win32_1.0.0.202411081344/tools/bin/../lib/gcc/arm-none-eabi/13.3.1/../../../../arm-none-eabi/lib/thumb/v7e-m+fp/hard\libc_nano.a(libc_a-stdio.o)
                              E:/progs/STM32/CUBEIde/STM32CubeIDE_1.19.0/STM32CubeIDE/plugins/com.st.stm32cube.ide.mcu.externaltools.gnu-tools-for-stm32.13.3.rel1.win32_1.0.0.202411081344/tools/bin/../lib/gcc/arm-none-eabi/13.3.1/../../../../arm-none-eabi/lib/thumb/v7e-m+fp/hard\libc_nano.a(libc_a-findfp.o) (__sread)
E:/progs/STM32/CUBEIde/STM32CubeIDE_1.19.0/STM32CubeIDE/plugins/com.st.stm32cube.ide.mcu.externaltools.gnu-tools-for-stm32.13.3.rel1.win32_1.0.0.202411081344/tools/bin/../lib/gcc/arm-none-eabi/13.3.1/../../../../arm-none-eabi/lib/thumb/v7e-m+fp/hard\libc_nano.a(libc_a-memset.o)
                              E:/progs/STM32/CUBEIde/STM32CubeIDE_1.19.0/STM32CubeIDE/plugins/com.st.stm32cube.ide.mcu.externaltools.gnu-tools-for-stm32.13.3.rel1.win32_1.0.0.202411081344/tools/bin/../lib/gcc/arm-none-eabi/13.3.1/../../../../arm-none-eabi/lib/thumb/v7e-m+fp/hard/crt0.o (memset)
E:/progs/STM32/CUBEIde/STM32CubeIDE_1.19.0/STM32CubeIDE/plugins/com.st.stm32cube.ide.mcu.externaltools.gnu-tools-for-stm32.13.3.rel1.win32_1.0.0.202411081344/tools/bin/../lib/gcc/arm-none-eabi/13.3.1/../../../../arm-none-eabi/lib/thumb/v7e-m+fp/hard\libc_nano.a(libc_a-closer.o)
                              E:/progs/STM32/CUBEIde/STM32CubeIDE_1.19.0/STM32CubeIDE/plugins/com.st.stm32cube.ide.mcu.externaltools.gnu-tools-for-stm32.13.3.rel1.win32_1.0.0.202411081344/tools/bin/../lib/gcc/arm-none-eabi/13.3.1/../../../../arm-none-eabi/lib/thumb/v7e-m+fp/hard\libc_nano.a(libc_a-stdio.o) (_close_r)
E:/progs/STM32/CUBEIde/STM32CubeIDE_1.19.0/STM32CubeIDE/plugins/com.st.stm32cube.ide.mcu.externaltools.gnu-tools-for-stm32.13.3.rel1.win32_1.0.0.202411081344/tools/bin/../lib/gcc/arm-none-eabi/13.3.1/../../../../arm-none-eabi/lib/thumb/v7e-m+fp/hard\libc_nano.a(libc_a-reent.o)
                              E:/progs/STM32/CUBEIde/STM32CubeIDE_1.19.0/STM32CubeIDE/plugins/com.st.stm32cube.ide.mcu.externaltools.gnu-tools-for-stm32.13.3.rel1.win32_1.0.0.202411081344/tools/bin/../lib/gcc/arm-none-eabi/13.3.1/../../../../arm-none-eabi/lib/thumb/v7e-m+fp/hard\libc_nano.a(libc_a-closer.o) (errno)
E:/progs/STM32/CUBEIde/STM32CubeIDE_1.19.0/STM32CubeIDE/plugins/com.st.stm32cube.ide.mcu.externaltools.gnu-tools-for-stm32.13.3.rel1.win32_1.0.0.202411081344/tools/bin/../lib/gcc/arm-none-eabi/13.3.1/../../../../arm-none-eabi/lib/thumb/v7e-m+fp/hard\libc_nano.a(libc_a-impure.o)
                              E:/progs/STM32/CUBEIde/STM32CubeIDE_1.19.0/STM32CubeIDE/plugins/com.st.stm32cube.ide.mcu.externaltools.gnu-tools-for-stm32.13.3.rel1.win32_1.0.0.202411081344/tools/bin/../lib/gcc/arm-none-eabi/13.3.1/../../../../arm-none-eabi/lib/thumb/v7e-m+fp/hard\libc_nano.a(libc_a-reent.o) (_impure_ptr)
[...]
Memory Configuration

Name             Origin             Length             Attributes
RAM              0x20000000         0x00020000         xrw
FLASH            0x08000000         0x00080000         xr
*default*        0x00000000         0xffffffff

Linker script and memory map

LOAD E:/progs/STM32/CUBEIde/STM32CubeIDE_1.19.0/STM32CubeIDE/plugins/com.st.stm32cube.ide.mcu.externaltools.gnu-tools-for-stm32.13.3.rel1.win32_1.0.0.202411081344/tools/bin/../lib/gcc/arm-none-eabi/13.3.1/thumb/v7e-m+fp/hard/crti.o
LOAD E:/progs/STM32/CUBEIde/STM32CubeIDE_1.19.0/STM32CubeIDE/plugins/com.st.stm32cube.ide.mcu.externaltools.gnu-tools-for-stm32.13.3.rel1.win32_1.0.0.202411081344/tools/bin/../lib/gcc/arm-none-eabi/13.3.1/thumb/v7e-m+fp/hard/crtbegin.o
LOAD E:/progs/STM32/CUBEIde/STM32CubeIDE_1.19.0/STM32CubeIDE/plugins/com.st.stm32cube.ide.mcu.externaltools.gnu-tools-for-stm32.13.3.rel1.win32_1.0.0.202411081344/tools/bin/../lib/gcc/arm-none-eabi/13.3.1/../../../../arm-none-eabi/lib/thumb/v7e-m+fp/hard/crt0.o
LOAD ./Core/Src/RDA_lib/RDA.o
LOAD ./Core/Src/Segger/SEGGER_RTT.o
LOAD ./Core/Src/Segger/SEGGER_RTT_printf.o
LOAD ./Core/Src/display/DISPLAY.o
LOAD ./Core/Src/font/font.o
LOAD ./Core/Src/main.o
LOAD ./Core/Src/stm32f4xx_hal_msp.o
LOAD ./Core/Src/stm32f4xx_it.o
LOAD ./Core/Src/syscalls.o
LOAD ./Core/Src/sysmem.o
LOAD ./Core/Src/system_stm32f4xx.o
LOAD ./Core/Src/sd_card/diskio/diskio.o
LOAD ./Core/Src/sd_card/sd_fs/sd_fs.o
LOAD ./Core/Src/sd_card/sd_spi/sd_spi.o
LOAD ./Core/Startup/startup_stm32f411ceux.o
LOAD ./Drivers/STM32F4xx_HAL_Driver/Src/stm32f4xx_hal.o
LOAD ./Drivers/STM32F4xx_HAL_Driver/Src/stm32f4xx_hal_cortex.o
LOAD ./Drivers/STM32F4xx_HAL_Driver/Src/stm32f4xx_hal_dma.o
LOAD ./Drivers/STM32F4xx_HAL_Driver/Src/stm32f4xx_hal_dma_ex.o
LOAD ./Drivers/STM32F4xx_HAL_Driver/Src/stm32f4xx_hal_exti.o
LOAD ./Drivers/STM32F4xx_HAL_Driver/Src/stm32f4xx_hal_flash.o
LOAD ./Drivers/STM32F4xx_HAL_Driver/Src/stm32f4xx_hal_flash_ex.o
LOAD ./Drivers/STM32F4xx_HAL_Driver/Src/stm32f4xx_hal_flash_ramfunc.o
LOAD ./Drivers/STM32F4xx_HAL_Driver/Src/stm32f4xx_hal_gpio.o
LOAD ./Drivers/STM32F4xx_HAL_Driver/Src/stm32f4xx_hal_i2c.o
LOAD ./Drivers/STM32F4xx_HAL_Driver/Src/stm32f4xx_hal_i2c_ex.o
LOAD ./Drivers/STM32F4xx_HAL_Driver/Src/stm32f4xx_hal_pwr.o
LOAD ./Drivers/STM32F4xx_HAL_Driver/Src/stm32f4xx_hal_pwr_ex.o
LOAD ./Drivers/STM32F4xx_HAL_Driver/Src/stm32f4xx_hal_rcc.o
LOAD ./Drivers/STM32F4xx_HAL_Driver/Src/stm32f4xx_hal_rcc_ex.o
LOAD ./Drivers/STM32F4xx_HAL_Driver/Src/stm32f4xx_hal_spi.o
LOAD ./FATFS/App/fatfs.o
LOAD ./FATFS/Target/user_diskio.o
LOAD ./Middlewares/Third_Party/FatFs/src/ff.o
LOAD ./Middlewares/Third_Party/FatFs/src/ff_gen_drv.o
LOAD ./Middlewares/Third_Party/FatFs/src/option/syscall.o
START GROUP
LOAD E:/progs/STM32/CUBEIde/STM32CubeIDE_1.19.0/STM32CubeIDE/plugins/com.st.stm32cube.ide.mcu.externaltools.gnu-tools-for-stm32.13.3.rel1.win32_1.0.0.202411081344/tools/bin/../lib/gcc/arm-none-eabi/13.3.1/../../../../arm-none-eabi/lib/thumb/v7e-m+fp/hard\libc_nano.a
LOAD E:/progs/STM32/CUBEIde/STM32CubeIDE_1.19.0/STM32CubeIDE/plugins/com.st.stm32cube.ide.mcu.externaltools.gnu-tools-for-stm32.13.3.rel1.win32_1.0.0.202411081344/tools/bin/../lib/gcc/arm-none-eabi/13.3.1/../../../../arm-none-eabi/lib/thumb/v7e-m+fp/hard\libm.a
END GROUP
START GROUP
LOAD E:/progs/STM32/CUBEIde/STM32CubeIDE_1.19.0/STM32CubeIDE/plugins/com.st.stm32cube.ide.mcu.externaltools.gnu-tools-for-stm32.13.3.rel1.win32_1.0.0.202411081344/tools/bin/../lib/gcc/arm-none-eabi/13.3.1/thumb/v7e-m+fp/hard\libgcc.a
LOAD E:/progs/STM32/CUBEIde/STM32CubeIDE_1.19.0/STM32CubeIDE/plugins/com.st.stm32cube.ide.mcu.externaltools.gnu-tools-for-stm32.13.3.rel1.win32_1.0.0.202411081344/tools/bin/../lib/gcc/arm-none-eabi/13.3.1/../../../../arm-none-eabi/lib/thumb/v7e-m+fp/hard\libc_nano.a
END GROUP
START GROUP
LOAD E:/progs/STM32/CUBEIde/STM32CubeIDE_1.19.0/STM32CubeIDE/plugins/com.st.stm32cube.ide.mcu.externaltools.gnu-tools-for-stm32.13.3.rel1.win32_1.0.0.202411081344/tools/bin/../lib/gcc/arm-none-eabi/13.3.1/thumb/v7e-m+fp/hard\libgcc.a
LOAD E:/progs/STM32/CUBEIde/STM32CubeIDE_1.19.0/STM32CubeIDE/plugins/com.st.stm32cube.ide.mcu.externaltools.gnu-tools-for-stm32.13.3.rel1.win32_1.0.0.202411081344/tools/bin/../lib/gcc/arm-none-eabi/13.3.1/../../../../arm-none-eabi/lib/thumb/v7e-m+fp/hard\libc_nano.a
LOAD E:/progs/STM32/CUBEIde/STM32CubeIDE_1.19.0/STM32CubeIDE/plugins/com.st.stm32cube.ide.mcu.externaltools.gnu-tools-for-stm32.13.3.rel1.win32_1.0.0.202411081344/tools/bin/../lib/gcc/arm-none-eabi/13.3.1/../../../../arm-none-eabi/lib/thumb/v7e-m+fp/hard\libnosys.a
END GROUP
START GROUP
LOAD E:/progs/STM32/CUBEIde/STM32CubeIDE_1.19.0/STM32CubeIDE/plugins/com.st.stm32cube.ide.mcu.externaltools.gnu-tools-for-stm32.13.3.rel1.win32_1.0.0.202411081344/tools/bin/../lib/gcc/arm-none-eabi/13.3.1/thumb/v7e-m+fp/hard\libgcc.a
LOAD E:/progs/STM32/CUBEIde/STM32CubeIDE_1.19.0/STM32CubeIDE/plugins/com.st.stm32cube.ide.mcu.externaltools.gnu-tools-for-stm32.13.3.rel1.win32_1.0.0.202411081344/tools/bin/../lib/gcc/arm-none-eabi/13.3.1/../../../../arm-none-eabi/lib/thumb/v7e-m+fp/hard\libc_nano.a
LOAD E:/progs/STM32/CUBEIde/STM32CubeIDE_1.19.0/STM32CubeIDE/plugins/com.st.stm32cube.ide.mcu.externaltools.gnu-tools-for-stm32.13.3.rel1.win32_1.0.0.202411081344/tools/bin/../lib/gcc/arm-none-eabi/13.3.1/../../../../arm-none-eabi/lib/thumb/v7e-m+fp/hard\libnosys.a
END GROUP
LOAD E:/progs/STM32/CUBEIde/STM32CubeIDE_1.19.0/STM32CubeIDE/plugins/com.st.stm32cube.ide.mcu.externaltools.gnu-tools-for-stm32.13.3.rel1.win32_1.0.0.202411081344/tools/bin/../lib/gcc/arm-none-eabi/13.3.1/thumb/v7e-m+fp/hard/crtend.o
LOAD E:/progs/STM32/CUBEIde/STM32CubeIDE_1.19.0/STM32CubeIDE/plugins/com.st.stm32cube.ide.mcu.externaltools.gnu-tools-for-stm32.13.3.rel1.win32_1.0.0.202411081344/tools/bin/../lib/gcc/arm-none-eabi/13.3.1/thumb/v7e-m+fp/hard/crtn.o
                0x20020000                        _estack = (ORIGIN (RAM) + LENGTH (RAM))
                0x00000200                        _Min_Heap_Size = 0x200
                0x00000400                        _Min_Stack_Size = 0x400

.isr_vector     0x08000000      0x198
                0x08000000                        . = ALIGN (0x4)
 *(.isr_vector)
 .isr_vector    0x08000000      0x198 ./Core/Startup/startup_stm32f411ceux.o
                0x08000000                g_pfnVectors
                0x08000198                        . = ALIGN (0x4)

.text           0x08000198     0x6a60
                0x08000198                        . = ALIGN (0x4)
 *(.text)
 .text          0x08000198       0x40 E:/progs/STM32/CUBEIde/STM32CubeIDE_1.19.0/STM32CubeIDE/plugins/com.st.stm32cube.ide.mcu.externaltools.gnu-tools-for-stm32.13.3.rel1.win32_1.0.0.202411081344/tools/bin/../lib/gcc/arm-none-eabi/13.3.1/thumb/v7e-m+fp/hard/crtbegin.o
 .text          0x080001d8       0x30 E:/progs/STM32/CUBEIde/STM32CubeIDE_1.19.0/STM32CubeIDE/plugins/com.st.stm32cube.ide.mcu.externaltools.gnu-tools-for-stm32.13.3.rel1.win32_1.0.0.202411081344/tools/bin/../lib/gcc/arm-none-eabi/13.3.1/thumb/v7e-m+fp/hard\libgcc.a(_aeabi_uldivmod.o)
                0x080001d8                __aeabi_uldivmod
 .text          0x08000208      0x2f8 E:/progs/STM32/CUBEIde/STM32CubeIDE_1.19.0/STM32CubeIDE/plugins/com.st.stm32cube.ide.mcu.externaltools.gnu-tools-for-stm32.13.3.rel1.win32_1.0.0.202411081344/tools/bin/../lib/gcc/arm-none-eabi/13.3.1/thumb/v7e-m+fp/hard\libgcc.a(_udivmoddi4.o)
                0x08000208                __udivmoddi4
 .text          0x08000500        0x4 E:/progs/STM32/CUBEIde/STM32CubeIDE_1.19.0/STM32CubeIDE/plugins/com.st.stm32cube.ide.mcu.externaltools.gnu-tools-for-stm32.13.3.rel1.win32_1.0.0.202411081344/tools/bin/../lib/gcc/arm-none-eabi/13.3.1/thumb/v7e-m+fp/hard\libgcc.a(_dvmd_tls.o)
                0x08000500                __aeabi_idiv0
                0x08000500                __aeabi_ldiv0
 *(.text*)
 .text.rda_init
                0x08000504       0xf2 ./Core/Src/RDA_lib/RDA.o
                0x08000504                rda_init
 *fill*         0x080005f6        0x2 
 .text.calculateFrequency
                0x080005f8       0x44 ./Core/Src/RDA_lib/RDA.o
                0x080005f8                calculateFrequency
 .text._DoInit  0x0800063c       0xb4 ./Core/Src/Segger/SEGGER_RTT.o
 .text._WriteBlocking
                0x080006f0       0xba ./Core/Src/Segger/SEGGER_RTT.o
 .text._WriteNoCheck
                0x080007aa       0x90 ./Core/Src/Segger/SEGGER_RTT.o
 .text._GetAvailWriteSpace
                0x0800083a       0x46 ./Core/Src/Segger/SEGGER_RTT.o
 .text.SEGGER_RTT_WriteNoLock
                0x08000880       0xa0 ./Core/Src/Segger/SEGGER_RTT.o
                0x08000880                SEGGER_RTT_WriteNoLock
 .text.SEGGER_RTT_Write
                0x08000920       0x4c ./Core/Src/Segger/SEGGER_RTT.o
                0x08000920                SEGGER_RTT_Write
 .text.SEGGER_RTT_Init
                0x0800096c        0xc ./Core/Src/Segger/SEGGER_RTT.o
                0x0800096c                SEGGER_RTT_Init
 .text._StoreChar
                0x08000978       0x7c ./Core/Src/Segger/SEGGER_RTT_printf.o
 .text._PrintUnsigned
                0x080009f4      0x158 ./Core/Src/Segger/SEGGER_RTT_printf.o
 .text._PrintInt
                0x08000b4c      0x14e ./Core/Src/Segger/SEGGER_RTT_printf.o
 *fill*         0x08000c9a        0x2 
 .text.SEGGER_RTT_vprintf
                0x08000c9c      0x420 ./Core/Src/Segger/SEGGER_RTT_printf.o
                0x08000c9c                SEGGER_RTT_vprintf
 .text.SEGGER_RTT_printf
                0x080010bc       0x30 ./Core/Src/Segger/SEGGER_RTT_printf.o
                0x080010bc                SEGGER_RTT_printf
 .text.displayInit
                0x080010ec       0x80 ./Core/Src/display/DISPLAY.o
                0x080010ec                displayInit
 .text.displayImage
                0x0800116c       0x50 ./Core/Src/display/DISPLAY.o
                0x0800116c                displayImage
 .text.displayPartOfImage
                0x080011bc       0x60 ./Core/Src/display/DISPLAY.o
                0x080011bc                displayPartOfImage
 .text.displaySetWindow
                0x0800121c       0x8a ./Core/Src/display/DISPLAY.o
                0x0800121c                displaySetWindow
 *fill*         0x080012a6        0x2 
 .text.displayReset
                0x080012a8       0x2c ./Core/Src/display/DISPLAY.o
                0x080012a8                displayReset
 .text.displaySendCommand
                0x080012d4       0x34 ./Core/Src/display/DISPLAY.o
                0x080012d4                displaySendCommand
 .text.displaySendData
                0x08001308       0x34 ./Core/Src/display/DISPLAY.o
                0x08001308                displaySendData
 .text.setTextToImage
                0x0800133c      0x180 ./Core/Src/font/font.o
                0x0800133c                setTextToImage
 .text.getElement
                0x080014bc       0x44 ./Core/Src/font/font.o
                0x080014bc                getElement
 .text.sendImageToDisplay
                0x08001500       0x58 ./Core/Src/main.o
                0x08001500                sendImageToDisplay
 .text.main     0x08001558      0x100 ./Core/Src/main.o
                0x08001558                main
 .text.SystemClock_Config
                0x08001658       0xd0 ./Core/Src/main.o
                0x08001658                SystemClock_Config
 .text.MX_I2C1_Init
                0x08001728       0x5c ./Core/Src/main.o
 .text.MX_SPI1_Init
                0x08001784       0x6c ./Core/Src/main.o
 .text.MX_SPI2_Init
                0x080017f0       0x6c ./Core/Src/main.o
 .text.MX_GPIO_Init
                0x0800185c      0x13c ./Core/Src/main.o
 .text.Error_Handler
                0x08001998        0xc ./Core/Src/main.o
                0x08001998                Error_Handler
 .text.HAL_MspInit
                0x080019a4       0x50 ./Core/Src/stm32f4xx_hal_msp.o
                0x080019a4                HAL_MspInit
 .text.HAL_I2C_MspInit
                0x080019f4       0x90 ./Core/Src/stm32f4xx_hal_msp.o
                0x080019f4                HAL_I2C_MspInit
 .text.HAL_SPI_MspInit
                0x08001a84       0xfc ./Core/Src/stm32f4xx_hal_msp.o
                0x08001a84                HAL_SPI_MspInit
 .text.HAL_SPI_MspDeInit
                0x08001b80       0x64 ./Core/Src/stm32f4xx_hal_msp.o
                0x08001b80                HAL_SPI_MspDeInit
 .text.NMI_Handler
                0x08001be4        0x8 ./Core/Src/stm32f4xx_it.o
                0x08001be4                NMI_Handler
 .text.HardFault_Handler
                0x08001bec        0x8 ./Core/Src/stm32f4xx_it.o
                0x08001bec                HardFault_Handler
 .text.MemManage_Handler
                0x08001bf4        0x8 ./Core/Src/stm32f4xx_it.o
                0x08001bf4                MemManage_Handler
 .text.BusFault_Handler
                0x08001bfc        0x8 ./Core/Src/stm32f4xx_it.o
                0x08001bfc                BusFault_Handler
 .text.UsageFault_Handler
                0x08001c04        0x8 ./Core/Src/stm32f4xx_it.o
                0x08001c04                UsageFault_Handler
 .text.SVC_Handler
                0x08001c0c        0xe ./Core/Src/stm32f4xx_it.o
                0x08001c0c                SVC_Handler
 .text.DebugMon_Handler
                0x08001c1a        0xe ./Core/Src/stm32f4xx_it.o
                0x08001c1a                DebugMon_Handler
 .text.PendSV_Handler
                0x08001c28        0xe ./Core/Src/stm32f4xx_it.o
                0x08001c28                PendSV_Handler
 .text.SysTick_Handler
                0x08001c36        0xc ./Core/Src/stm32f4xx_it.o
                0x08001c36                SysTick_Handler
 *fill*         0x08001c42        0x2 
 .text.SystemInit
                0x08001c44       0x24 ./Core/Src/system_stm32f4xx.o
                0x08001c44                SystemInit
 .text.disk_initialize
                0x08001c68       0x26 ./Core/Src/sd_card/diskio/diskio.o
                0x08001c68                disk_initialize
 .text.disk_status
                0x08001c8e       0x18 ./Core/Src/sd_card/diskio/diskio.o
                0x08001c8e                disk_status
 .text.disk_read
                0x08001ca6       0x4c ./Core/Src/sd_card/diskio/diskio.o
                0x08001ca6                disk_read
 .text.disk_write
                0x08001cf2       0x4c ./Core/Src/sd_card/diskio/diskio.o
                0x08001cf2                disk_write
 .text.disk_ioctl
                0x08001d3e       0x4c ./Core/Src/sd_card/diskio/diskio.o
                0x08001d3e                disk_ioctl
 *fill*         0x08001d8a        0x2 
 .text.fs_list_root
                0x08001d8c       0xa0 ./Core/Src/sd_card/sd_fs/sd_fs.o
                0x08001d8c                fs_list_root
 .text.read_file
                0x08001e2c       0xb4 ./Core/Src/sd_card/sd_fs/sd_fs.o
                0x08001e2c                read_file
 .text.spi_txrx
                0x08001ee0       0x2c ./Core/Src/sd_card/sd_spi/sd_spi.o
 .text.spi_txrx_massive
                0x08001f0c       0x2c ./Core/Src/sd_card/sd_spi/sd_spi.o
                0x08001f0c                spi_txrx_massive
 .text.spi_dummy_clocks
                0x08001f38       0x38 ./Core/Src/sd_card/sd_spi/sd_spi.o
 .text.sd_cmd   0x08001f70       0x9c ./Core/Src/sd_card/sd_spi/sd_spi.o
 .text.sd_startup
                0x0800200c       0x80 ./Core/Src/sd_card/sd_spi/sd_spi.o
                0x0800200c                sd_startup
 .text.sd_read_block
                0x0800208c       0xac ./Core/Src/sd_card/sd_spi/sd_spi.o
                0x0800208c                sd_read_block
 .text.sd_write_block
                0x08002138       0xb8 ./Core/Src/sd_card/sd_spi/sd_spi.o
                0x08002138                sd_write_block
 .text.sd_read_ocr
                0x080021f0       0x74 ./Core/Src/sd_card/sd_spi/sd_spi.o
                0x080021f0                sd_read_ocr
 .text.Reset_Handler
                0x08002264       0x50 ./Core/Startup/startup_stm32f411ceux.o
                0x08002264                Reset_Handler
 .text.Default_Handler
                0x080022b4        0x2 ./Core/Startup/startup_stm32f411ceux.o
                0x080022b4                RTC_Alarm_IRQHandler
                0x080022b4                EXTI2_IRQHandler
                0x080022b4                SPI4_IRQHandler
                0x080022b4                TIM1_CC_IRQHandler
                0x080022b4                DMA2_Stream5_IRQHandler
                0x080022b4                DMA1_Stream5_IRQHandler
                0x080022b4                PVD_IRQHandler
                0x080022b4                SDIO_IRQHandler
                0x080022b4                TAMP_STAMP_IRQHandler
                0x080022b4                EXTI3_IRQHandler
                0x080022b4                TIM1_UP_TIM10_IRQHandler
                0x080022b4                I2C3_ER_IRQHandler
                0x080022b4                EXTI0_IRQHandler
                0x080022b4                I2C2_EV_IRQHandler
                0x080022b4                DMA1_Stream2_IRQHandler
                0x080022b4                FPU_IRQHandler
                0x080022b4                DMA2_Stream2_IRQHandler
                0x080022b4                SPI1_IRQHandler
                0x080022b4                TIM1_BRK_TIM9_IRQHandler
                0x080022b4                DMA2_Stream3_IRQHandler
                0x080022b4                USART6_IRQHandler
                0x080022b4                DMA2_Stream0_IRQHandler
                0x080022b4                TIM4_IRQHandler
                0x080022b4                I2C1_EV_IRQHandler
                0x080022b4                DMA1_Stream6_IRQHandler
                0x080022b4                DMA1_Stream1_IRQHandler
                0x080022b4                TIM3_IRQHandler
                0x080022b4                RCC_IRQHandler
                0x080022b4                Default_Handler
                0x080022b4                EXTI15_10_IRQHandler
                0x080022b4                ADC_IRQHandler
                0x080022b4                DMA1_Stream7_IRQHandler
                0x080022b4                SPI5_IRQHandler
                0x080022b4                TIM5_IRQHandler
                0x080022b4                DMA2_Stream7_IRQHandler
                0x080022b4                I2C3_EV_IRQHandler
                0x080022b4                EXTI9_5_IRQHandler
                0x080022b4                RTC_WKUP_IRQHandler
                0x080022b4                SPI2_IRQHandler
                0x080022b4                DMA1_Stream0_IRQHandler
                0x080022b4                EXTI4_IRQHandler
                0x080022b4                WWDG_IRQHandler
                0x080022b4                TIM2_IRQHandler
                0x080022b4                OTG_FS_WKUP_IRQHandler
                0x080022b4                TIM1_TRG_COM_TIM11_IRQHandler
                0x080022b4                EXTI1_IRQHandler
                0x080022b4                USART2_IRQHandler
                0x080022b4                I2C2_ER_IRQHandler
                0x080022b4                DMA2_Stream1_IRQHandler
                0x080022b4                FLASH_IRQHandler
                0x080022b4                DMA2_Stream4_IRQHandler
                0x080022b4                USART1_IRQHandler
                0x080022b4                OTG_FS_IRQHandler
                0x080022b4                SPI3_IRQHandler
                0x080022b4                DMA1_Stream4_IRQHandler
                0x080022b4                I2C1_ER_IRQHandler
                0x080022b4                DMA2_Stream6_IRQHandler
                0x080022b4                DMA1_Stream3_IRQHandler
 *fill*         0x080022b6        0x2 
 .text.HAL_Init
                0x080022b8       0x44 ./Drivers/STM32F4xx_HAL_Driver/Src/stm32f4xx_hal.o
                0x080022b8                HAL_Init
 .text.HAL_InitTick
                0x080022fc       0x60 ./Drivers/STM32F4xx_HAL_Driver/Src/stm32f4xx_hal.o
                0x080022fc                HAL_InitTick
 .text.HAL_IncTick
                0x0800235c       0x28 ./Drivers/STM32F4xx_HAL_Driver/Src/stm32f4xx_hal.o
                0x0800235c                HAL_IncTick
 .text.HAL_GetTick
                0x08002384       0x18 ./Drivers/STM32F4xx_HAL_Driver/Src/stm32f4xx_hal.o
                0x08002384                HAL_GetTick
 .text.HAL_Delay
                0x0800239c       0x48 ./Drivers/STM32F4xx_HAL_Driver/Src/stm32f4xx_hal.o
                0x0800239c                HAL_Delay
 .text.__NVIC_SetPriorityGrouping
                0x080023e4       0x48 ./Drivers/STM32F4xx_HAL_Driver/Src/stm32f4xx_hal_cortex.o
 .text.__NVIC_GetPriorityGrouping
                0x0800242c       0x1c ./Drivers/STM32F4xx_HAL_Driver/Src/stm32f4xx_hal_cortex.o
 .text.__NVIC_SetPriority
                0x08002448       0x54 ./Drivers/STM32F4xx_HAL_Driver/Src/stm32f4xx_hal_cortex.o
 .text.NVIC_EncodePriority
                0x0800249c       0x66 ./Drivers/STM32F4xx_HAL_Driver/Src/stm32f4xx_hal_cortex.o
 *fill*         0x08002502        0x2 
 .text.SysTick_Config
                0x08002504       0x44 ./Drivers/STM32F4xx_HAL_Driver/Src/stm32f4xx_hal_cortex.o
 .text.HAL_NVIC_SetPriorityGrouping
                0x08002548       0x16 ./Drivers/STM32F4xx_HAL_Driver/Src/stm32f4xx_hal_cortex.o
                0x08002548                HAL_NVIC_SetPriorityGrouping
 .text.HAL_NVIC_SetPriority
                0x0800255e       0x38 ./Drivers/STM32F4xx_HAL_Driver/Src/stm32f4xx_hal_cortex.o
                0x0800255e                HAL_NVIC_SetPriority
 .text.HAL_SYSTICK_Config
                0x08002596       0x18 ./Drivers/STM32F4xx_HAL_Driver/Src/stm32f4xx_hal_cortex.o
                0x08002596                HAL_SYSTICK_Config
 *fill*         0x080025ae        0x2 
 .text.HAL_GPIO_Init
                0x080025b0      0x308 ./Drivers/STM32F4xx_HAL_Driver/Src/stm32f4xx_hal_gpio.o
                0x080025b0                HAL_GPIO_Init
 .text.HAL_GPIO_DeInit
                0x080028b8      0x1c8 ./Drivers/STM32F4xx_HAL_Driver/Src/stm32f4xx_hal_gpio.o
                0x080028b8                HAL_GPIO_DeInit
 .text.HAL_GPIO_WritePin
                0x08002a80       0x32 ./Drivers/STM32F4xx_HAL_Driver/Src/stm32f4xx_hal_gpio.o
                0x08002a80                HAL_GPIO_WritePin
 .text.HAL_GPIO_TogglePin
                0x08002ab2       0x34 ./Drivers/STM32F4xx_HAL_Driver/Src/stm32f4xx_hal_gpio.o
                0x08002ab2                HAL_GPIO_TogglePin
 *fill*         0x08002ae6        0x2 
 .text.HAL_I2C_Init
                0x08002ae8      0x288 ./Drivers/STM32F4xx_HAL_Driver/Src/stm32f4xx_hal_i2c.o
                0x08002ae8                HAL_I2C_Init
 .text.HAL_I2C_Master_Transmit
                0x08002d70      0x1fc ./Drivers/STM32F4xx_HAL_Driver/Src/stm32f4xx_hal_i2c.o
                0x08002d70                HAL_I2C_Master_Transmit
 .text.I2C_MasterRequestWrite
                0x08002f6c      0x104 ./Drivers/STM32F4xx_HAL_Driver/Src/stm32f4xx_hal_i2c.o
 .text.I2C_WaitOnFlagUntilTimeout
                0x08003070       0xf4 ./Drivers/STM32F4xx_HAL_Driver/Src/stm32f4xx_hal_i2c.o
 .text.I2C_WaitOnMasterAddressFlagUntilTimeout
                0x08003164      0x140 ./Drivers/STM32F4xx_HAL_Driver/Src/stm32f4xx_hal_i2c.o
 .text.I2C_WaitOnTXEFlagUntilTimeout
                0x080032a4       0x90 ./Drivers/STM32F4xx_HAL_Driver/Src/stm32f4xx_hal_i2c.o
 .text.I2C_WaitOnBTFFlagUntilTimeout
                0x08003334       0x90 ./Drivers/STM32F4xx_HAL_Driver/Src/stm32f4xx_hal_i2c.o
 .text.I2C_IsAcknowledgeFailed
                0x080033c4       0x5e ./Drivers/STM32F4xx_HAL_Driver/Src/stm32f4xx_hal_i2c.o
 *fill*         0x08003422        0x2 
 .text.HAL_RCC_OscConfig
                0x08003424      0x4f0 ./Drivers/STM32F4xx_HAL_Driver/Src/stm32f4xx_hal_rcc.o
                0x08003424                HAL_RCC_OscConfig
 .text.HAL_RCC_ClockConfig
                0x08003914      0x1cc ./Drivers/STM32F4xx_HAL_Driver/Src/stm32f4xx_hal_rcc.o
                0x08003914                HAL_RCC_ClockConfig
 .text.HAL_RCC_GetSysClockFreq
                0x08003ae0      0x18c ./Drivers/STM32F4xx_HAL_Driver/Src/stm32f4xx_hal_rcc.o
                0x08003ae0                HAL_RCC_GetSysClockFreq
 .text.HAL_RCC_GetHCLKFreq
                0x08003c6c       0x18 ./Drivers/STM32F4xx_HAL_Driver/Src/stm32f4xx_hal_rcc.o
                0x08003c6c                HAL_RCC_GetHCLKFreq
 .text.HAL_RCC_GetPCLK1Freq
                0x08003c84       0x28 ./Drivers/STM32F4xx_HAL_Driver/Src/stm32f4xx_hal_rcc.o
                0x08003c84                HAL_RCC_GetPCLK1Freq
 .text.HAL_SPI_Init
                0x08003cac      0x112 ./Drivers/STM32F4xx_HAL_Driver/Src/stm32f4xx_hal_spi.o
                0x08003cac                HAL_SPI_Init
 .text.HAL_SPI_DeInit
                0x08003dbe       0x50 ./Drivers/STM32F4xx_HAL_Driver/Src/stm32f4xx_hal_spi.o
                0x08003dbe                HAL_SPI_DeInit
 .text.HAL_SPI_Transmit
                0x08003e0e      0x288 ./Drivers/STM32F4xx_HAL_Driver/Src/stm32f4xx_hal_spi.o
                0x08003e0e                HAL_SPI_Transmit
 .text.HAL_SPI_TransmitReceive
                0x08004096      0x352 ./Drivers/STM32F4xx_HAL_Driver/Src/stm32f4xx_hal_spi.o
                0x08004096                HAL_SPI_TransmitReceive
 .text.SPI_WaitFlagStateUntilTimeout
                0x080043e8      0x110 ./Drivers/STM32F4xx_HAL_Driver/Src/stm32f4xx_hal_spi.o
 .text.SPI_EndRxTxTransaction
                0x080044f8       0xa8 ./Drivers/STM32F4xx_HAL_Driver/Src/stm32f4xx_hal_spi.o
 .text.MX_FATFS_Init
                0x080045a0       0x24 ./FATFS/App/fatfs.o
                0x080045a0                MX_FATFS_Init
 .text.get_fattime
                0x080045c4       0x10 ./FATFS/App/fatfs.o
                0x080045c4                get_fattime
 .text.USER_initialize
                0x080045d4       0x28 ./FATFS/Target/user_diskio.o
                0x080045d4                USER_initialize
 .text.USER_status
                0x080045fc       0x28 ./FATFS/Target/user_diskio.o
                0x080045fc                USER_status
 .text.USER_read
                0x08004624       0x1e ./FATFS/Target/user_diskio.o
                0x08004624                USER_read
 .text.USER_write
                0x08004642       0x1e ./FATFS/Target/user_diskio.o
                0x08004642                USER_write
 .text.USER_ioctl
                0x08004660       0x22 ./FATFS/Target/user_diskio.o
                0x08004660                USER_ioctl
 .text.ld_word  0x08004682       0x32 ./Middlewares/Third_Party/FatFs/src/ff.o
 .text.ld_dword
                0x080046b4       0x46 ./Middlewares/Third_Party/FatFs/src/ff.o
 .text.st_word  0x080046fa       0x36 ./Middlewares/Third_Party/FatFs/src/ff.o
 .text.st_dword
                0x08004730       0x58 ./Middlewares/Third_Party/FatFs/src/ff.o
 .text.mem_cpy  0x08004788       0x42 ./Middlewares/Third_Party/FatFs/src/ff.o
 .text.mem_set  0x080047ca       0x36 ./Middlewares/Third_Party/FatFs/src/ff.o
 .text.mem_cmp  0x08004800       0x4e ./Middlewares/Third_Party/FatFs/src/ff.o
 .text.chk_chr  0x0800484e       0x36 ./Middlewares/Third_Party/FatFs/src/ff.o
 .text.chk_lock
                0x08004884       0xb8 ./Middlewares/Third_Party/FatFs/src/ff.o
 .text.enq_lock
                0x0800493c       0x44 ./Middlewares/Third_Party/FatFs/src/ff.o
 .text.inc_lock
                0x08004980      0x11c ./Middlewares/Third_Party/FatFs/src/ff.o
 .text.dec_lock
                0x08004a9c       0x78 ./Middlewares/Third_Party/FatFs/src/ff.o
 .text.clear_lock
                0x08004b14       0x48 ./Middlewares/Third_Party/FatFs/src/ff.o
 .text.sync_window
                0x08004b5c       0x88 ./Middlewares/Third_Party/FatFs/src/ff.o
 .text.move_window
                0x08004be4       0x5a ./Middlewares/Third_Party/FatFs/src/ff.o
 *fill*         0x08004c3e        0x2 
 .text.sync_fs  0x08004c40       0xdc ./Middlewares/Third_Party/FatFs/src/ff.o
 .text.clust2sect
                0x08004d1c       0x3e ./Middlewares/Third_Party/FatFs/src/ff.o
 .text.get_fat  0x08004d5a      0x14e ./Middlewares/Third_Party/FatFs/src/ff.o
 .text.put_fat  0x08004ea8      0x1d4 ./Middlewares/Third_Party/FatFs/src/ff.o
 .text.remove_chain
                0x0800507c       0xca ./Middlewares/Third_Party/FatFs/src/ff.o
 .text.create_chain
                0x08005146      0x130 ./Middlewares/Third_Party/FatFs/src/ff.o
 .text.clmt_clust
                0x08005276       0x68 ./Middlewares/Third_Party/FatFs/src/ff.o
 .text.dir_sdi  0x080052de       0xf6 ./Middlewares/Third_Party/FatFs/src/ff.o
 .text.dir_next
                0x080053d4      0x18a ./Middlewares/Third_Party/FatFs/src/ff.o
 .text.dir_alloc
                0x0800555e       0x8e ./Middlewares/Third_Party/FatFs/src/ff.o
 .text.ld_clust
                0x080055ec       0x3e ./Middlewares/Third_Party/FatFs/src/ff.o
 .text.st_clust
                0x0800562a       0x40 ./Middlewares/Third_Party/FatFs/src/ff.o
 .text.dir_read
                0x0800566a       0xba ./Middlewares/Third_Party/FatFs/src/ff.o
 .text.dir_find
                0x08005724       0xaa ./Middlewares/Third_Party/FatFs/src/ff.o
 .text.dir_register
                0x080057ce       0x64 ./Middlewares/Third_Party/FatFs/src/ff.o
 .text.get_fileinfo
                0x08005832       0xc0 ./Middlewares/Third_Party/FatFs/src/ff.o
 *fill*         0x080058f2        0x2 
 .text.create_name
                0x080058f4      0x128 ./Middlewares/Third_Party/FatFs/src/ff.o
 .text.follow_path
                0x08005a1c       0xe2 ./Middlewares/Third_Party/FatFs/src/ff.o
 .text.get_ldnumber
                0x08005afe       0x88 ./Middlewares/Third_Party/FatFs/src/ff.o
 *fill*         0x08005b86        0x2 
 .text.check_fs
                0x08005b88       0xac ./Middlewares/Third_Party/FatFs/src/ff.o
 .text.find_volume
                0x08005c34      0x498 ./Middlewares/Third_Party/FatFs/src/ff.o
 .text.validate
                0x080060cc       0x6a ./Middlewares/Third_Party/FatFs/src/ff.o
 *fill*         0x08006136        0x2 
 .text.f_mount  0x08006138       0x8c ./Middlewares/Third_Party/FatFs/src/ff.o
                0x08006138                f_mount
 .text.f_open   0x080061c4      0x374 ./Middlewares/Third_Party/FatFs/src/ff.o
                0x080061c4                f_open
 .text.f_read   0x08006538      0x27e ./Middlewares/Third_Party/FatFs/src/ff.o
                0x08006538                f_read
 .text.f_sync   0x080067b6       0xfc ./Middlewares/Third_Party/FatFs/src/ff.o
                0x080067b6                f_sync
 .text.f_close  0x080068b2       0x54 ./Middlewares/Third_Party/FatFs/src/ff.o
                0x080068b2                f_close
 .text.f_opendir
                0x08006906       0xe6 ./Middlewares/Third_Party/FatFs/src/ff.o
                0x08006906                f_opendir
 .text.f_closedir
                0x080069ec       0x4c ./Middlewares/Third_Party/FatFs/src/ff.o
                0x080069ec                f_closedir
 .text.f_readdir
                0x08006a38       0x7a ./Middlewares/Third_Party/FatFs/src/ff.o
                0x08006a38                f_readdir
 *fill*         0x08006ab2        0x2 
 .text.FATFS_LinkDriverEx
                0x08006ab4       0x98 ./Middlewares/Third_Party/FatFs/src/ff_gen_drv.o
                0x08006ab4                FATFS_LinkDriverEx
 .text.FATFS_LinkDriver
                0x08006b4c       0x1e ./Middlewares/Third_Party/FatFs/src/ff_gen_drv.o
                0x08006b4c                FATFS_LinkDriver
 .text.memset   0x08006b6a       0x10 E:/progs/STM32/CUBEIde/STM32CubeIDE_1.19.0/STM32CubeIDE/plugins/com.st.stm32cube.ide.mcu.externaltools.gnu-tools-for-stm32.13.3.rel1.win32_1.0.0.202411081344/tools/bin/../lib/gcc/arm-none-eabi/13.3.1/../../../../arm-none-eabi/lib/thumb/v7e-m+fp/hard\libc_nano.a(libc_a-memset.o)
                0x08006b6a                memset
 *fill*         0x08006b7a        0x2 
 .text.__libc_init_array
                0x08006b7c       0x48 E:/progs/STM32/CUBEIde/STM32CubeIDE_1.19.0/STM32CubeIDE/plugins/com.st.stm32cube.ide.mcu.externaltools.gnu-tools-for-stm32.13.3.rel1.win32_1.0.0.202411081344/tools/bin/../lib/gcc/arm-none-eabi/13.3.1/../../../../arm-none-eabi/lib/thumb/v7e-m+fp/hard\libc_nano.a(libc_a-init.o)
                0x08006b7c                __libc_init_array
 .text.memcpy   0x08006bc4       0x1c E:/progs/STM32/CUBEIde/STM32CubeIDE_1.19.0/STM32CubeIDE/plugins/com.st.stm32cube.ide.mcu.externaltools.gnu-tools-for-stm32.13.3.rel1.win32_1.0.0.202411081344/tools/bin/../lib/gcc/arm-none-eabi/13.3.1/../../../../arm-none-eabi/lib/thumb/v7e-m+fp/hard\libc_nano.a(libc_a-memcpy-stub.o)
                0x08006bc4                memcpy
 *(.glue_7)
 .glue_7        0x08006be0        0x0 linker stubs
 *(.glue_7t)
 .glue_7t       0x08006be0        0x0 linker stubs
 *(.eh_frame)
 .eh_frame      0x08006be0        0x0 E:/progs/STM32/CUBEIde/STM32CubeIDE_1.19.0/STM32CubeIDE/plugins/com.st.stm32cube.ide.mcu.externaltools.gnu-tools-for-stm32.13.3.rel1.win32_1.0.0.202411081344/tools/bin/../lib/gcc/arm-none-eabi/13.3.1/thumb/v7e-m+fp/hard/crtbegin.o
 *(.init)
 .init          0x08006be0        0x4 E:/progs/STM32/CUBEIde/STM32CubeIDE_1.19.0/STM32CubeIDE/plugins/com.st.stm32cube.ide.mcu.externaltools.gnu-tools-for-stm32.13.3.rel1.win32_1.0.0.202411081344/tools/bin/../lib/gcc/arm-none-eabi/13.3.1/thumb/v7e-m+fp/hard/crti.o
                0x08006be0                _init
 .init          0x08006be4        0x8 E:/progs/STM32/CUBEIde/STM32CubeIDE_1.19.0/STM32CubeIDE/plugins/com.st.stm32cube.ide.mcu.externaltools.gnu-tools-for-stm32.13.3.rel1.win32_1.0.0.202411081344/tools/bin/../lib/gcc/arm-none-eabi/13.3.1/thumb/v7e-m+fp/hard/crtn.o
 *(.fini)
 .fini          0x08006bec        0x4 E:/progs/STM32/CUBEIde/STM32CubeIDE_1.19.0/STM32CubeIDE/plugins/com.st.stm32cube.ide.mcu.externaltools.gnu-tools-for-stm32.13.3.rel1.win32_1.0.0.202411081344/tools/bin/../lib/gcc/arm-none-eabi/13.3.1/thumb/v7e-m+fp/hard/crti.o
                0x08006bec                _fini
 .fini          0x08006bf0        0x8 E:/progs/STM32/CUBEIde/STM32CubeIDE_1.19.0/STM32CubeIDE/plugins/com.st.stm32cube.ide.mcu.externaltools.gnu-tools-for-stm32.13.3.rel1.win32_1.0.0.202411081344/tools/bin/../lib/gcc/arm-none-eabi/13.3.1/thumb/v7e-m+fp/hard/crtn.o
                0x08006bf8                        . = ALIGN (0x4)
                0x08006bf8                        _etext = .

.vfp11_veneer   0x08006bf8        0x0
 .vfp11_veneer  0x08006bf8        0x0 linker stubs

.v4_bx          0x08006bf8        0x0
 .v4_bx         0x08006bf8        0x0 linker stubs

.iplt           0x08006bf8        0x0
 .iplt          0x08006bf8        0x0 E:/progs/STM32/CUBEIde/STM32CubeIDE_1.19.0/STM32CubeIDE/plugins/com.st.stm32cube.ide.mcu.externaltools.gnu-tools-for-stm32.13.3.rel1.win32_1.0.0.202411081344/tools/bin/../lib/gcc/arm-none-eabi/13.3.1/thumb/v7e-m+fp/hard/crtbegin.o

.rodata         0x08006bf8      0x3c8
                0x08006bf8                        . = ALIGN (0x4)
 *(.rodata)
 .rodata        0x08006bf8        0x9 ./Core/Src/Segger/SEGGER_RTT.o
 *fill*         0x08006c01        0x3 
 .rodata        0x08006c04        0x7 ./Core/Src/Segger/SEGGER_RTT_printf.o
 *fill*         0x08006c0b        0x1 
 .rodata        0x08006c0c        0xe ./Core/Src/font/font.o
 *fill*         0x08006c1a        0x2 
 .rodata        0x08006c1c       0x2a ./Core/Src/main.o
 *fill*         0x08006c46        0x2 
 .rodata        0x08006c48       0x95 ./Core/Src/sd_card/sd_fs/sd_fs.o
 *fill*         0x08006cdd        0x3 
 .rodata        0x08006ce0       0x44 ./Middlewares/Third_Party/FatFs/src/ff.o
 *(.rodata*)
 .rodata._aInitStr.0
                0x08006d24       0x11 ./Core/Src/Segger/SEGGER_RTT.o
 *fill*         0x08006d35        0x3 
 .rodata._aV2C.0
                0x08006d38       0x10 ./Core/Src/Segger/SEGGER_RTT_printf.o
 .rodata.charArray
                0x08006d48      0x1e0 ./Core/Src/font/font.o
                0x08006d48                charArray
 .rodata.AHBPrescTable
                0x08006f28       0x10 ./Core/Src/system_stm32f4xx.o
                0x08006f28                AHBPrescTable
 .rodata.APBPrescTable
                0x08006f38        0x8 ./Core/Src/system_stm32f4xx.o
                0x08006f38                APBPrescTable
 .rodata.ExCvt  0x08006f40       0x80 ./Middlewares/Third_Party/FatFs/src/ff.o
                0x08006fc0                        . = ALIGN (0x4)

.ARM.extab      0x08006fc0        0x0
                0x08006fc0                        . = ALIGN (0x4)
 *(.ARM.extab* .gnu.linkonce.armextab.*)
                0x08006fc0                        . = ALIGN (0x4)

.ARM            0x08006fc0        0x8
                0x08006fc0                        . = ALIGN (0x4)
                0x08006fc0                        __exidx_start = .
 *(.ARM.exidx*)
 .ARM.exidx     0x08006fc0        0x8 E:/progs/STM32/CUBEIde/STM32CubeIDE_1.19.0/STM32CubeIDE/plugins/com.st.stm32cube.ide.mcu.externaltools.gnu-tools-for-stm32.13.3.rel1.win32_1.0.0.202411081344/tools/bin/../lib/gcc/arm-none-eabi/13.3.1/thumb/v7e-m+fp/hard\libgcc.a(_udivmoddi4.o)
                0x08006fc8                        __exidx_end = .
                0x08006fc8                        . = ALIGN (0x4)

.preinit_array  0x08006fc8        0x0
                0x08006fc8                        . = ALIGN (0x4)
                0x08006fc8                        PROVIDE (__preinit_array_start = .)
 *(.preinit_array*)
                0x08006fc8                        PROVIDE (__preinit_array_end = .)
                0x08006fc8                        . = ALIGN (0x4)

.init_array     0x08006fc8        0x4
                0x08006fc8                        . = ALIGN (0x4)
                0x08006fc8                        PROVIDE (__init_array_start = .)
 *(SORT_BY_NAME(.init_array.*))
 *(.init_array*)
 .init_array    0x08006fc8        0x4 E:/progs/STM32/CUBEIde/STM32CubeIDE_1.19.0/STM32CubeIDE/plugins/com.st.stm32cube.ide.mcu.externaltools.gnu-tools-for-stm32.13.3.rel1.win32_1.0.0.202411081344/tools/bin/../lib/gcc/arm-none-eabi/13.3.1/thumb/v7e-m+fp/hard/crtbegin.o
                0x08006fcc                        PROVIDE (__init_array_end = .)
                0x08006fcc                        . = ALIGN (0x4)

.fini_array     0x08006fcc        0x4
                0x08006fcc                        . = ALIGN (0x4)
                [!provide]                        PROVIDE (__fini_array_start = .)
 *(SORT_BY_NAME(.fini_array.*))
 *(.fini_array*)
 .fini_array    0x08006fcc        0x4 E:/progs/STM32/CUBEIde/STM32CubeIDE_1.19.0/STM32CubeIDE/plugins/com.st.stm32cube.ide.mcu.externaltools.gnu-tools-for-stm32.13.3.rel1.win32_1.0.0.202411081344/tools/bin/../lib/gcc/arm-none-eabi/13.3.1/thumb/v7e-m+fp/hard/crtbegin.o
                [!provide]                        PROVIDE (__fini_array_end = .)
                0x08006fd0                        . = ALIGN (0x4)
                0x08006fd0                        _sidata = LOADADDR (.data)

.rel.dyn        0x08006fd0        0x0
 .rel.iplt      0x08006fd0        0x0 E:/progs/STM32/CUBEIde/STM32CubeIDE_1.19.0/STM32CubeIDE/plugins/com.st.stm32cube.ide.mcu.externaltools.gnu-tools-for-stm32.13.3.rel1.win32_1.0.0.202411081344/tools/bin/../lib/gcc/arm-none-eabi/13.3.1/thumb/v7e-m+fp/hard/crtbegin.o

.data           0x20000000       0x20 load address 0x08006fd0
                0x20000000                        . = ALIGN (0x4)
                0x20000000                        _sdata = .
 *(.data)
 *(.data*)
 .data.SystemCoreClock
                0x20000000        0x4 ./Core/Src/system_stm32f4xx.o
                0x20000000                SystemCoreClock
 .data.uwTickPrio
                0x20000004        0x4 ./Drivers/STM32F4xx_HAL_Driver/Src/stm32f4xx_hal.o
                0x20000004                uwTickPrio
 .data.uwTickFreq
                0x20000008        0x1 ./Drivers/STM32F4xx_HAL_Driver/Src/stm32f4xx_hal.o
                0x20000008                uwTickFreq
 .data.Stat     0x20000009        0x1 ./FATFS/Target/user_diskio.o
 *fill*         0x2000000a        0x2 
 .data.USER_Driver
                0x2000000c       0x14 ./FATFS/Target/user_diskio.o
                0x2000000c                USER_Driver
 *(.RamFunc)
 *(.RamFunc*)
                0x20000020                        . = ALIGN (0x4)
                0x20000020                        _edata = .

.igot.plt       0x20000020        0x0 load address 0x08006ff0
 .igot.plt      0x20000020        0x0 E:/progs/STM32/CUBEIde/STM32CubeIDE_1.19.0/STM32CubeIDE/plugins/com.st.stm32cube.ide.mcu.externaltools.gnu-tools-for-stm32.13.3.rel1.win32_1.0.0.202411081344/tools/bin/../lib/gcc/arm-none-eabi/13.3.1/thumb/v7e-m+fp/hard/crtbegin.o
                0x20000020                        . = ALIGN (0x4)

.bss            0x20000020     0x6858 load address 0x08006ff0
                0x20000020                        _sbss = .
                0x20000020                        __bss_start__ = _sbss
 *(.bss)
 .bss           0x20000020       0x1c E:/progs/STM32/CUBEIde/STM32CubeIDE_1.19.0/STM32CubeIDE/plugins/com.st.stm32cube.ide.mcu.externaltools.gnu-tools-for-stm32.13.3.rel1.win32_1.0.0.202411081344/tools/bin/../lib/gcc/arm-none-eabi/13.3.1/thumb/v7e-m+fp/hard/crtbegin.o
 *(.bss*)
 .bss._SEGGER_RTT
                0x2000003c       0xa8 ./Core/Src/Segger/SEGGER_RTT.o
                0x2000003c                _SEGGER_RTT
 .bss._acUpBuffer
                0x200000e4      0x400 ./Core/Src/Segger/SEGGER_RTT.o
 .bss._acDownBuffer
                0x200004e4       0x10 ./Core/Src/Segger/SEGGER_RTT.o
 .bss.hi2c1     0x200004f4       0x54 ./Core/Src/main.o
                0x200004f4                hi2c1
 .bss.hspi1     0x20000548       0x58 ./Core/Src/main.o
                0x20000548                hspi1
 .bss.hspi2     0x200005a0       0x58 ./Core/Src/main.o
                0x200005a0                hspi2
 .bss.isPartOfImageSent
                0x200005f8        0x1 ./Core/Src/main.o
                0x200005f8                isPartOfImageSent
 .bss.iteration
                0x200005f9        0x1 ./Core/Src/main.o
                0x200005f9                iteration
 *fill*         0x200005fa        0x2 
 .bss.arrayWithText
                0x200005fc     0x5dc0 ./Core/Src/main.o
                0x200005fc                arrayWithText
 .bss.fs        0x200063bc      0x230 ./Core/Src/sd_card/sd_fs/sd_fs.o
                0x200063bc                fs
 .bss.dir       0x200065ec       0x30 ./Core/Src/sd_card/sd_fs/sd_fs.o
                0x200065ec                dir
 .bss.fno       0x2000661c       0x18 ./Core/Src/sd_card/sd_fs/sd_fs.o
                0x2000661c                fno
 .bss.is_sdhc   0x20006634        0x1 ./Core/Src/sd_card/sd_spi/sd_spi.o
 *fill*         0x20006635        0x3 
 .bss.dummy_buffer
                0x20006638      0x200 ./Core/Src/sd_card/sd_spi/sd_spi.o
 .bss.uwTick    0x20006838        0x4 ./Drivers/STM32F4xx_HAL_Driver/Src/stm32f4xx_hal.o
                0x20006838                uwTick
 .bss.retUSER   0x2000683c        0x1 ./FATFS/App/fatfs.o
                0x2000683c                retUSER
 *fill*         0x2000683d        0x3 
 .bss.USERPath  0x20006840        0x4 ./FATFS/App/fatfs.o
                0x20006840                USERPath
 .bss.FatFs     0x20006844        0x4 ./Middlewares/Third_Party/FatFs/src/ff.o
 .bss.Fsid      0x20006848        0x2 ./Middlewares/Third_Party/FatFs/src/ff.o
 *fill*         0x2000684a        0x2 
 .bss.Files     0x2000684c       0x20 ./Middlewares/Third_Party/FatFs/src/ff.o
 .bss.disk      0x2000686c        0xc ./Middlewares/Third_Party/FatFs/src/ff_gen_drv.o
                0x2000686c                disk
 *(COMMON)
                0x20006878                        . = ALIGN (0x4)
                0x20006878                        _ebss = .
                0x20006878                        __bss_end__ = _ebss

._user_heap_stack
                0x20006878      0x600 load address 0x08006ff0
                0x20006878                        . = ALIGN (0x8)
                [!provide]                        PROVIDE (end = .)
                0x20006878                        PROVIDE (_end = .)
                0x20006a78                        . = (. + _Min_Heap_Size)
 *fill*         0x20006878      0x200 
                0x20006e78                        . = (. + _Min_Stack_Size)
 *fill*         0x20006a78      0x400 
                0x20006e78                        . = ALIGN (0x8)

/DISCARD/
 libc.a(*)
 libm.a(*)
 libgcc.a(*)

.ARM.attributes
                0x00000000       0x30
 *(.ARM.attributes)
 .ARM.attributes
                0x00000000       0x22 E:/progs/STM32/CUBEIde/STM32CubeIDE_1.19.0/STM32CubeIDE/plugins/com.st.stm32cube.ide.mcu.externaltools.gnu-tools-for-stm32.13.3.rel1.win32_1.0.0.202411081344/tools/bin/../lib/gcc/arm-none-eabi/13.3.1/thumb/v7e-m+fp/hard/crti.o
 .ARM.attributes
                0x00000022       0x34 E:/progs/STM32/CUBEIde/STM32CubeIDE_1.19.0/STM32CubeIDE/plugins/com.st.stm32cube.ide.mcu.externaltools.gnu-tools-for-stm32.13.3.rel1.win32_1.0.0.202411081344/tools/bin/../lib/gcc/arm-none-eabi/13.3.1/thumb/v7e-m+fp/hard/crtbegin.o
 .ARM.attributes
                0x00000056       0x34 ./Core/Src/RDA_lib/RDA.o
 .ARM.attributes
                0x0000008a       0x34 ./Core/Src/Segger/SEGGER_RTT.o
 .ARM.attributes
                0x000000be       0x34 ./Core/Src/Segger/SEGGER_RTT_printf.o
 .ARM.attributes
                0x000000f2       0x34 ./Core/Src/display/DISPLAY.o
 .ARM.attributes
                0x00000126       0x34 ./Core/Src/font/font.o
 .ARM.attributes
                0x0000015a       0x34 ./Core/Src/main.o
 .ARM.attributes
                0x0000018e       0x34 ./Core/Src/stm32f4xx_hal_msp.o
 .ARM.attributes
                0x000001c2       0x34 ./Core/Src/stm32f4xx_it.o
 .ARM.attributes
                0x000001f6       0x34 ./Core/Src/system_stm32f4xx.o
 .ARM.attributes
                0x0000022a       0x34 ./Core/Src/sd_card/diskio/diskio.o
 .ARM.attributes
                0x0000025e       0x34 ./Core/Src/sd_card/sd_fs/sd_fs.o
 .ARM.attributes
                0x00000292       0x34 ./Core/Src/sd_card/sd_spi/sd_spi.o
 .ARM.attributes
                0x000002c6       0x21 ./Core/Startup/startup_stm32f411ceux.o
 .ARM.attributes
                0x000002e7       0x34 ./Drivers/STM32F4xx_HAL_Driver/Src/stm32f4xx_hal.o
 .ARM.attributes
                0x0000031b       0x34 ./Drivers/STM32F4xx_HAL_Driver/Src/stm32f4xx_hal_cortex.o
 .ARM.attributes
                0x0000034f       0x34 ./Drivers/STM32F4xx_HAL_Driver/Src/stm32f4xx_hal_gpio.o
 .ARM.attributes
                0x00000383       0x34 ./Drivers/STM32F4xx_HAL_Driver/Src/stm32f4xx_hal_i2c.o
 .ARM.attributes
                0x000003b7       0x34 ./Drivers/STM32F4xx_HAL_Driver/Src/stm32f4xx_hal_rcc.o
 .ARM.attributes
                0x000003eb       0x34 ./Drivers/STM32F4xx_HAL_Driver/Src/stm32f4xx_hal_spi.o
 .ARM.attributes
                0x0000041f       0x34 ./FATFS/App/fatfs.o
 .ARM.attributes
                0x00000453       0x34 ./FATFS/Target/user_diskio.o
 .ARM.attributes
                0x00000487       0x34 ./Middlewares/Third_Party/FatFs/src/ff.o
 .ARM.attributes
                0x000004bb       0x34 ./Middlewares/Third_Party/FatFs/src/ff_gen_drv.o
 .ARM.attributes
                0x000004ef       0x34 E:/progs/STM32/CUBEIde/STM32CubeIDE_1.19.0/STM32CubeIDE/plugins/com.st.stm32cube.ide.mcu.externaltools.gnu-tools-for-stm32.13.3.rel1.win32_1.0.0.202411081344/tools/bin/../lib/gcc/arm-none-eabi/13.3.1/../../../../arm-none-eabi/lib/thumb/v7e-m+fp/hard\libc_nano.a(libc_a-memset.o)
 .ARM.attributes
                0x00000523       0x34 E:/progs/STM32/CUBEIde/STM32CubeIDE_1.19.0/STM32CubeIDE/plugins/com.st.stm32cube.ide.mcu.externaltools.gnu-tools-for-stm32.13.3.rel1.win32_1.0.0.202411081344/tools/bin/../lib/gcc/arm-none-eabi/13.3.1/../../../../arm-none-eabi/lib/thumb/v7e-m+fp/hard\libc_nano.a(libc_a-init.o)
 .ARM.attributes
                0x00000557       0x34 E:/progs/STM32/CUBEIde/STM32CubeIDE_1.19.0/STM32CubeIDE/plugins/com.st.stm32cube.ide.mcu.externaltools.gnu-tools-for-stm32.13.3.rel1.win32_1.0.0.202411081344/tools/bin/../lib/gcc/arm-none-eabi/13.3.1/../../../../arm-none-eabi/lib/thumb/v7e-m+fp/hard\libc_nano.a(libc_a-memcpy-stub.o)
 .ARM.attributes
                0x0000058b       0x22 E:/progs/STM32/CUBEIde/STM32CubeIDE_1.19.0/STM32CubeIDE/plugins/com.st.stm32cube.ide.mcu.externaltools.gnu-tools-for-stm32.13.3.rel1.win32_1.0.0.202411081344/tools/bin/../lib/gcc/arm-none-eabi/13.3.1/thumb/v7e-m+fp/hard\libgcc.a(_aeabi_uldivmod.o)
 .ARM.attributes
                0x000005ad       0x34 E:/progs/STM32/CUBEIde/STM32CubeIDE_1.19.0/STM32CubeIDE/plugins/com.st.stm32cube.ide.mcu.externaltools.gnu-tools-for-stm32.13.3.rel1.win32_1.0.0.202411081344/tools/bin/../lib/gcc/arm-none-eabi/13.3.1/thumb/v7e-m+fp/hard\libgcc.a(_udivmoddi4.o)
 .ARM.attributes
                0x000005e1       0x22 E:/progs/STM32/CUBEIde/STM32CubeIDE_1.19.0/STM32CubeIDE/plugins/com.st.stm32cube.ide.mcu.externaltools.gnu-tools-for-stm32.13.3.rel1.win32_1.0.0.202411081344/tools/bin/../lib/gcc/arm-none-eabi/13.3.1/thumb/v7e-m+fp/hard\libgcc.a(_dvmd_tls.o)
 .ARM.attributes
                0x00000603       0x22 E:/progs/STM32/CUBEIde/STM32CubeIDE_1.19.0/STM32CubeIDE/plugins/com.st.stm32cube.ide.mcu.externaltools.gnu-tools-for-stm32.13.3.rel1.win32_1.0.0.202411081344/tools/bin/../lib/gcc/arm-none-eabi/13.3.1/thumb/v7e-m+fp/hard/crtn.o
OUTPUT(SoundPunk.elf elf32-littlearm)
LOAD linker stubs
LOAD E:/progs/STM32/CUBEIde/STM32CubeIDE_1.19.0/STM32CubeIDE/plugins/com.st.stm32cube.ide.mcu.externaltools.gnu-tools-for-stm32.13.3.rel1.win32_1.0.0.202411081344/tools/bin/../lib/gcc/arm-none-eabi/13.3.1/../../../../arm-none-eabi/lib/thumb/v7e-m+fp/hard\libc.a
LOAD E:/progs/STM32/CUBEIde/STM32CubeIDE_1.19.0/STM32CubeIDE/plugins/com.st.stm32cube.ide.mcu.externaltools.gnu-tools-for-stm32.13.3.rel1.win32_1.0.0.202411081344/tools/bin/../lib/gcc/arm-none-eabi/13.3.1/../../../../arm-none-eabi/lib/thumb/v7e-m+fp/hard\libm.a
LOAD E:/progs/STM32/CUBEIde/STM32CubeIDE_1.19.0/STM32CubeIDE/plugins/com.st.stm32cube.ide.mcu.externaltools.gnu-tools-for-stm32.13.3.rel1.win32_1.0.0.202411081344/tools/bin/../lib/gcc/arm-none-eabi/13.3.1/thumb/v7e-m+fp/hard\libgcc.a

.debug_info     0x00000000     0xf018
 .debug_info    0x00000000      0x734 ./Core/Src/RDA_lib/RDA.o
 .debug_info    0x00000734     0x14d5 ./Core/Src/Segger/SEGGER_RTT.o
 .debug_info    0x00001c09      0x423 ./Core/Src/Segger/SEGGER_RTT_printf.o
 .debug_info    0x0000202c      0x8b1 ./Core/Src/display/DISPLAY.o
 .debug_info    0x000028dd      0x299 ./Core/Src/font/font.o
 .debug_info    0x00002b76     0x119a ./Core/Src/main.o
 .debug_info    0x00003d10      0xcab ./Core/Src/stm32f4xx_hal_msp.o
 .debug_info    0x000049bb      0x119 ./Core/Src/stm32f4xx_it.o
 .debug_info    0x00004ad4      0x53e ./Core/Src/system_stm32f4xx.o
 .debug_info    0x00005012      0x2f5 ./Core/Src/sd_card/diskio/diskio.o
 .debug_info    0x00005307      0x6f6 ./Core/Src/sd_card/sd_fs/sd_fs.o
 .debug_info    0x000059fd      0x97b ./Core/Src/sd_card/sd_spi/sd_spi.o
 .debug_info    0x00006378       0x30 ./Core/Startup/startup_stm32f411ceux.o
 .debug_info    0x000063a8      0x8c4 ./Drivers/STM32F4xx_HAL_Driver/Src/stm32f4xx_hal.o
 .debug_info    0x00006c6c      0xcfc ./Drivers/STM32F4xx_HAL_Driver/Src/stm32f4xx_hal_cortex.o
 .debug_info    0x00007968      0x6f9 ./Drivers/STM32F4xx_HAL_Driver/Src/stm32f4xx_hal_gpio.o
 .debug_info    0x00008061     0x2426 ./Drivers/STM32F4xx_HAL_Driver/Src/stm32f4xx_hal_i2c.o
 .debug_info    0x0000a487      0x904 ./Drivers/STM32F4xx_HAL_Driver/Src/stm32f4xx_hal_rcc.o
 .debug_info    0x0000ad8b     0x1530 ./Drivers/STM32F4xx_HAL_Driver/Src/stm32f4xx_hal_spi.o
 .debug_info    0x0000c2bb      0x4d9 ./FATFS/App/fatfs.o
 .debug_info    0x0000c794      0x328 ./FATFS/Target/user_diskio.o
 .debug_info    0x0000cabc     0x21dd ./Middlewares/Third_Party/FatFs/src/ff.o
 .debug_info    0x0000ec99      0x37f ./Middlewares/Third_Party/FatFs/src/ff_gen_drv.o

.debug_abbrev   0x00000000     0x2abb
 .debug_abbrev  0x00000000      0x1aa ./Core/Src/RDA_lib/RDA.o
 .debug_abbrev  0x000001aa      0x230 ./Core/Src/Segger/SEGGER_RTT.o
 .debug_abbrev  0x000003da      0x1bc ./Core/Src/Segger/SEGGER_RTT_printf.o
 .debug_abbrev  0x00000596      0x207 ./Core/Src/display/DISPLAY.o
 .debug_abbrev  0x0000079d      0x135 ./Core/Src/font/font.o
 .debug_abbrev  0x000008d2      0x320 ./Core/Src/main.o
 .debug_abbrev  0x00000bf2      0x1ac ./Core/Src/stm32f4xx_hal_msp.o
 .debug_abbrev  0x00000d9e       0x73 ./Core/Src/stm32f4xx_it.o
 .debug_abbrev  0x00000e11      0x11a ./Core/Src/system_stm32f4xx.o
 .debug_abbrev  0x00000f2b      0x156 ./Core/Src/sd_card/diskio/diskio.o
 .debug_abbrev  0x00001081      0x1c8 ./Core/Src/sd_card/sd_fs/sd_fs.o
 .debug_abbrev  0x00001249      0x26e ./Core/Src/sd_card/sd_spi/sd_spi.o
 .debug_abbrev  0x000014b7       0x24 ./Core/Startup/startup_stm32f411ceux.o
 .debug_abbrev  0x000014db      0x24b ./Drivers/STM32F4xx_HAL_Driver/Src/stm32f4xx_hal.o
 .debug_abbrev  0x00001726      0x31d ./Drivers/STM32F4xx_HAL_Driver/Src/stm32f4xx_hal_cortex.o
 .debug_abbrev  0x00001a43      0x1d3 ./Drivers/STM32F4xx_HAL_Driver/Src/stm32f4xx_hal_gpio.o
 .debug_abbrev  0x00001c16      0x2bc ./Drivers/STM32F4xx_HAL_Driver/Src/stm32f4xx_hal_i2c.o
 .debug_abbrev  0x00001ed2      0x2b6 ./Drivers/STM32F4xx_HAL_Driver/Src/stm32f4xx_hal_rcc.o
 .debug_abbrev  0x00002188      0x276 ./Drivers/STM32F4xx_HAL_Driver/Src/stm32f4xx_hal_spi.o
 .debug_abbrev  0x000023fe      0x160 ./FATFS/App/fatfs.o
 .debug_abbrev  0x0000255e      0x13c ./FATFS/Target/user_diskio.o
 .debug_abbrev  0x0000269a      0x282 ./Middlewares/Third_Party/FatFs/src/ff.o
 .debug_abbrev  0x0000291c      0x19f ./Middlewares/Third_Party/FatFs/src/ff_gen_drv.o

.debug_aranges  0x00000000      0xe50
 .debug_aranges
                0x00000000       0x28 ./Core/Src/RDA_lib/RDA.o
 .debug_aranges
                0x00000028      0x138 ./Core/Src/Segger/SEGGER_RTT.o
 .debug_aranges
                0x00000160       0x40 ./Core/Src/Segger/SEGGER_RTT_printf.o
 .debug_aranges
                0x000001a0       0x50 ./Core/Src/display/DISPLAY.o
 .debug_aranges
                0x000001f0       0x28 ./Core/Src/font/font.o
 .debug_aranges
                0x00000218       0x58 ./Core/Src/main.o
 .debug_aranges
                0x00000270       0x40 ./Core/Src/stm32f4xx_hal_msp.o
 .debug_aranges
                0x000002b0       0x60 ./Core/Src/stm32f4xx_it.o
 .debug_aranges
                0x00000310       0x28 ./Core/Src/system_stm32f4xx.o
 .debug_aranges
                0x00000338       0x40 ./Core/Src/sd_card/diskio/diskio.o
 .debug_aranges
                0x00000378       0x30 ./Core/Src/sd_card/sd_fs/sd_fs.o
 .debug_aranges
                0x000003a8       0x58 ./Core/Src/sd_card/sd_spi/sd_spi.o
 .debug_aranges
                0x00000400       0x28 ./Core/Startup/startup_stm32f411ceux.o
 .debug_aranges
                0x00000428       0xf0 ./Drivers/STM32F4xx_HAL_Driver/Src/stm32f4xx_hal.o
 .debug_aranges
                0x00000518      0x130 ./Drivers/STM32F4xx_HAL_Driver/Src/stm32f4xx_hal_cortex.o
 .debug_aranges
                0x00000648       0x58 ./Drivers/STM32F4xx_HAL_Driver/Src/stm32f4xx_hal_gpio.o
 .debug_aranges
                0x000006a0      0x2a8 ./Drivers/STM32F4xx_HAL_Driver/Src/stm32f4xx_hal_i2c.o
 .debug_aranges
                0x00000948       0x88 ./Drivers/STM32F4xx_HAL_Driver/Src/stm32f4xx_hal_rcc.o
 .debug_aranges
                0x000009d0      0x1d0 ./Drivers/STM32F4xx_HAL_Driver/Src/stm32f4xx_hal_spi.o
 .debug_aranges
                0x00000ba0       0x28 ./FATFS/App/fatfs.o
 .debug_aranges
                0x00000bc8       0x40 ./FATFS/Target/user_diskio.o
 .debug_aranges
                0x00000c08      0x208 ./Middlewares/Third_Party/FatFs/src/ff.o
 .debug_aranges
                0x00000e10       0x40 ./Middlewares/Third_Party/FatFs/src/ff_gen_drv.o

.debug_rnglists
                0x00000000      0xafe
 .debug_rnglists
                0x00000000       0x1a ./Core/Src/RDA_lib/RDA.o
 .debug_rnglists
                0x0000001a       0xf5 ./Core/Src/Segger/SEGGER_RTT.o
 .debug_rnglists
                0x0000010f       0x3a ./Core/Src/Segger/SEGGER_RTT_printf.o
 .debug_rnglists
                0x00000149       0x39 ./Core/Src/display/DISPLAY.o
 .debug_rnglists
                0x00000182       0x1a ./Core/Src/font/font.o
 .debug_rnglists
                0x0000019c       0x40 ./Core/Src/main.o
 .debug_rnglists
                0x000001dc       0x2d ./Core/Src/stm32f4xx_hal_msp.o
 .debug_rnglists
                0x00000209       0x43 ./Core/Src/stm32f4xx_it.o
 .debug_rnglists
                0x0000024c       0x1a ./Core/Src/system_stm32f4xx.o
 .debug_rnglists
                0x00000266       0x2b ./Core/Src/sd_card/diskio/diskio.o
 .debug_rnglists
                0x00000291       0x22 ./Core/Src/sd_card/sd_fs/sd_fs.o
 .debug_rnglists
                0x000002b3       0x41 ./Core/Src/sd_card/sd_spi/sd_spi.o
 .debug_rnglists
                0x000002f4       0x19 ./Core/Startup/startup_stm32f411ceux.o
 .debug_rnglists
                0x0000030d       0xaf ./Drivers/STM32F4xx_HAL_Driver/Src/stm32f4xx_hal.o
 .debug_rnglists
                0x000003bc       0xe0 ./Drivers/STM32F4xx_HAL_Driver/Src/stm32f4xx_hal_cortex.o
 .debug_rnglists
                0x0000049c       0x3f ./Drivers/STM32F4xx_HAL_Driver/Src/stm32f4xx_hal_gpio.o
 .debug_rnglists
                0x000004db      0x23c ./Drivers/STM32F4xx_HAL_Driver/Src/stm32f4xx_hal_i2c.o
 .debug_rnglists
                0x00000717       0x66 ./Drivers/STM32F4xx_HAL_Driver/Src/stm32f4xx_hal_rcc.o
 .debug_rnglists
                0x0000077d      0x16f ./Drivers/STM32F4xx_HAL_Driver/Src/stm32f4xx_hal_spi.o
 .debug_rnglists
                0x000008ec       0x19 ./FATFS/App/fatfs.o
 .debug_rnglists
                0x00000905       0x2b ./FATFS/Target/user_diskio.o
 .debug_rnglists
                0x00000930      0x1a2 ./Middlewares/Third_Party/FatFs/src/ff.o
 .debug_rnglists
                0x00000ad2       0x2c ./Middlewares/Third_Party/FatFs/src/ff_gen_drv.o

.debug_macro    0x00000000    0x188cd
 .debug_macro   0x00000000      0x308 ./Core/Src/RDA_lib/RDA.o
 .debug_macro   0x00000308      0xad8 ./Core/Src/RDA_lib/RDA.o
 .debug_macro   0x00000de0      0x29b ./Core/Src/RDA_lib/RDA.o
 .debug_macro   0x0000107b       0x2e ./Core/Src/RDA_lib/RDA.o
 .debug_macro   0x000010a9       0x28 ./Core/Src/RDA_lib/RDA.o
 .debug_macro   0x000010d1       0x22 ./Core/Src/RDA_lib/RDA.o
 .debug_macro   0x000010f3       0x8e ./Core/Src/RDA_lib/RDA.o
 .debug_macro   0x00001181       0x51 ./Core/Src/RDA_lib/RDA.o
 .debug_macro   0x000011d2      0x103 ./Core/Src/RDA_lib/RDA.o
 .debug_macro   0x000012d5       0x6a ./Core/Src/RDA_lib/RDA.o
 .debug_macro   0x0000133f      0x1df ./Core/Src/RDA_lib/RDA.o
 .debug_macro   0x0000151e       0x1c ./Core/Src/RDA_lib/RDA.o
 .debug_macro   0x0000153a       0x22 ./Core/Src/RDA_lib/RDA.o
 .debug_macro   0x0000155c       0xfb ./Core/Src/RDA_lib/RDA.o
 .debug_macro   0x00001657     0x1011 ./Core/Src/RDA_lib/RDA.o
 .debug_macro   0x00002668      0x11f ./Core/Src/RDA_lib/RDA.o
 .debug_macro   0x00002787     0xb968 ./Core/Src/RDA_lib/RDA.o
 .debug_macro   0x0000e0ef       0x6d ./Core/Src/RDA_lib/RDA.o
 .debug_macro   0x0000e15c     0x3693 ./Core/Src/RDA_lib/RDA.o
 .debug_macro   0x000117ef      0x190 ./Core/Src/RDA_lib/RDA.o
 .debug_macro   0x0001197f       0x5c ./Core/Src/RDA_lib/RDA.o
 .debug_macro   0x000119db      0x45c ./Core/Src/RDA_lib/RDA.o
 .debug_macro   0x00011e37      0x9e9 ./Core/Src/RDA_lib/RDA.o
 .debug_macro   0x00012820      0x115 ./Core/Src/RDA_lib/RDA.o
 .debug_macro   0x00012935      0x11b ./Core/Src/RDA_lib/RDA.o
 .debug_macro   0x00012a50       0xa5 ./Core/Src/RDA_lib/RDA.o
 .debug_macro   0x00012af5      0x15f ./Core/Src/RDA_lib/RDA.o
 .debug_macro   0x00012c54      0x287 ./Core/Src/RDA_lib/RDA.o
 .debug_macro   0x00012edb       0x5f ./Core/Src/RDA_lib/RDA.o
 .debug_macro   0x00012f3a      0x236 ./Core/Src/RDA_lib/RDA.o
 .debug_macro   0x00013170      0x132 ./Core/Src/RDA_lib/RDA.o
 .debug_macro   0x000132a2      0x264 ./Core/Src/RDA_lib/RDA.o
 .debug_macro   0x00013506       0x2e ./Core/Src/RDA_lib/RDA.o
 .debug_macro   0x00013534      0x1b5 ./Core/Src/RDA_lib/RDA.o
 .debug_macro   0x000136e9       0x22 ./Core/Src/RDA_lib/RDA.o
 .debug_macro   0x0001370b       0xd6 ./Core/Src/RDA_lib/RDA.o
 .debug_macro   0x000137e1      0x127 ./Core/Src/RDA_lib/RDA.o
 .debug_macro   0x00013908       0x85 ./Core/Src/RDA_lib/RDA.o
 .debug_macro   0x0001398d       0x89 ./Core/Src/RDA_lib/RDA.o
 .debug_macro   0x00013a16      0x225 ./Core/Src/RDA_lib/RDA.o
 .debug_macro   0x00013c3b      0x126 ./Core/Src/RDA_lib/RDA.o
 .debug_macro   0x00013d61       0x49 ./Core/Src/RDA_lib/RDA.o
 .debug_macro   0x00013daa       0x35 ./Core/Src/RDA_lib/RDA.o
 .debug_macro   0x00013ddf       0x2a ./Core/Src/RDA_lib/RDA.o
 .debug_macro   0x00013e09       0x61 ./Core/Src/RDA_lib/RDA.o
 .debug_macro   0x00013e6a       0x43 ./Core/Src/RDA_lib/RDA.o
 .debug_macro   0x00013ead       0x34 ./Core/Src/RDA_lib/RDA.o
 .debug_macro   0x00013ee1       0x16 ./Core/Src/RDA_lib/RDA.o
 .debug_macro   0x00013ef7       0x3c ./Core/Src/RDA_lib/RDA.o
 .debug_macro   0x00013f33      0x370 ./Core/Src/RDA_lib/RDA.o
 .debug_macro   0x000142a3       0x16 ./Core/Src/RDA_lib/RDA.o
 .debug_macro   0x000142b9       0x4a ./Core/Src/RDA_lib/RDA.o
 .debug_macro   0x00014303       0x34 ./Core/Src/RDA_lib/RDA.o
 .debug_macro   0x00014337       0x10 ./Core/Src/RDA_lib/RDA.o
 .debug_macro   0x00014347       0x58 ./Core/Src/RDA_lib/RDA.o
 .debug_macro   0x0001439f       0x8e ./Core/Src/RDA_lib/RDA.o
 .debug_macro   0x0001442d       0x1c ./Core/Src/RDA_lib/RDA.o
 .debug_macro   0x00014449      0x185 ./Core/Src/RDA_lib/RDA.o
 .debug_macro   0x000145ce       0x16 ./Core/Src/RDA_lib/RDA.o
 .debug_macro   0x000145e4       0x29 ./Core/Src/RDA_lib/RDA.o
 .debug_macro   0x0001460d       0x58 ./Core/Src/RDA_lib/RDA.o
 .debug_macro   0x00014665      0x138 ./Core/Src/RDA_lib/RDA.o
 .debug_macro   0x0001479d       0xa6 ./Core/Src/RDA_lib/RDA.o
 .debug_macro   0x00014843      0x1e8 ./Core/Src/Segger/SEGGER_RTT.o
 .debug_macro   0x00014a2b       0x5b ./Core/Src/Segger/SEGGER_RTT.o
 .debug_macro   0x00014a86       0x94 ./Core/Src/Segger/SEGGER_RTT.o
 .debug_macro   0x00014b1a      0x11c ./Core/Src/Segger/SEGGER_RTT.o
 .debug_macro   0x00014c36       0x9b ./Core/Src/Segger/SEGGER_RTT.o
 .debug_macro   0x00014cd1       0x57 ./Core/Src/Segger/SEGGER_RTT.o
 .debug_macro   0x00014d28       0x16 ./Core/Src/Segger/SEGGER_RTT.o
 .debug_macro   0x00014d3e       0x20 ./Core/Src/Segger/SEGGER_RTT.o
 .debug_macro   0x00014d5e      0x16f ./Core/Src/Segger/SEGGER_RTT_printf.o
 .debug_macro   0x00014ecd      0x311 ./Core/Src/display/DISPLAY.o
 .debug_macro   0x000151de       0x10 ./Core/Src/display/DISPLAY.o
 .debug_macro   0x000151ee      0x308 ./Core/Src/font/font.o
 .debug_macro   0x000154f6      0x355 ./Core/Src/main.o
 .debug_macro   0x0001584b       0xf9 ./Core/Src/main.o
 .debug_macro   0x00015944       0xe2 ./Core/Src/main.o
 .debug_macro   0x00015a26       0x8e ./Core/Src/main.o
 .debug_macro   0x00015ab4      0x308 ./Core/Src/stm32f4xx_hal_msp.o
 .debug_macro   0x00015dbc      0x312 ./Core/Src/stm32f4xx_it.o
 .debug_macro   0x000160ce      0x1d3 ./Core/Src/system_stm32f4xx.o
 .debug_macro   0x000162a1      0x1f5 ./Core/Src/sd_card/diskio/diskio.o
 .debug_macro   0x00016496       0x16 ./Core/Src/sd_card/diskio/diskio.o
 .debug_macro   0x000164ac       0x7c ./Core/Src/sd_card/diskio/diskio.o
 .debug_macro   0x00016528      0x32a ./Core/Src/sd_card/sd_fs/sd_fs.o
 .debug_macro   0x00016852      0x1e9 ./Core/Src/sd_card/sd_spi/sd_spi.o
 .debug_macro   0x00016a3b      0x233 ./Drivers/STM32F4xx_HAL_Driver/Src/stm32f4xx_hal.o
 .debug_macro   0x00016c6e      0x1d3 ./Drivers/STM32F4xx_HAL_Driver/Src/stm32f4xx_hal_cortex.o
 .debug_macro   0x00016e41      0x1d9 ./Drivers/STM32F4xx_HAL_Driver/Src/stm32f4xx_hal_gpio.o
 .debug_macro   0x0001701a      0x221 ./Drivers/STM32F4xx_HAL_Driver/Src/stm32f4xx_hal_i2c.o
 .debug_macro   0x0001723b      0x1f7 ./Drivers/STM32F4xx_HAL_Driver/Src/stm32f4xx_hal_rcc.o
 .debug_macro   0x00017432      0x1e2 ./Drivers/STM32F4xx_HAL_Driver/Src/stm32f4xx_hal_spi.o
 .debug_macro   0x00017614      0x35b ./FATFS/App/fatfs.o
 .debug_macro   0x0001796f       0xf3 ./FATFS/App/fatfs.o
 .debug_macro   0x00017a62      0x378 ./FATFS/Target/user_diskio.o
 .debug_macro   0x00017dda       0x10 ./FATFS/Target/user_diskio.o
 .debug_macro   0x00017dea       0x56 ./FATFS/Target/user_diskio.o
 .debug_macro   0x00017e40      0x745 ./Middlewares/Third_Party/FatFs/src/ff.o
 .debug_macro   0x00018585      0x348 ./Middlewares/Third_Party/FatFs/src/ff_gen_drv.o

.debug_line     0x00000000    0x183bd
 .debug_line    0x00000000      0xc15 ./Core/Src/RDA_lib/RDA.o
 .debug_line    0x00000c15     0x10b2 ./Core/Src/Segger/SEGGER_RTT.o
 .debug_line    0x00001cc7      0xaef ./Core/Src/Segger/SEGGER_RTT_printf.o
 .debug_line    0x000027b6      0xc8b ./Core/Src/display/DISPLAY.o
 .debug_line    0x00003441      0xc98 ./Core/Src/font/font.o
 .debug_line    0x000040d9      0xe40 ./Core/Src/main.o
 .debug_line    0x00004f19      0xc69 ./Core/Src/stm32f4xx_hal_msp.o
 .debug_line    0x00005b82      0xc4b ./Core/Src/stm32f4xx_it.o
 .debug_line    0x000067cd      0x947 ./Core/Src/system_stm32f4xx.o
 .debug_line    0x00007114      0xa1c ./Core/Src/sd_card/diskio/diskio.o
 .debug_line    0x00007b30      0xcb6 ./Core/Src/sd_card/sd_fs/sd_fs.o
 .debug_line    0x000087e6      0xae1 ./Core/Src/sd_card/sd_spi/sd_spi.o
 .debug_line    0x000092c7       0x7a ./Core/Startup/startup_stm32f411ceux.o
 .debug_line    0x00009341      0xbc3 ./Drivers/STM32F4xx_HAL_Driver/Src/stm32f4xx_hal.o
 .debug_line    0x00009f04      0xe93 ./Drivers/STM32F4xx_HAL_Driver/Src/stm32f4xx_hal_cortex.o
 .debug_line    0x0000ad97      0xcdf ./Drivers/STM32F4xx_HAL_Driver/Src/stm32f4xx_hal_gpio.o
 .debug_line    0x0000ba76     0x3c70 ./Drivers/STM32F4xx_HAL_Driver/Src/stm32f4xx_hal_i2c.o
 .debug_line    0x0000f6e6      0xfd0 ./Drivers/STM32F4xx_HAL_Driver/Src/stm32f4xx_hal_rcc.o
 .debug_line    0x000106b6     0x1e5e ./Drivers/STM32F4xx_HAL_Driver/Src/stm32f4xx_hal_spi.o
 .debug_line    0x00012514      0xc3c ./FATFS/App/fatfs.o
 .debug_line    0x00013150      0xc97 ./FATFS/Target/user_diskio.o
 .debug_line    0x00013de7     0x3911 ./Middlewares/Third_Party/FatFs/src/ff.o
 .debug_line    0x000176f8      0xcc5 ./Middlewares/Third_Party/FatFs/src/ff_gen_drv.o

.debug_str      0x00000000    0x8a56a
 .debug_str     0x00000000    0x8a56a ./Core/Src/RDA_lib/RDA.o
                              0x85863 (size before relaxing)
 .debug_str     0x0008a56a     0x8883 ./Core/Src/Segger/SEGGER_RTT.o
 .debug_str     0x0008a56a     0x81fb ./Core/Src/Segger/SEGGER_RTT_printf.o
 .debug_str     0x0008a56a    0x85863 ./Core/Src/display/DISPLAY.o
 .debug_str     0x0008a56a    0x85340 ./Core/Src/font/font.o
 .debug_str     0x0008a56a    0x86494 ./Core/Src/main.o
 .debug_str     0x0008a56a    0x85b3b ./Core/Src/stm32f4xx_hal_msp.o
 .debug_str     0x0008a56a    0x85317 ./Core/Src/stm32f4xx_it.o
 .debug_str     0x0008a56a    0x8122a ./Core/Src/system_stm32f4xx.o
 .debug_str     0x0008a56a    0x812ba ./Core/Src/sd_card/diskio/diskio.o
 .debug_str     0x0008a56a    0x85a2f ./Core/Src/sd_card/sd_fs/sd_fs.o
 .debug_str     0x0008a56a    0x816b5 ./Core/Src/sd_card/sd_spi/sd_spi.o
 .debug_str     0x0008a56a       0x6c ./Core/Startup/startup_stm32f411ceux.o
 .debug_str     0x0008a56a    0x81c56 ./Drivers/STM32F4xx_HAL_Driver/Src/stm32f4xx_hal.o
 .debug_str     0x0008a56a    0x819c0 ./Drivers/STM32F4xx_HAL_Driver/Src/stm32f4xx_hal_cortex.o
 .debug_str     0x0008a56a    0x813a5 ./Drivers/STM32F4xx_HAL_Driver/Src/stm32f4xx_hal_gpio.o
 .debug_str     0x0008a56a    0x8223b ./Drivers/STM32F4xx_HAL_Driver/Src/stm32f4xx_hal_i2c.o
 .debug_str     0x0008a56a    0x8165e ./Drivers/STM32F4xx_HAL_Driver/Src/stm32f4xx_hal_rcc.o
 .debug_str     0x0008a56a    0x81ad6 ./Drivers/STM32F4xx_HAL_Driver/Src/stm32f4xx_hal_spi.o
 .debug_str     0x0008a56a    0x85a68 ./FATFS/App/fatfs.o
 .debug_str     0x0008a56a    0x859e6 ./FATFS/Target/user_diskio.o
 .debug_str     0x0008a56a    0x86aab ./Middlewares/Third_Party/FatFs/src/ff.o
 .debug_str     0x0008a56a    0x859c8 ./Middlewares/Third_Party/FatFs/src/ff_gen_drv.o

.comment        0x00000000       0x43
 .comment       0x00000000       0x43 ./Core/Src/RDA_lib/RDA.o
                                 0x44 (size before relaxing)
 .comment       0x00000043       0x44 ./Core/Src/Segger/SEGGER_RTT.o
 .comment       0x00000043       0x44 ./Core/Src/Segger/SEGGER_RTT_printf.o
 .comment       0x00000043       0x44 ./Core/Src/display/DISPLAY.o
 .comment       0x00000043       0x44 ./Core/Src/font/font.o
 .comment       0x00000043       0x44 ./Core/Src/main.o
 .comment       0x00000043       0x44 ./Core/Src/stm32f4xx_hal_msp.o
 .comment       0x00000043       0x44 ./Core/Src/stm32f4xx_it.o
 .comment       0x00000043       0x44 ./Core/Src/system_stm32f4xx.o
 .comment       0x00000043       0x44 ./Core/Src/sd_card/diskio/diskio.o
 .comment       0x00000043       0x44 ./Core/Src/sd_card/sd_fs/sd_fs.o
 .comment       0x00000043       0x44 ./Core/Src/sd_card/sd_spi/sd_spi.o
 .comment       0x00000043       0x44 ./Drivers/STM32F4xx_HAL_Driver/Src/stm32f4xx_hal.o
 .comment       0x00000043       0x44 ./Drivers/STM32F4xx_HAL_Driver/Src/stm32f4xx_hal_cortex.o
 .comment       0x00000043       0x44 ./Drivers/STM32F4xx_HAL_Driver/Src/stm32f4xx_hal_gpio.o
 .comment       0x00000043       0x44 ./Drivers/STM32F4xx_HAL_Driver/Src/stm32f4xx_hal_i2c.o
 .comment       0x00000043       0x44 ./Drivers/STM32F4xx_HAL_Driver/Src/stm32f4xx_hal_rcc.o
 .comment       0x00000043       0x44 ./Drivers/STM32F4xx_HAL_Driver/Src/stm32f4xx_hal_spi.o
 .comment       0x00000043       0x44 ./FATFS/App/fatfs.o
 .comment       0x00000043       0x44 ./FATFS/Target/user_diskio.o
 .comment       0x00000043       0x44 ./Middlewares/Third_Party/FatFs/src/ff.o
 .comment       0x00000043       0x44 ./Middlewares/Third_Party/FatFs/src/ff_gen_drv.o

.debug_frame    0x00000000     0x39f0
 .debug_frame   0x00000000       0x60 ./Core/Src/RDA_lib/RDA.o
 .debug_frame   0x00000060      0x52c ./Core/Src/Segger/SEGGER_RTT.o
 .debug_frame   0x0000058c       0xe0 ./Core/Src/Segger/SEGGER_RTT_printf.o
 .debug_frame   0x0000066c      0x108 ./Core/Src/display/DISPLAY.o
 .debug_frame   0x00000774       0x64 ./Core/Src/font/font.o
 .debug_frame   0x000007d8      0x108 ./Core/Src/main.o
 .debug_frame   0x000008e0       0xc8 ./Core/Src/stm32f4xx_hal_msp.o
 .debug_frame   0x000009a8      0x104 ./Core/Src/stm32f4xx_it.o
 .debug_frame   0x00000aac       0x58 ./Core/Src/system_stm32f4xx.o
 .debug_frame   0x00000b04       0xcc ./Core/Src/sd_card/diskio/diskio.o
 .debug_frame   0x00000bd0       0x7c ./Core/Src/sd_card/sd_fs/sd_fs.o
 .debug_frame   0x00000c4c      0x130 ./Core/Src/sd_card/sd_spi/sd_spi.o
 .debug_frame   0x00000d7c      0x374 ./Drivers/STM32F4xx_HAL_Driver/Src/stm32f4xx_hal.o
 .debug_frame   0x000010f0      0x508 ./Drivers/STM32F4xx_HAL_Driver/Src/stm32f4xx_hal_cortex.o
 .debug_frame   0x000015f8      0x14c ./Drivers/STM32F4xx_HAL_Driver/Src/stm32f4xx_hal_gpio.o
 .debug_frame   0x00001744      0xc84 ./Drivers/STM32F4xx_HAL_Driver/Src/stm32f4xx_hal_i2c.o
 .debug_frame   0x000023c8      0x1f4 ./Drivers/STM32F4xx_HAL_Driver/Src/stm32f4xx_hal_rcc.o
 .debug_frame   0x000025bc      0x828 ./Drivers/STM32F4xx_HAL_Driver/Src/stm32f4xx_hal_spi.o
 .debug_frame   0x00002de4       0x4c ./FATFS/App/fatfs.o
 .debug_frame   0x00002e30       0xd8 ./FATFS/Target/user_diskio.o
 .debug_frame   0x00002f08      0x94c ./Middlewares/Third_Party/FatFs/src/ff.o
 .debug_frame   0x00003854       0xc8 ./Middlewares/Third_Party/FatFs/src/ff_gen_drv.o
 .debug_frame   0x0000391c       0x20 E:/progs/STM32/CUBEIde/STM32CubeIDE_1.19.0/STM32CubeIDE/plugins/com.st.stm32cube.ide.mcu.externaltools.gnu-tools-for-stm32.13.3.rel1.win32_1.0.0.202411081344/tools/bin/../lib/gcc/arm-none-eabi/13.3.1/../../../../arm-none-eabi/lib/thumb/v7e-m+fp/hard\libc_nano.a(libc_a-memset.o)
 .debug_frame   0x0000393c       0x2c E:/progs/STM32/CUBEIde/STM32CubeIDE_1.19.0/STM32CubeIDE/plugins/com.st.stm32cube.ide.mcu.externaltools.gnu-tools-for-stm32.13.3.rel1.win32_1.0.0.202411081344/tools/bin/../lib/gcc/arm-none-eabi/13.3.1/../../../../arm-none-eabi/lib/thumb/v7e-m+fp/hard\libc_nano.a(libc_a-init.o)
 .debug_frame   0x00003968       0x28 E:/progs/STM32/CUBEIde/STM32CubeIDE_1.19.0/STM32CubeIDE/plugins/com.st.stm32cube.ide.mcu.externaltools.gnu-tools-for-stm32.13.3.rel1.win32_1.0.0.202411081344/tools/bin/../lib/gcc/arm-none-eabi/13.3.1/../../../../arm-none-eabi/lib/thumb/v7e-m+fp/hard\libc_nano.a(libc_a-memcpy-stub.o)
 .debug_frame   0x00003990       0x2c E:/progs/STM32/CUBEIde/STM32CubeIDE_1.19.0/STM32CubeIDE/plugins/com.st.stm32cube.ide.mcu.externaltools.gnu-tools-for-stm32.13.3.rel1.win32_1.0.0.202411081344/tools/bin/../lib/gcc/arm-none-eabi/13.3.1/thumb/v7e-m+fp/hard\libgcc.a(_aeabi_uldivmod.o)
 .debug_frame   0x000039bc       0x34 E:/progs/STM32/CUBEIde/STM32CubeIDE_1.19.0/STM32CubeIDE/plugins/com.st.stm32cube.ide.mcu.externaltools.gnu-tools-for-stm32.13.3.rel1.win32_1.0.0.202411081344/tools/bin/../lib/gcc/arm-none-eabi/13.3.1/thumb/v7e-m+fp/hard\libgcc.a(_udivmoddi4.o)

.debug_line_str
                0x00000000       0x50
 .debug_line_str
                0x00000000       0x50 ./Core/Startup/startup_stm32f411ceux.o
