Archive member included to satisfy reference by file (symbol)

E:/progs/STM32/CUBEIde/STM32CubeIDE_1.19.0/STM32CubeIDE/plugins/com.st.stm32cube.ide.mcu.externaltools.gnu-tools-for-stm32.13.3.rel1.win32_1.0.0.202411081344/tools/bin/../lib/gcc/arm-none-eabi/13.3.1/../../../../arm-none-eabi/lib/thumb/v7e-m+fp/hard\libc_nano.a(libc_a-exit.o)
                              E:/progs/STM32/CUBEIde/STM32CubeIDE_1.19.0/STM32CubeIDE/plugins/com.st.stm32cube.ide.mcu.externaltools.gnu-tools-for-stm32.13.3.rel1.win32_1.0.0.202411081344/tools/bin/../lib/gcc/arm-none-eabi/13.3.1/../../../../arm-none-eabi/lib/thumb/v7e-m+fp/hard/crt0.o (exit)
E:/progs/STM32/CUBEIde/STM32CubeIDE_1.19.0/STM32CubeIDE/plugins/com.st.stm32cube.ide.mcu.externaltools.gnu-tools-for-stm32.13.3.rel1.win32_1.0.0.202411081344/tools/bin/../lib/gcc/arm-none-eabi/13.3.1/../../../../arm-none-eabi/lib/thumb/v7e-m+fp/hard\libc_nano.a(libc_a-findfp.o)
                              E:/progs/STM32/CUBEIde/STM32CubeIDE_1.19.0/STM32CubeIDE/plugins/com.st.stm32cube.ide.mcu.externaltools.gnu-tools-for-stm32.13.3.rel1.win32_1.0.0.202411081344/tools/bin/../lib/gcc/arm-none-eabi/13.3.1/../../../../arm-none-eabi/lib/thumb/v7e-m+fp/hard\libc_nano.a(libc_a-exit.o) (__stdio_exit_handler)
E:/progs/STM32/CUBEIde/STM32CubeIDE_1.19.0/STM32CubeIDE/plugins/com.st.stm32cube.ide.mcu.externaltools.gnu-tools-for-stm32.13.3.rel1.win32_1.0.0.202411081344/tools/bin/../lib/gcc/arm-none-eabi/13.3.1/../../../../arm-none-eabi/lib/thumb/v7e-m+fp/hard\libc_nano.a(libc_a-fwalk.o)
                              E:/progs/STM32/CUBEIde/STM32CubeIDE_1.19.0/STM32CubeIDE/plugins/com.st.stm32cube.ide.mcu.externaltools.gnu-tools-for-stm32.13.3.rel1.win32_1.0.0.202411081344/tools/bin/../lib/gcc/arm-none-eabi/13.3.1/../../../../arm-none-eabi/lib/thumb/v7e-m+fp/hard\libc_nano.a(libc_a-findfp.o) (_fwalk_sglue)
E:/progs/STM32/CUBEIde/STM32CubeIDE_1.19.0/STM32CubeIDE/plugins/com.st.stm32cube.ide.mcu.externaltools.gnu-tools-for-stm32.13.3.rel1.win32_1.0.0.202411081344/tools/bin/../lib/gcc/arm-none-eabi/13.3.1/../../../../arm-none-eabi/lib/thumb/v7e-m+fp/hard\libc_nano.a(libc_a-sprintf.o)
                              ./Core/Src/main.o (sprintf)
E:/progs/STM32/CUBEIde/STM32CubeIDE_1.19.0/STM32CubeIDE/plugins/com.st.stm32cube.ide.mcu.externaltools.gnu-tools-for-stm32.13.3.rel1.win32_1.0.0.202411081344/tools/bin/../lib/gcc/arm-none-eabi/13.3.1/../../../../arm-none-eabi/lib/thumb/v7e-m+fp/hard\libc_nano.a(libc_a-stdio.o)
                              E:/progs/STM32/CUBEIde/STM32CubeIDE_1.19.0/STM32CubeIDE/plugins/com.st.stm32cube.ide.mcu.externaltools.gnu-tools-for-stm32.13.3.rel1.win32_1.0.0.202411081344/tools/bin/../lib/gcc/arm-none-eabi/13.3.1/../../../../arm-none-eabi/lib/thumb/v7e-m+fp/hard\libc_nano.a(libc_a-findfp.o) (__sread)
E:/progs/STM32/CUBEIde/STM32CubeIDE_1.19.0/STM32CubeIDE/plugins/com.st.stm32cube.ide.mcu.externaltools.gnu-tools-for-stm32.13.3.rel1.win32_1.0.0.202411081344/tools/bin/../lib/gcc/arm-none-eabi/13.3.1/../../../../arm-none-eabi/lib/thumb/v7e-m+fp/hard\libc_nano.a(libc_a-memset.o)
                              E:/progs/STM32/CUBEIde/STM32CubeIDE_1.19.0/STM32CubeIDE/plugins/com.st.stm32cube.ide.mcu.externaltools.gnu-tools-for-stm32.13.3.rel1.win32_1.0.0.202411081344/tools/bin/../lib/gcc/arm-none-eabi/13.3.1/../../../../arm-none-eabi/lib/thumb/v7e-m+fp/hard/crt0.o (memset)
E:/progs/STM32/CUBEIde/STM32CubeIDE_1.19.0/STM32CubeIDE/plugins/com.st.stm32cube.ide.mcu.externaltools.gnu-tools-for-stm32.13.3.rel1.win32_1.0.0.202411081344/tools/bin/../lib/gcc/arm-none-eabi/13.3.1/../../../../arm-none-eabi/lib/thumb/v7e-m+fp/hard\libc_nano.a(libc_a-strncpy.o)
                              ./Core/Src/main.o (strncpy)
E:/progs/STM32/CUBEIde/STM32CubeIDE_1.19.0/STM32CubeIDE/plugins/com.st.stm32cube.ide.mcu.externaltools.gnu-tools-for-stm32.13.3.rel1.win32_1.0.0.202411081344/tools/bin/../lib/gcc/arm-none-eabi/13.3.1/../../../../arm-none-eabi/lib/thumb/v7e-m+fp/hard\libc_nano.a(libc_a-closer.o)
                              E:/progs/STM32/CUBEIde/STM32CubeIDE_1.19.0/STM32CubeIDE/plugins/com.st.stm32cube.ide.mcu.externaltools.gnu-tools-for-stm32.13.3.rel1.win32_1.0.0.202411081344/tools/bin/../lib/gcc/arm-none-eabi/13.3.1/../../../../arm-none-eabi/lib/thumb/v7e-m+fp/hard\libc_nano.a(libc_a-stdio.o) (_close_r)
E:/progs/STM32/CUBEIde/STM32CubeIDE_1.19.0/STM32CubeIDE/plugins/com.st.stm32cube.ide.mcu.externaltools.gnu-tools-for-stm32.13.3.rel1.win32_1.0.0.202411081344/tools/bin/../lib/gcc/arm-none-eabi/13.3.1/../../../../arm-none-eabi/lib/thumb/v7e-m+fp/hard\libc_nano.a(libc_a-reent.o)
                              E:/progs/STM32/CUBEIde/STM32CubeIDE_1.19.0/STM32CubeIDE/plugins/com.st.stm32cube.ide.mcu.externaltools.gnu-tools-for-stm32.13.3.rel1.win32_1.0.0.202411081344/tools/bin/../lib/gcc/arm-none-eabi/13.3.1/../../../../arm-none-eabi/lib/thumb/v7e-m+fp/hard\libc_nano.a(libc_a-closer.o) (errno)
[...]
Memory Configuration

Name             Origin             Length             Attributes
RAM              0x20000000         0x00020000         xrw
FLASH            0x08000000         0x00080000         xr
*default*        0x00000000         0xffffffff

Linker script and memory map

LOAD E:/progs/STM32/CUBEIde/STM32CubeIDE_1.19.0/STM32CubeIDE/plugins/com.st.stm32cube.ide.mcu.externaltools.gnu-tools-for-stm32.13.3.rel1.win32_1.0.0.202411081344/tools/bin/../lib/gcc/arm-none-eabi/13.3.1/thumb/v7e-m+fp/hard/crti.o
LOAD E:/progs/STM32/CUBEIde/STM32CubeIDE_1.19.0/STM32CubeIDE/plugins/com.st.stm32cube.ide.mcu.externaltools.gnu-tools-for-stm32.13.3.rel1.win32_1.0.0.202411081344/tools/bin/../lib/gcc/arm-none-eabi/13.3.1/thumb/v7e-m+fp/hard/crtbegin.o
LOAD E:/progs/STM32/CUBEIde/STM32CubeIDE_1.19.0/STM32CubeIDE/plugins/com.st.stm32cube.ide.mcu.externaltools.gnu-tools-for-stm32.13.3.rel1.win32_1.0.0.202411081344/tools/bin/../lib/gcc/arm-none-eabi/13.3.1/../../../../arm-none-eabi/lib/thumb/v7e-m+fp/hard/crt0.o
LOAD ./Core/Src/RDA_lib/RDA.o
LOAD ./Core/Src/Segger/SEGGER_RTT.o
LOAD ./Core/Src/Segger/SEGGER_RTT_printf.o
LOAD ./Core/Src/display/DISPLAY.o
LOAD ./Core/Src/font/font.o
LOAD ./Core/Src/main.o
LOAD ./Core/Src/stm32f4xx_hal_msp.o
LOAD ./Core/Src/stm32f4xx_it.o
LOAD ./Core/Src/syscalls.o
LOAD ./Core/Src/sysmem.o
LOAD ./Core/Src/system_stm32f4xx.o
LOAD ./Core/Src/sd_card/diskio/diskio.o
LOAD ./Core/Src/sd_card/sd_fs/sd_fs.o
LOAD ./Core/Src/sd_card/sd_spi/sd_spi.o
LOAD ./Core/Startup/startup_stm32f411ceux.o
LOAD ./Drivers/STM32F4xx_HAL_Driver/Src/stm32f4xx_hal.o
LOAD ./Drivers/STM32F4xx_HAL_Driver/Src/stm32f4xx_hal_adc.o
LOAD ./Drivers/STM32F4xx_HAL_Driver/Src/stm32f4xx_hal_adc_ex.o
LOAD ./Drivers/STM32F4xx_HAL_Driver/Src/stm32f4xx_hal_cortex.o
LOAD ./Drivers/STM32F4xx_HAL_Driver/Src/stm32f4xx_hal_dma.o
LOAD ./Drivers/STM32F4xx_HAL_Driver/Src/stm32f4xx_hal_dma_ex.o
LOAD ./Drivers/STM32F4xx_HAL_Driver/Src/stm32f4xx_hal_exti.o
LOAD ./Drivers/STM32F4xx_HAL_Driver/Src/stm32f4xx_hal_flash.o
LOAD ./Drivers/STM32F4xx_HAL_Driver/Src/stm32f4xx_hal_flash_ex.o
LOAD ./Drivers/STM32F4xx_HAL_Driver/Src/stm32f4xx_hal_flash_ramfunc.o
LOAD ./Drivers/STM32F4xx_HAL_Driver/Src/stm32f4xx_hal_gpio.o
LOAD ./Drivers/STM32F4xx_HAL_Driver/Src/stm32f4xx_hal_i2c.o
LOAD ./Drivers/STM32F4xx_HAL_Driver/Src/stm32f4xx_hal_i2c_ex.o
LOAD ./Drivers/STM32F4xx_HAL_Driver/Src/stm32f4xx_hal_pwr.o
LOAD ./Drivers/STM32F4xx_HAL_Driver/Src/stm32f4xx_hal_pwr_ex.o
LOAD ./Drivers/STM32F4xx_HAL_Driver/Src/stm32f4xx_hal_rcc.o
LOAD ./Drivers/STM32F4xx_HAL_Driver/Src/stm32f4xx_hal_rcc_ex.o
LOAD ./Drivers/STM32F4xx_HAL_Driver/Src/stm32f4xx_hal_rtc.o
LOAD ./Drivers/STM32F4xx_HAL_Driver/Src/stm32f4xx_hal_rtc_ex.o
LOAD ./Drivers/STM32F4xx_HAL_Driver/Src/stm32f4xx_hal_spi.o
LOAD ./Drivers/STM32F4xx_HAL_Driver/Src/stm32f4xx_ll_adc.o
LOAD ./FATFS/App/fatfs.o
LOAD ./FATFS/Target/user_diskio.o
LOAD ./Middlewares/Third_Party/FatFs/src/ff.o
LOAD ./Middlewares/Third_Party/FatFs/src/ff_gen_drv.o
LOAD ./Middlewares/Third_Party/FatFs/src/option/syscall.o
START GROUP
LOAD E:/progs/STM32/CUBEIde/STM32CubeIDE_1.19.0/STM32CubeIDE/plugins/com.st.stm32cube.ide.mcu.externaltools.gnu-tools-for-stm32.13.3.rel1.win32_1.0.0.202411081344/tools/bin/../lib/gcc/arm-none-eabi/13.3.1/../../../../arm-none-eabi/lib/thumb/v7e-m+fp/hard\libc_nano.a
LOAD E:/progs/STM32/CUBEIde/STM32CubeIDE_1.19.0/STM32CubeIDE/plugins/com.st.stm32cube.ide.mcu.externaltools.gnu-tools-for-stm32.13.3.rel1.win32_1.0.0.202411081344/tools/bin/../lib/gcc/arm-none-eabi/13.3.1/../../../../arm-none-eabi/lib/thumb/v7e-m+fp/hard\libm.a
END GROUP
START GROUP
LOAD E:/progs/STM32/CUBEIde/STM32CubeIDE_1.19.0/STM32CubeIDE/plugins/com.st.stm32cube.ide.mcu.externaltools.gnu-tools-for-stm32.13.3.rel1.win32_1.0.0.202411081344/tools/bin/../lib/gcc/arm-none-eabi/13.3.1/thumb/v7e-m+fp/hard\libgcc.a
LOAD E:/progs/STM32/CUBEIde/STM32CubeIDE_1.19.0/STM32CubeIDE/plugins/com.st.stm32cube.ide.mcu.externaltools.gnu-tools-for-stm32.13.3.rel1.win32_1.0.0.202411081344/tools/bin/../lib/gcc/arm-none-eabi/13.3.1/../../../../arm-none-eabi/lib/thumb/v7e-m+fp/hard\libc_nano.a
END GROUP
START GROUP
LOAD E:/progs/STM32/CUBEIde/STM32CubeIDE_1.19.0/STM32CubeIDE/plugins/com.st.stm32cube.ide.mcu.externaltools.gnu-tools-for-stm32.13.3.rel1.win32_1.0.0.202411081344/tools/bin/../lib/gcc/arm-none-eabi/13.3.1/thumb/v7e-m+fp/hard\libgcc.a
LOAD E:/progs/STM32/CUBEIde/STM32CubeIDE_1.19.0/STM32CubeIDE/plugins/com.st.stm32cube.ide.mcu.externaltools.gnu-tools-for-stm32.13.3.rel1.win32_1.0.0.202411081344/tools/bin/../lib/gcc/arm-none-eabi/13.3.1/../../../../arm-none-eabi/lib/thumb/v7e-m+fp/hard\libc_nano.a
LOAD E:/progs/STM32/CUBEIde/STM32CubeIDE_1.19.0/STM32CubeIDE/plugins/com.st.stm32cube.ide.mcu.externaltools.gnu-tools-for-stm32.13.3.rel1.win32_1.0.0.202411081344/tools/bin/../lib/gcc/arm-none-eabi/13.3.1/../../../../arm-none-eabi/lib/thumb/v7e-m+fp/hard\libnosys.a
END GROUP
START GROUP
LOAD E:/progs/STM32/CUBEIde/STM32CubeIDE_1.19.0/STM32CubeIDE/plugins/com.st.stm32cube.ide.mcu.externaltools.gnu-tools-for-stm32.13.3.rel1.win32_1.0.0.202411081344/tools/bin/../lib/gcc/arm-none-eabi/13.3.1/thumb/v7e-m+fp/hard\libgcc.a
LOAD E:/progs/STM32/CUBEIde/STM32CubeIDE_1.19.0/STM32CubeIDE/plugins/com.st.stm32cube.ide.mcu.externaltools.gnu-tools-for-stm32.13.3.rel1.win32_1.0.0.202411081344/tools/bin/../lib/gcc/arm-none-eabi/13.3.1/../../../../arm-none-eabi/lib/thumb/v7e-m+fp/hard\libc_nano.a
LOAD E:/progs/STM32/CUBEIde/STM32CubeIDE_1.19.0/STM32CubeIDE/plugins/com.st.stm32cube.ide.mcu.externaltools.gnu-tools-for-stm32.13.3.rel1.win32_1.0.0.202411081344/tools/bin/../lib/gcc/arm-none-eabi/13.3.1/../../../../arm-none-eabi/lib/thumb/v7e-m+fp/hard\libnosys.a
END GROUP
LOAD E:/progs/STM32/CUBEIde/STM32CubeIDE_1.19.0/STM32CubeIDE/plugins/com.st.stm32cube.ide.mcu.externaltools.gnu-tools-for-stm32.13.3.rel1.win32_1.0.0.202411081344/tools/bin/../lib/gcc/arm-none-eabi/13.3.1/thumb/v7e-m+fp/hard/crtend.o
LOAD E:/progs/STM32/CUBEIde/STM32CubeIDE_1.19.0/STM32CubeIDE/plugins/com.st.stm32cube.ide.mcu.externaltools.gnu-tools-for-stm32.13.3.rel1.win32_1.0.0.202411081344/tools/bin/../lib/gcc/arm-none-eabi/13.3.1/thumb/v7e-m+fp/hard/crtn.o
                0x20020000                        _estack = (ORIGIN (RAM) + LENGTH (RAM))
                0x00000200                        _Min_Heap_Size = 0x200
                0x00000400                        _Min_Stack_Size = 0x400

.isr_vector     0x08000000      0x198
                0x08000000                        . = ALIGN (0x4)
 *(.isr_vector)
 .isr_vector    0x08000000      0x198 ./Core/Startup/startup_stm32f411ceux.o
                0x08000000                g_pfnVectors
                0x08000198                        . = ALIGN (0x4)

.text           0x080001a0     0x9fec
                0x080001a0                        . = ALIGN (0x4)
 *(.text)
 .text          0x080001a0       0x40 E:/progs/STM32/CUBEIde/STM32CubeIDE_1.19.0/STM32CubeIDE/plugins/com.st.stm32cube.ide.mcu.externaltools.gnu-tools-for-stm32.13.3.rel1.win32_1.0.0.202411081344/tools/bin/../lib/gcc/arm-none-eabi/13.3.1/thumb/v7e-m+fp/hard/crtbegin.o
 .text          0x080001e0       0xa0 E:/progs/STM32/CUBEIde/STM32CubeIDE_1.19.0/STM32CubeIDE/plugins/com.st.stm32cube.ide.mcu.externaltools.gnu-tools-for-stm32.13.3.rel1.win32_1.0.0.202411081344/tools/bin/../lib/gcc/arm-none-eabi/13.3.1/../../../../arm-none-eabi/lib/thumb/v7e-m+fp/hard\libc_nano.a(libc_a-memchr.o)
                0x080001e0                memchr
 .text          0x08000280      0x378 E:/progs/STM32/CUBEIde/STM32CubeIDE_1.19.0/STM32CubeIDE/plugins/com.st.stm32cube.ide.mcu.externaltools.gnu-tools-for-stm32.13.3.rel1.win32_1.0.0.202411081344/tools/bin/../lib/gcc/arm-none-eabi/13.3.1/thumb/v7e-m+fp/hard\libgcc.a(_arm_addsubdf3.o)
                0x08000280                __aeabi_drsub
                0x08000288                __aeabi_dsub
                0x08000288                __subdf3
                0x0800028c                __aeabi_dadd
                0x0800028c                __adddf3
                0x08000504                __floatunsidf
                0x08000504                __aeabi_ui2d
                0x08000524                __floatsidf
                0x08000524                __aeabi_i2d
                0x08000548                __aeabi_f2d
                0x08000548                __extendsfdf2
                0x0800058c                __floatundidf
                0x0800058c                __aeabi_ul2d
                0x0800059c                __floatdidf
                0x0800059c                __aeabi_l2d
 .text          0x080005f8      0x424 E:/progs/STM32/CUBEIde/STM32CubeIDE_1.19.0/STM32CubeIDE/plugins/com.st.stm32cube.ide.mcu.externaltools.gnu-tools-for-stm32.13.3.rel1.win32_1.0.0.202411081344/tools/bin/../lib/gcc/arm-none-eabi/13.3.1/thumb/v7e-m+fp/hard\libgcc.a(_arm_muldivdf3.o)
                0x080005f8                __aeabi_dmul
                0x080005f8                __muldf3
                0x0800084c                __divdf3
                0x0800084c                __aeabi_ddiv
 .text          0x08000a1c      0x110 E:/progs/STM32/CUBEIde/STM32CubeIDE_1.19.0/STM32CubeIDE/plugins/com.st.stm32cube.ide.mcu.externaltools.gnu-tools-for-stm32.13.3.rel1.win32_1.0.0.202411081344/tools/bin/../lib/gcc/arm-none-eabi/13.3.1/thumb/v7e-m+fp/hard\libgcc.a(_arm_cmpdf2.o)
                0x08000a1c                __gtdf2
                0x08000a1c                __gedf2
                0x08000a24                __ltdf2
                0x08000a24                __ledf2
                0x08000a2c                __nedf2
                0x08000a2c                __eqdf2
                0x08000a2c                __cmpdf2
                0x08000aa8                __aeabi_cdrcmple
                0x08000ab8                __aeabi_cdcmpeq
                0x08000ab8                __aeabi_cdcmple
                0x08000ac8                __aeabi_dcmpeq
                0x08000adc                __aeabi_dcmplt
                0x08000af0                __aeabi_dcmple
                0x08000b04                __aeabi_dcmpge
                0x08000b18                __aeabi_dcmpgt
 .text          0x08000b2c       0x40 E:/progs/STM32/CUBEIde/STM32CubeIDE_1.19.0/STM32CubeIDE/plugins/com.st.stm32cube.ide.mcu.externaltools.gnu-tools-for-stm32.13.3.rel1.win32_1.0.0.202411081344/tools/bin/../lib/gcc/arm-none-eabi/13.3.1/thumb/v7e-m+fp/hard\libgcc.a(_arm_fixunsdfsi.o)
                0x08000b2c                __aeabi_d2uiz
                0x08000b2c                __fixunsdfsi
 .text          0x08000b6c       0x30 E:/progs/STM32/CUBEIde/STM32CubeIDE_1.19.0/STM32CubeIDE/plugins/com.st.stm32cube.ide.mcu.externaltools.gnu-tools-for-stm32.13.3.rel1.win32_1.0.0.202411081344/tools/bin/../lib/gcc/arm-none-eabi/13.3.1/thumb/v7e-m+fp/hard\libgcc.a(_aeabi_uldivmod.o)
                0x08000b6c                __aeabi_uldivmod
 .text          0x08000b9c      0x2f8 E:/progs/STM32/CUBEIde/STM32CubeIDE_1.19.0/STM32CubeIDE/plugins/com.st.stm32cube.ide.mcu.externaltools.gnu-tools-for-stm32.13.3.rel1.win32_1.0.0.202411081344/tools/bin/../lib/gcc/arm-none-eabi/13.3.1/thumb/v7e-m+fp/hard\libgcc.a(_udivmoddi4.o)
                0x08000b9c                __udivmoddi4
 .text          0x08000e94        0x4 E:/progs/STM32/CUBEIde/STM32CubeIDE_1.19.0/STM32CubeIDE/plugins/com.st.stm32cube.ide.mcu.externaltools.gnu-tools-for-stm32.13.3.rel1.win32_1.0.0.202411081344/tools/bin/../lib/gcc/arm-none-eabi/13.3.1/thumb/v7e-m+fp/hard\libgcc.a(_dvmd_tls.o)
                0x08000e94                __aeabi_idiv0
                0x08000e94                __aeabi_ldiv0
 *(.text*)
 .text.rda_init
                0x08000e98       0xf2 ./Core/Src/RDA_lib/RDA.o
                0x08000e98                rda_init
 *fill*         0x08000f8a        0x2 
 .text.calculateFrequency
                0x08000f8c       0x44 ./Core/Src/RDA_lib/RDA.o
                0x08000f8c                calculateFrequency
 .text._DoInit  0x08000fd0       0xb4 ./Core/Src/Segger/SEGGER_RTT.o
 .text._WriteBlocking
                0x08001084       0xba ./Core/Src/Segger/SEGGER_RTT.o
 .text._WriteNoCheck
                0x0800113e       0x90 ./Core/Src/Segger/SEGGER_RTT.o
 .text._GetAvailWriteSpace
                0x080011ce       0x46 ./Core/Src/Segger/SEGGER_RTT.o
 .text.SEGGER_RTT_WriteNoLock
                0x08001214       0xa0 ./Core/Src/Segger/SEGGER_RTT.o
                0x08001214                SEGGER_RTT_WriteNoLock
 .text.SEGGER_RTT_Write
                0x080012b4       0x4c ./Core/Src/Segger/SEGGER_RTT.o
                0x080012b4                SEGGER_RTT_Write
 .text.SEGGER_RTT_Init
                0x08001300        0xc ./Core/Src/Segger/SEGGER_RTT.o
                0x08001300                SEGGER_RTT_Init
 .text._StoreChar
                0x0800130c       0x7c ./Core/Src/Segger/SEGGER_RTT_printf.o
 .text._PrintUnsigned
                0x08001388      0x158 ./Core/Src/Segger/SEGGER_RTT_printf.o
 .text._PrintInt
                0x080014e0      0x14e ./Core/Src/Segger/SEGGER_RTT_printf.o
 *fill*         0x0800162e        0x2 
 .text.SEGGER_RTT_vprintf
                0x08001630      0x420 ./Core/Src/Segger/SEGGER_RTT_printf.o
                0x08001630                SEGGER_RTT_vprintf
 .text.SEGGER_RTT_printf
                0x08001a50       0x30 ./Core/Src/Segger/SEGGER_RTT_printf.o
                0x08001a50                SEGGER_RTT_printf
 .text.displayInit
                0x08001a80       0x80 ./Core/Src/display/DISPLAY.o
                0x08001a80                displayInit
 .text.displayImage
                0x08001b00       0x5c ./Core/Src/display/DISPLAY.o
                0x08001b00                displayImage
 .text.displayPartOfImage
                0x08001b5c       0x60 ./Core/Src/display/DISPLAY.o
                0x08001b5c                displayPartOfImage
 .text.displaySetWindow
                0x08001bbc       0x8a ./Core/Src/display/DISPLAY.o
                0x08001bbc                displaySetWindow
 *fill*         0x08001c46        0x2 
 .text.displayReset
                0x08001c48       0x2c ./Core/Src/display/DISPLAY.o
                0x08001c48                displayReset
 .text.displaySendCommand
                0x08001c74       0x34 ./Core/Src/display/DISPLAY.o
                0x08001c74                displaySendCommand
 .text.displaySendData
                0x08001ca8       0x34 ./Core/Src/display/DISPLAY.o
                0x08001ca8                displaySendData
 .text.setTextToImage
                0x08001cdc      0x184 ./Core/Src/font/font.o
                0x08001cdc                setTextToImage
 .text.getElement
                0x08001e60       0x3c ./Core/Src/font/font.o
                0x08001e60                getElement
 .text.sendImageToDisplay
                0x08001e9c       0x90 ./Core/Src/main.o
                0x08001e9c                sendImageToDisplay
 .text.updateTitleTextOnScreen
                0x08001f2c       0xf4 ./Core/Src/main.o
                0x08001f2c                updateTitleTextOnScreen
 .text.updateMainTextOnScreen
                0x08002020      0x10c ./Core/Src/main.o
                0x08002020                updateMainTextOnScreen
 .text.updateDateOnScreen
                0x0800212c       0x98 ./Core/Src/main.o
                0x0800212c                updateDateOnScreen
 .text.HAL_ADC_ConvHalfCpltCallback
                0x080021c4       0x18 ./Core/Src/main.o
                0x080021c4                HAL_ADC_ConvHalfCpltCallback
 .text.HAL_ADC_ConvCpltCallback
                0x080021dc       0x18 ./Core/Src/main.o
                0x080021dc                HAL_ADC_ConvCpltCallback
 *fill*         0x080021f4        0x4 
 .text.processAdcDma
                0x080021f8      0x13c ./Core/Src/main.o
                0x080021f8                processAdcDma
 .text.handleCurrentActivePinsState
                0x08002334       0x68 ./Core/Src/main.o
                0x08002334                handleCurrentActivePinsState
 *fill*         0x0800239c        0x4 
 .text.updateTime
                0x080023a0       0xdc ./Core/Src/main.o
                0x080023a0                updateTime
 *fill*         0x0800247c        0x4 
 .text.main     0x08002480      0x300 ./Core/Src/main.o
                0x08002480                main
 .text.SystemClock_Config
                0x08002780       0xd4 ./Core/Src/main.o
                0x08002780                SystemClock_Config
 .text.MX_ADC1_Init
                0x08002854       0xc0 ./Core/Src/main.o
 .text.MX_I2C1_Init
                0x08002914       0x5c ./Core/Src/main.o
 .text.MX_RTC_Init
                0x08002970       0xb4 ./Core/Src/main.o
 .text.MX_SPI1_Init
                0x08002a24       0x6c ./Core/Src/main.o
 .text.MX_SPI2_Init
                0x08002a90       0x6c ./Core/Src/main.o
 .text.MX_DMA_Init
                0x08002afc       0x40 ./Core/Src/main.o
 .text.MX_GPIO_Init
                0x08002b3c      0x154 ./Core/Src/main.o
 .text.Error_Handler
                0x08002c90        0xc ./Core/Src/main.o
                0x08002c90                Error_Handler
 .text.HAL_MspInit
                0x08002c9c       0x50 ./Core/Src/stm32f4xx_hal_msp.o
                0x08002c9c                HAL_MspInit
 .text.HAL_ADC_MspInit
                0x08002cec       0xf0 ./Core/Src/stm32f4xx_hal_msp.o
                0x08002cec                HAL_ADC_MspInit
 .text.HAL_I2C_MspInit
                0x08002ddc       0x90 ./Core/Src/stm32f4xx_hal_msp.o
                0x08002ddc                HAL_I2C_MspInit
 .text.HAL_RTC_MspInit
                0x08002e6c       0x58 ./Core/Src/stm32f4xx_hal_msp.o
                0x08002e6c                HAL_RTC_MspInit
 .text.HAL_SPI_MspInit
                0x08002ec4       0xfc ./Core/Src/stm32f4xx_hal_msp.o
                0x08002ec4                HAL_SPI_MspInit
 .text.HAL_SPI_MspDeInit
                0x08002fc0       0x64 ./Core/Src/stm32f4xx_hal_msp.o
                0x08002fc0                HAL_SPI_MspDeInit
 .text.NMI_Handler
                0x08003024        0x8 ./Core/Src/stm32f4xx_it.o
                0x08003024                NMI_Handler
 .text.HardFault_Handler
                0x0800302c        0x8 ./Core/Src/stm32f4xx_it.o
                0x0800302c                HardFault_Handler
 .text.MemManage_Handler
                0x08003034        0x8 ./Core/Src/stm32f4xx_it.o
                0x08003034                MemManage_Handler
 .text.BusFault_Handler
                0x0800303c        0x8 ./Core/Src/stm32f4xx_it.o
                0x0800303c                BusFault_Handler
 .text.UsageFault_Handler
                0x08003044        0x8 ./Core/Src/stm32f4xx_it.o
                0x08003044                UsageFault_Handler
 .text.SVC_Handler
                0x0800304c        0xe ./Core/Src/stm32f4xx_it.o
                0x0800304c                SVC_Handler
 .text.DebugMon_Handler
                0x0800305a        0xe ./Core/Src/stm32f4xx_it.o
                0x0800305a                DebugMon_Handler
 .text.PendSV_Handler
                0x08003068        0xe ./Core/Src/stm32f4xx_it.o
                0x08003068                PendSV_Handler
 .text.SysTick_Handler
                0x08003076        0xc ./Core/Src/stm32f4xx_it.o
                0x08003076                SysTick_Handler
 *fill*         0x08003082        0x2 
 .text.DMA2_Stream0_IRQHandler
                0x08003084       0x14 ./Core/Src/stm32f4xx_it.o
                0x08003084                DMA2_Stream0_IRQHandler
 .text._sbrk    0x08003098       0x6c ./Core/Src/sysmem.o
                0x08003098                _sbrk
 .text.SystemInit
                0x08003104       0x24 ./Core/Src/system_stm32f4xx.o
                0x08003104                SystemInit
 .text.disk_initialize
                0x08003128       0x26 ./Core/Src/sd_card/diskio/diskio.o
                0x08003128                disk_initialize
 .text.disk_status
                0x0800314e       0x18 ./Core/Src/sd_card/diskio/diskio.o
                0x0800314e                disk_status
 .text.disk_read
                0x08003166       0x4c ./Core/Src/sd_card/diskio/diskio.o
                0x08003166                disk_read
 .text.disk_write
                0x080031b2       0x4c ./Core/Src/sd_card/diskio/diskio.o
                0x080031b2                disk_write
 .text.disk_ioctl
                0x080031fe       0x4c ./Core/Src/sd_card/diskio/diskio.o
                0x080031fe                disk_ioctl
 *fill*         0x0800324a        0x2 
 .text.fs_list_root
                0x0800324c       0xa4 ./Core/Src/sd_card/sd_fs/sd_fs.o
                0x0800324c                fs_list_root
 .text.read_file
                0x080032f0       0xf0 ./Core/Src/sd_card/sd_fs/sd_fs.o
                0x080032f0                read_file
 .text.spi_txrx
                0x080033e0       0x2c ./Core/Src/sd_card/sd_spi/sd_spi.o
 .text.spi_txrx_massive
                0x0800340c       0x2c ./Core/Src/sd_card/sd_spi/sd_spi.o
                0x0800340c                spi_txrx_massive
 .text.spi_dummy_clocks
                0x08003438       0x38 ./Core/Src/sd_card/sd_spi/sd_spi.o
 .text.sd_cmd   0x08003470       0x9c ./Core/Src/sd_card/sd_spi/sd_spi.o
 .text.sd_startup
                0x0800350c       0xb0 ./Core/Src/sd_card/sd_spi/sd_spi.o
                0x0800350c                sd_startup
 .text.sd_read_block
                0x080035bc       0xac ./Core/Src/sd_card/sd_spi/sd_spi.o
                0x080035bc                sd_read_block
 .text.sd_write_block
                0x08003668       0xb8 ./Core/Src/sd_card/sd_spi/sd_spi.o
                0x08003668                sd_write_block
 .text.sd_read_ocr
                0x08003720       0x74 ./Core/Src/sd_card/sd_spi/sd_spi.o
                0x08003720                sd_read_ocr
 .text.Reset_Handler
                0x08003794       0x50 ./Core/Startup/startup_stm32f411ceux.o
                0x08003794                Reset_Handler
 .text.Default_Handler
                0x080037e4        0x2 ./Core/Startup/startup_stm32f411ceux.o
                0x080037e4                RTC_Alarm_IRQHandler
                0x080037e4                EXTI2_IRQHandler
                0x080037e4                SPI4_IRQHandler
                0x080037e4                TIM1_CC_IRQHandler
                0x080037e4                DMA2_Stream5_IRQHandler
                0x080037e4                DMA1_Stream5_IRQHandler
                0x080037e4                PVD_IRQHandler
                0x080037e4                SDIO_IRQHandler
                0x080037e4                TAMP_STAMP_IRQHandler
                0x080037e4                EXTI3_IRQHandler
                0x080037e4                TIM1_UP_TIM10_IRQHandler
                0x080037e4                I2C3_ER_IRQHandler
                0x080037e4                EXTI0_IRQHandler
                0x080037e4                I2C2_EV_IRQHandler
                0x080037e4                DMA1_Stream2_IRQHandler
                0x080037e4                FPU_IRQHandler
                0x080037e4                DMA2_Stream2_IRQHandler
                0x080037e4                SPI1_IRQHandler
                0x080037e4                TIM1_BRK_TIM9_IRQHandler
                0x080037e4                DMA2_Stream3_IRQHandler
                0x080037e4                USART6_IRQHandler
                0x080037e4                TIM4_IRQHandler
                0x080037e4                I2C1_EV_IRQHandler
                0x080037e4                DMA1_Stream6_IRQHandler
                0x080037e4                DMA1_Stream1_IRQHandler
                0x080037e4                TIM3_IRQHandler
                0x080037e4                RCC_IRQHandler
                0x080037e4                Default_Handler
                0x080037e4                EXTI15_10_IRQHandler
                0x080037e4                ADC_IRQHandler
                0x080037e4                DMA1_Stream7_IRQHandler
                0x080037e4                SPI5_IRQHandler
                0x080037e4                TIM5_IRQHandler
                0x080037e4                DMA2_Stream7_IRQHandler
                0x080037e4                I2C3_EV_IRQHandler
                0x080037e4                EXTI9_5_IRQHandler
                0x080037e4                RTC_WKUP_IRQHandler
                0x080037e4                SPI2_IRQHandler
                0x080037e4                DMA1_Stream0_IRQHandler
                0x080037e4                EXTI4_IRQHandler
                0x080037e4                WWDG_IRQHandler
                0x080037e4                TIM2_IRQHandler
                0x080037e4                OTG_FS_WKUP_IRQHandler
                0x080037e4                TIM1_TRG_COM_TIM11_IRQHandler
                0x080037e4                EXTI1_IRQHandler
                0x080037e4                USART2_IRQHandler
                0x080037e4                I2C2_ER_IRQHandler
                0x080037e4                DMA2_Stream1_IRQHandler
                0x080037e4                FLASH_IRQHandler
                0x080037e4                DMA2_Stream4_IRQHandler
                0x080037e4                USART1_IRQHandler
                0x080037e4                OTG_FS_IRQHandler
                0x080037e4                SPI3_IRQHandler
                0x080037e4                DMA1_Stream4_IRQHandler
                0x080037e4                I2C1_ER_IRQHandler
                0x080037e4                DMA2_Stream6_IRQHandler
                0x080037e4                DMA1_Stream3_IRQHandler
 *fill*         0x080037e6        0x2 
 .text.HAL_Init
                0x080037e8       0x44 ./Drivers/STM32F4xx_HAL_Driver/Src/stm32f4xx_hal.o
                0x080037e8                HAL_Init
 .text.HAL_InitTick
                0x0800382c       0x60 ./Drivers/STM32F4xx_HAL_Driver/Src/stm32f4xx_hal.o
                0x0800382c                HAL_InitTick
 .text.HAL_IncTick
                0x0800388c       0x28 ./Drivers/STM32F4xx_HAL_Driver/Src/stm32f4xx_hal.o
                0x0800388c                HAL_IncTick
 .text.HAL_GetTick
                0x080038b4       0x18 ./Drivers/STM32F4xx_HAL_Driver/Src/stm32f4xx_hal.o
                0x080038b4                HAL_GetTick
 .text.HAL_Delay
                0x080038cc       0x48 ./Drivers/STM32F4xx_HAL_Driver/Src/stm32f4xx_hal.o
                0x080038cc                HAL_Delay
 .text.HAL_ADC_Init
                0x08003914       0x86 ./Drivers/STM32F4xx_HAL_Driver/Src/stm32f4xx_hal_adc.o
                0x08003914                HAL_ADC_Init
 *fill*         0x0800399a        0x2 
 .text.HAL_ADC_Start_DMA
                0x0800399c      0x1e8 ./Drivers/STM32F4xx_HAL_Driver/Src/stm32f4xx_hal_adc.o
                0x0800399c                HAL_ADC_Start_DMA
 .text.HAL_ADC_ErrorCallback
                0x08003b84       0x14 ./Drivers/STM32F4xx_HAL_Driver/Src/stm32f4xx_hal_adc.o
                0x08003b84                HAL_ADC_ErrorCallback
 .text.HAL_ADC_ConfigChannel
                0x08003b98      0x264 ./Drivers/STM32F4xx_HAL_Driver/Src/stm32f4xx_hal_adc.o
                0x08003b98                HAL_ADC_ConfigChannel
 .text.ADC_Init
                0x08003dfc      0x1f8 ./Drivers/STM32F4xx_HAL_Driver/Src/stm32f4xx_hal_adc.o
 .text.ADC_DMAConvCplt
                0x08003ff4       0xba ./Drivers/STM32F4xx_HAL_Driver/Src/stm32f4xx_hal_adc.o
 .text.ADC_DMAHalfConvCplt
                0x080040ae       0x1c ./Drivers/STM32F4xx_HAL_Driver/Src/stm32f4xx_hal_adc.o
 .text.ADC_DMAError
                0x080040ca       0x2e ./Drivers/STM32F4xx_HAL_Driver/Src/stm32f4xx_hal_adc.o
 .text.__NVIC_SetPriorityGrouping
                0x080040f8       0x48 ./Drivers/STM32F4xx_HAL_Driver/Src/stm32f4xx_hal_cortex.o
 .text.__NVIC_GetPriorityGrouping
                0x08004140       0x1c ./Drivers/STM32F4xx_HAL_Driver/Src/stm32f4xx_hal_cortex.o
 .text.__NVIC_EnableIRQ
                0x0800415c       0x3c ./Drivers/STM32F4xx_HAL_Driver/Src/stm32f4xx_hal_cortex.o
 .text.__NVIC_SetPriority
                0x08004198       0x54 ./Drivers/STM32F4xx_HAL_Driver/Src/stm32f4xx_hal_cortex.o
 .text.NVIC_EncodePriority
                0x080041ec       0x66 ./Drivers/STM32F4xx_HAL_Driver/Src/stm32f4xx_hal_cortex.o
 *fill*         0x08004252        0x2 
 .text.SysTick_Config
                0x08004254       0x44 ./Drivers/STM32F4xx_HAL_Driver/Src/stm32f4xx_hal_cortex.o
 .text.HAL_NVIC_SetPriorityGrouping
                0x08004298       0x16 ./Drivers/STM32F4xx_HAL_Driver/Src/stm32f4xx_hal_cortex.o
                0x08004298                HAL_NVIC_SetPriorityGrouping
 .text.HAL_NVIC_SetPriority
                0x080042ae       0x38 ./Drivers/STM32F4xx_HAL_Driver/Src/stm32f4xx_hal_cortex.o
                0x080042ae                HAL_NVIC_SetPriority
 .text.HAL_NVIC_EnableIRQ
                0x080042e6       0x1c ./Drivers/STM32F4xx_HAL_Driver/Src/stm32f4xx_hal_cortex.o
                0x080042e6                HAL_NVIC_EnableIRQ
 .text.HAL_SYSTICK_Config
                0x08004302       0x18 ./Drivers/STM32F4xx_HAL_Driver/Src/stm32f4xx_hal_cortex.o
                0x08004302                HAL_SYSTICK_Config
 *fill*         0x0800431a        0x2 
 .text.HAL_DMA_Init
                0x0800431c      0x15c ./Drivers/STM32F4xx_HAL_Driver/Src/stm32f4xx_hal_dma.o
                0x0800431c                HAL_DMA_Init
 .text.HAL_DMA_Start_IT
                0x08004478       0xb0 ./Drivers/STM32F4xx_HAL_Driver/Src/stm32f4xx_hal_dma.o
                0x08004478                HAL_DMA_Start_IT
 .text.HAL_DMA_IRQHandler
                0x08004528      0x314 ./Drivers/STM32F4xx_HAL_Driver/Src/stm32f4xx_hal_dma.o
                0x08004528                HAL_DMA_IRQHandler
 .text.DMA_SetConfig
                0x0800483c       0x5c ./Drivers/STM32F4xx_HAL_Driver/Src/stm32f4xx_hal_dma.o
 .text.DMA_CalcBaseAndBitshift
                0x08004898       0x6c ./Drivers/STM32F4xx_HAL_Driver/Src/stm32f4xx_hal_dma.o
 .text.DMA_CheckFifoParam
                0x08004904       0xf8 ./Drivers/STM32F4xx_HAL_Driver/Src/stm32f4xx_hal_dma.o
 .text.HAL_GPIO_Init
                0x080049fc      0x308 ./Drivers/STM32F4xx_HAL_Driver/Src/stm32f4xx_hal_gpio.o
                0x080049fc                HAL_GPIO_Init
 .text.HAL_GPIO_DeInit
                0x08004d04      0x1c8 ./Drivers/STM32F4xx_HAL_Driver/Src/stm32f4xx_hal_gpio.o
                0x08004d04                HAL_GPIO_DeInit
 .text.HAL_GPIO_ReadPin
                0x08004ecc       0x30 ./Drivers/STM32F4xx_HAL_Driver/Src/stm32f4xx_hal_gpio.o
                0x08004ecc                HAL_GPIO_ReadPin
 .text.HAL_GPIO_WritePin
                0x08004efc       0x32 ./Drivers/STM32F4xx_HAL_Driver/Src/stm32f4xx_hal_gpio.o
                0x08004efc                HAL_GPIO_WritePin
 *fill*         0x08004f2e        0x2 
 .text.HAL_I2C_Init
                0x08004f30      0x288 ./Drivers/STM32F4xx_HAL_Driver/Src/stm32f4xx_hal_i2c.o
                0x08004f30                HAL_I2C_Init
 .text.HAL_I2C_Master_Transmit
                0x080051b8      0x1fc ./Drivers/STM32F4xx_HAL_Driver/Src/stm32f4xx_hal_i2c.o
                0x080051b8                HAL_I2C_Master_Transmit
 .text.I2C_MasterRequestWrite
                0x080053b4      0x104 ./Drivers/STM32F4xx_HAL_Driver/Src/stm32f4xx_hal_i2c.o
 .text.I2C_WaitOnFlagUntilTimeout
                0x080054b8       0xf4 ./Drivers/STM32F4xx_HAL_Driver/Src/stm32f4xx_hal_i2c.o
 .text.I2C_WaitOnMasterAddressFlagUntilTimeout
                0x080055ac      0x140 ./Drivers/STM32F4xx_HAL_Driver/Src/stm32f4xx_hal_i2c.o
 .text.I2C_WaitOnTXEFlagUntilTimeout
                0x080056ec       0x90 ./Drivers/STM32F4xx_HAL_Driver/Src/stm32f4xx_hal_i2c.o
 .text.I2C_WaitOnBTFFlagUntilTimeout
                0x0800577c       0x90 ./Drivers/STM32F4xx_HAL_Driver/Src/stm32f4xx_hal_i2c.o
 .text.I2C_IsAcknowledgeFailed
                0x0800580c       0x5e ./Drivers/STM32F4xx_HAL_Driver/Src/stm32f4xx_hal_i2c.o
 *fill*         0x0800586a        0x2 
 .text.HAL_RCC_OscConfig
                0x0800586c      0x4f0 ./Drivers/STM32F4xx_HAL_Driver/Src/stm32f4xx_hal_rcc.o
                0x0800586c                HAL_RCC_OscConfig
 .text.HAL_RCC_ClockConfig
                0x08005d5c      0x1cc ./Drivers/STM32F4xx_HAL_Driver/Src/stm32f4xx_hal_rcc.o
                0x08005d5c                HAL_RCC_ClockConfig
 .text.HAL_RCC_GetSysClockFreq
                0x08005f28      0x18c ./Drivers/STM32F4xx_HAL_Driver/Src/stm32f4xx_hal_rcc.o
                0x08005f28                HAL_RCC_GetSysClockFreq
 .text.HAL_RCC_GetHCLKFreq
                0x080060b4       0x18 ./Drivers/STM32F4xx_HAL_Driver/Src/stm32f4xx_hal_rcc.o
                0x080060b4                HAL_RCC_GetHCLKFreq
 .text.HAL_RCC_GetPCLK1Freq
                0x080060cc       0x28 ./Drivers/STM32F4xx_HAL_Driver/Src/stm32f4xx_hal_rcc.o
                0x080060cc                HAL_RCC_GetPCLK1Freq
 .text.HAL_RCCEx_PeriphCLKConfig
                0x080060f4      0x1e0 ./Drivers/STM32F4xx_HAL_Driver/Src/stm32f4xx_hal_rcc_ex.o
                0x080060f4                HAL_RCCEx_PeriphCLKConfig
 .text.HAL_RTC_Init
                0x080062d4      0x102 ./Drivers/STM32F4xx_HAL_Driver/Src/stm32f4xx_hal_rtc.o
                0x080062d4                HAL_RTC_Init
 .text.HAL_RTC_SetTime
                0x080063d6      0x134 ./Drivers/STM32F4xx_HAL_Driver/Src/stm32f4xx_hal_rtc.o
                0x080063d6                HAL_RTC_SetTime
 .text.HAL_RTC_GetTime
                0x0800650a       0xbc ./Drivers/STM32F4xx_HAL_Driver/Src/stm32f4xx_hal_rtc.o
                0x0800650a                HAL_RTC_GetTime
 .text.HAL_RTC_SetDate
                0x080065c6      0x108 ./Drivers/STM32F4xx_HAL_Driver/Src/stm32f4xx_hal_rtc.o
                0x080065c6                HAL_RTC_SetDate
 .text.HAL_RTC_GetDate
                0x080066ce       0x9e ./Drivers/STM32F4xx_HAL_Driver/Src/stm32f4xx_hal_rtc.o
                0x080066ce                HAL_RTC_GetDate
 .text.HAL_RTC_WaitForSynchro
                0x0800676c       0x4c ./Drivers/STM32F4xx_HAL_Driver/Src/stm32f4xx_hal_rtc.o
                0x0800676c                HAL_RTC_WaitForSynchro
 .text.RTC_EnterInitMode
                0x080067b8       0x6e ./Drivers/STM32F4xx_HAL_Driver/Src/stm32f4xx_hal_rtc.o
                0x080067b8                RTC_EnterInitMode
 .text.RTC_ExitInitMode
                0x08006826       0x4a ./Drivers/STM32F4xx_HAL_Driver/Src/stm32f4xx_hal_rtc.o
                0x08006826                RTC_ExitInitMode
 .text.RTC_ByteToBcd2
                0x08006870       0x3c ./Drivers/STM32F4xx_HAL_Driver/Src/stm32f4xx_hal_rtc.o
                0x08006870                RTC_ByteToBcd2
 .text.RTC_Bcd2ToByte
                0x080068ac       0x3c ./Drivers/STM32F4xx_HAL_Driver/Src/stm32f4xx_hal_rtc.o
                0x080068ac                RTC_Bcd2ToByte
 .text.HAL_RTCEx_BKUPWrite
                0x080068e8       0x34 ./Drivers/STM32F4xx_HAL_Driver/Src/stm32f4xx_hal_rtc_ex.o
                0x080068e8                HAL_RTCEx_BKUPWrite
 .text.HAL_RTCEx_BKUPRead
                0x0800691c       0x30 ./Drivers/STM32F4xx_HAL_Driver/Src/stm32f4xx_hal_rtc_ex.o
                0x0800691c                HAL_RTCEx_BKUPRead
 .text.HAL_SPI_Init
                0x0800694c      0x112 ./Drivers/STM32F4xx_HAL_Driver/Src/stm32f4xx_hal_spi.o
                0x0800694c                HAL_SPI_Init
 .text.HAL_SPI_DeInit
                0x08006a5e       0x50 ./Drivers/STM32F4xx_HAL_Driver/Src/stm32f4xx_hal_spi.o
                0x08006a5e                HAL_SPI_DeInit
 .text.HAL_SPI_Transmit
                0x08006aae      0x288 ./Drivers/STM32F4xx_HAL_Driver/Src/stm32f4xx_hal_spi.o
                0x08006aae                HAL_SPI_Transmit
 .text.HAL_SPI_TransmitReceive
                0x08006d36      0x352 ./Drivers/STM32F4xx_HAL_Driver/Src/stm32f4xx_hal_spi.o
                0x08006d36                HAL_SPI_TransmitReceive
 .text.SPI_WaitFlagStateUntilTimeout
                0x08007088      0x110 ./Drivers/STM32F4xx_HAL_Driver/Src/stm32f4xx_hal_spi.o
 .text.SPI_EndRxTxTransaction
                0x08007198       0xa8 ./Drivers/STM32F4xx_HAL_Driver/Src/stm32f4xx_hal_spi.o
 .text.MX_FATFS_Init
                0x08007240       0x24 ./FATFS/App/fatfs.o
                0x08007240                MX_FATFS_Init
 .text.get_fattime
                0x08007264       0x10 ./FATFS/App/fatfs.o
                0x08007264                get_fattime
 .text.USER_initialize
                0x08007274       0x28 ./FATFS/Target/user_diskio.o
                0x08007274                USER_initialize
 .text.USER_status
                0x0800729c       0x28 ./FATFS/Target/user_diskio.o
                0x0800729c                USER_status
 .text.USER_read
                0x080072c4       0x1e ./FATFS/Target/user_diskio.o
                0x080072c4                USER_read
 .text.USER_write
                0x080072e2       0x1e ./FATFS/Target/user_diskio.o
                0x080072e2                USER_write
 .text.USER_ioctl
                0x08007300       0x22 ./FATFS/Target/user_diskio.o
                0x08007300                USER_ioctl
 .text.ld_word  0x08007322       0x32 ./Middlewares/Third_Party/FatFs/src/ff.o
 .text.ld_dword
                0x08007354       0x46 ./Middlewares/Third_Party/FatFs/src/ff.o
 .text.st_word  0x0800739a       0x36 ./Middlewares/Third_Party/FatFs/src/ff.o
 .text.st_dword
                0x080073d0       0x58 ./Middlewares/Third_Party/FatFs/src/ff.o
 .text.mem_cpy  0x08007428       0x42 ./Middlewares/Third_Party/FatFs/src/ff.o
 .text.mem_set  0x0800746a       0x36 ./Middlewares/Third_Party/FatFs/src/ff.o
 .text.mem_cmp  0x080074a0       0x4e ./Middlewares/Third_Party/FatFs/src/ff.o
 .text.chk_chr  0x080074ee       0x36 ./Middlewares/Third_Party/FatFs/src/ff.o
 .text.chk_lock
                0x08007524       0xb8 ./Middlewares/Third_Party/FatFs/src/ff.o
 .text.enq_lock
                0x080075dc       0x44 ./Middlewares/Third_Party/FatFs/src/ff.o
 .text.inc_lock
                0x08007620      0x11c ./Middlewares/Third_Party/FatFs/src/ff.o
 .text.dec_lock
                0x0800773c       0x78 ./Middlewares/Third_Party/FatFs/src/ff.o
 .text.clear_lock
                0x080077b4       0x48 ./Middlewares/Third_Party/FatFs/src/ff.o
 .text.sync_window
                0x080077fc       0x88 ./Middlewares/Third_Party/FatFs/src/ff.o
 .text.move_window
                0x08007884       0x5a ./Middlewares/Third_Party/FatFs/src/ff.o
 *fill*         0x080078de        0x2 
 .text.sync_fs  0x080078e0       0xdc ./Middlewares/Third_Party/FatFs/src/ff.o
 .text.clust2sect
                0x080079bc       0x3e ./Middlewares/Third_Party/FatFs/src/ff.o
 .text.get_fat  0x080079fa      0x14e ./Middlewares/Third_Party/FatFs/src/ff.o
 .text.put_fat  0x08007b48      0x1d4 ./Middlewares/Third_Party/FatFs/src/ff.o
 .text.remove_chain
                0x08007d1c       0xca ./Middlewares/Third_Party/FatFs/src/ff.o
 .text.create_chain
                0x08007de6      0x130 ./Middlewares/Third_Party/FatFs/src/ff.o
 .text.clmt_clust
                0x08007f16       0x68 ./Middlewares/Third_Party/FatFs/src/ff.o
 .text.dir_sdi  0x08007f7e       0xf6 ./Middlewares/Third_Party/FatFs/src/ff.o
 .text.dir_next
                0x08008074      0x18a ./Middlewares/Third_Party/FatFs/src/ff.o
 .text.dir_alloc
                0x080081fe       0x8e ./Middlewares/Third_Party/FatFs/src/ff.o
 .text.ld_clust
                0x0800828c       0x3e ./Middlewares/Third_Party/FatFs/src/ff.o
 .text.st_clust
                0x080082ca       0x40 ./Middlewares/Third_Party/FatFs/src/ff.o
 .text.dir_read
                0x0800830a       0xba ./Middlewares/Third_Party/FatFs/src/ff.o
 .text.dir_find
                0x080083c4       0xaa ./Middlewares/Third_Party/FatFs/src/ff.o
 .text.dir_register
                0x0800846e       0x64 ./Middlewares/Third_Party/FatFs/src/ff.o
 .text.get_fileinfo
                0x080084d2       0xc0 ./Middlewares/Third_Party/FatFs/src/ff.o
 *fill*         0x08008592        0x2 
 .text.create_name
                0x08008594      0x128 ./Middlewares/Third_Party/FatFs/src/ff.o
 .text.follow_path
                0x080086bc       0xe2 ./Middlewares/Third_Party/FatFs/src/ff.o
 .text.get_ldnumber
                0x0800879e       0x88 ./Middlewares/Third_Party/FatFs/src/ff.o
 *fill*         0x08008826        0x2 
 .text.check_fs
                0x08008828       0xac ./Middlewares/Third_Party/FatFs/src/ff.o
 .text.find_volume
                0x080088d4      0x498 ./Middlewares/Third_Party/FatFs/src/ff.o
 .text.validate
                0x08008d6c       0x6a ./Middlewares/Third_Party/FatFs/src/ff.o
 *fill*         0x08008dd6        0x2 
 .text.f_mount  0x08008dd8       0x8c ./Middlewares/Third_Party/FatFs/src/ff.o
                0x08008dd8                f_mount
 .text.f_open   0x08008e64      0x374 ./Middlewares/Third_Party/FatFs/src/ff.o
                0x08008e64                f_open
 .text.f_read   0x080091d8      0x27e ./Middlewares/Third_Party/FatFs/src/ff.o
                0x080091d8                f_read
 .text.f_sync   0x08009456       0xfc ./Middlewares/Third_Party/FatFs/src/ff.o
                0x08009456                f_sync
 .text.f_close  0x08009552       0x54 ./Middlewares/Third_Party/FatFs/src/ff.o
                0x08009552                f_close
 .text.f_opendir
                0x080095a6       0xe6 ./Middlewares/Third_Party/FatFs/src/ff.o
                0x080095a6                f_opendir
 .text.f_closedir
                0x0800968c       0x4c ./Middlewares/Third_Party/FatFs/src/ff.o
                0x0800968c                f_closedir
 .text.f_readdir
                0x080096d8       0x7a ./Middlewares/Third_Party/FatFs/src/ff.o
                0x080096d8                f_readdir
 *fill*         0x08009752        0x2 
 .text.FATFS_LinkDriverEx
                0x08009754       0x98 ./Middlewares/Third_Party/FatFs/src/ff_gen_drv.o
                0x08009754                FATFS_LinkDriverEx
 .text.FATFS_LinkDriver
                0x080097ec       0x1e ./Middlewares/Third_Party/FatFs/src/ff_gen_drv.o
                0x080097ec                FATFS_LinkDriver
 *fill*         0x0800980a        0x2 
 .text.sprintf  0x0800980c       0x44 E:/progs/STM32/CUBEIde/STM32CubeIDE_1.19.0/STM32CubeIDE/plugins/com.st.stm32cube.ide.mcu.externaltools.gnu-tools-for-stm32.13.3.rel1.win32_1.0.0.202411081344/tools/bin/../lib/gcc/arm-none-eabi/13.3.1/../../../../arm-none-eabi/lib/thumb/v7e-m+fp/hard\libc_nano.a(libc_a-sprintf.o)
                0x0800980c                siprintf
                0x0800980c                sprintf
 .text.memset   0x08009850       0x10 E:/progs/STM32/CUBEIde/STM32CubeIDE_1.19.0/STM32CubeIDE/plugins/com.st.stm32cube.ide.mcu.externaltools.gnu-tools-for-stm32.13.3.rel1.win32_1.0.0.202411081344/tools/bin/../lib/gcc/arm-none-eabi/13.3.1/../../../../arm-none-eabi/lib/thumb/v7e-m+fp/hard\libc_nano.a(libc_a-memset.o)
                0x08009850                memset
 .text.strncpy  0x08009860       0x26 E:/progs/STM32/CUBEIde/STM32CubeIDE_1.19.0/STM32CubeIDE/plugins/com.st.stm32cube.ide.mcu.externaltools.gnu-tools-for-stm32.13.3.rel1.win32_1.0.0.202411081344/tools/bin/../lib/gcc/arm-none-eabi/13.3.1/../../../../arm-none-eabi/lib/thumb/v7e-m+fp/hard\libc_nano.a(libc_a-strncpy.o)
                0x08009860                strncpy
 *fill*         0x08009886        0x2 
 .text.__errno  0x08009888        0xc E:/progs/STM32/CUBEIde/STM32CubeIDE_1.19.0/STM32CubeIDE/plugins/com.st.stm32cube.ide.mcu.externaltools.gnu-tools-for-stm32.13.3.rel1.win32_1.0.0.202411081344/tools/bin/../lib/gcc/arm-none-eabi/13.3.1/../../../../arm-none-eabi/lib/thumb/v7e-m+fp/hard\libc_nano.a(libc_a-errno.o)
                0x08009888                __errno
 .text.__libc_init_array
                0x08009894       0x48 E:/progs/STM32/CUBEIde/STM32CubeIDE_1.19.0/STM32CubeIDE/plugins/com.st.stm32cube.ide.mcu.externaltools.gnu-tools-for-stm32.13.3.rel1.win32_1.0.0.202411081344/tools/bin/../lib/gcc/arm-none-eabi/13.3.1/../../../../arm-none-eabi/lib/thumb/v7e-m+fp/hard\libc_nano.a(libc_a-init.o)
                0x08009894                __libc_init_array
 .text.__retarget_lock_acquire_recursive
                0x080098dc        0x2 E:/progs/STM32/CUBEIde/STM32CubeIDE_1.19.0/STM32CubeIDE/plugins/com.st.stm32cube.ide.mcu.externaltools.gnu-tools-for-stm32.13.3.rel1.win32_1.0.0.202411081344/tools/bin/../lib/gcc/arm-none-eabi/13.3.1/../../../../arm-none-eabi/lib/thumb/v7e-m+fp/hard\libc_nano.a(libc_a-lock.o)
                0x080098dc                __retarget_lock_acquire_recursive
 .text.__retarget_lock_release_recursive
                0x080098de        0x2 E:/progs/STM32/CUBEIde/STM32CubeIDE_1.19.0/STM32CubeIDE/plugins/com.st.stm32cube.ide.mcu.externaltools.gnu-tools-for-stm32.13.3.rel1.win32_1.0.0.202411081344/tools/bin/../lib/gcc/arm-none-eabi/13.3.1/../../../../arm-none-eabi/lib/thumb/v7e-m+fp/hard\libc_nano.a(libc_a-lock.o)
                0x080098de                __retarget_lock_release_recursive
 .text.memcpy   0x080098e0       0x1c E:/progs/STM32/CUBEIde/STM32CubeIDE_1.19.0/STM32CubeIDE/plugins/com.st.stm32cube.ide.mcu.externaltools.gnu-tools-for-stm32.13.3.rel1.win32_1.0.0.202411081344/tools/bin/../lib/gcc/arm-none-eabi/13.3.1/../../../../arm-none-eabi/lib/thumb/v7e-m+fp/hard\libc_nano.a(libc_a-memcpy-stub.o)
                0x080098e0                memcpy
 .text._free_r  0x080098fc       0x94 E:/progs/STM32/CUBEIde/STM32CubeIDE_1.19.0/STM32CubeIDE/plugins/com.st.stm32cube.ide.mcu.externaltools.gnu-tools-for-stm32.13.3.rel1.win32_1.0.0.202411081344/tools/bin/../lib/gcc/arm-none-eabi/13.3.1/../../../../arm-none-eabi/lib/thumb/v7e-m+fp/hard\libc_nano.a(libc_a-freer.o)
                0x080098fc                _free_r
 .text.sbrk_aligned
                0x08009990       0x44 E:/progs/STM32/CUBEIde/STM32CubeIDE_1.19.0/STM32CubeIDE/plugins/com.st.stm32cube.ide.mcu.externaltools.gnu-tools-for-stm32.13.3.rel1.win32_1.0.0.202411081344/tools/bin/../lib/gcc/arm-none-eabi/13.3.1/../../../../arm-none-eabi/lib/thumb/v7e-m+fp/hard\libc_nano.a(libc_a-mallocr.o)
 .text._malloc_r
                0x080099d4      0x100 E:/progs/STM32/CUBEIde/STM32CubeIDE_1.19.0/STM32CubeIDE/plugins/com.st.stm32cube.ide.mcu.externaltools.gnu-tools-for-stm32.13.3.rel1.win32_1.0.0.202411081344/tools/bin/../lib/gcc/arm-none-eabi/13.3.1/../../../../arm-none-eabi/lib/thumb/v7e-m+fp/hard\libc_nano.a(libc_a-mallocr.o)
                0x080099d4                _malloc_r
 .text.__malloc_lock
                0x08009ad4        0xc E:/progs/STM32/CUBEIde/STM32CubeIDE_1.19.0/STM32CubeIDE/plugins/com.st.stm32cube.ide.mcu.externaltools.gnu-tools-for-stm32.13.3.rel1.win32_1.0.0.202411081344/tools/bin/../lib/gcc/arm-none-eabi/13.3.1/../../../../arm-none-eabi/lib/thumb/v7e-m+fp/hard\libc_nano.a(libc_a-mlock.o)
                0x08009ad4                __malloc_lock
 .text.__malloc_unlock
                0x08009ae0        0xc E:/progs/STM32/CUBEIde/STM32CubeIDE_1.19.0/STM32CubeIDE/plugins/com.st.stm32cube.ide.mcu.externaltools.gnu-tools-for-stm32.13.3.rel1.win32_1.0.0.202411081344/tools/bin/../lib/gcc/arm-none-eabi/13.3.1/../../../../arm-none-eabi/lib/thumb/v7e-m+fp/hard\libc_nano.a(libc_a-mlock.o)
                0x08009ae0                __malloc_unlock
 .text.__ssputs_r
                0x08009aec       0xb6 E:/progs/STM32/CUBEIde/STM32CubeIDE_1.19.0/STM32CubeIDE/plugins/com.st.stm32cube.ide.mcu.externaltools.gnu-tools-for-stm32.13.3.rel1.win32_1.0.0.202411081344/tools/bin/../lib/gcc/arm-none-eabi/13.3.1/../../../../arm-none-eabi/lib/thumb/v7e-m+fp/hard\libc_nano.a(libc_a-nano-svfprintf.o)
                0x08009aec                __ssputs_r
 *fill*         0x08009ba2        0x2 
 .text._svfprintf_r
                0x08009ba4      0x1f8 E:/progs/STM32/CUBEIde/STM32CubeIDE_1.19.0/STM32CubeIDE/plugins/com.st.stm32cube.ide.mcu.externaltools.gnu-tools-for-stm32.13.3.rel1.win32_1.0.0.202411081344/tools/bin/../lib/gcc/arm-none-eabi/13.3.1/../../../../arm-none-eabi/lib/thumb/v7e-m+fp/hard\libc_nano.a(libc_a-nano-svfprintf.o)
                0x08009ba4                _svfiprintf_r
                0x08009ba4                _svfprintf_r
 .text._printf_common
                0x08009d9c       0xda E:/progs/STM32/CUBEIde/STM32CubeIDE_1.19.0/STM32CubeIDE/plugins/com.st.stm32cube.ide.mcu.externaltools.gnu-tools-for-stm32.13.3.rel1.win32_1.0.0.202411081344/tools/bin/../lib/gcc/arm-none-eabi/13.3.1/../../../../arm-none-eabi/lib/thumb/v7e-m+fp/hard\libc_nano.a(libc_a-nano-vfprintf_i.o)
                0x08009d9c                _printf_common
 *fill*         0x08009e76        0x2 
 .text._printf_i
                0x08009e78      0x23c E:/progs/STM32/CUBEIde/STM32CubeIDE_1.19.0/STM32CubeIDE/plugins/com.st.stm32cube.ide.mcu.externaltools.gnu-tools-for-stm32.13.3.rel1.win32_1.0.0.202411081344/tools/bin/../lib/gcc/arm-none-eabi/13.3.1/../../../../arm-none-eabi/lib/thumb/v7e-m+fp/hard\libc_nano.a(libc_a-nano-vfprintf_i.o)
                0x08009e78                _printf_i
 .text.memmove  0x0800a0b4       0x34 E:/progs/STM32/CUBEIde/STM32CubeIDE_1.19.0/STM32CubeIDE/plugins/com.st.stm32cube.ide.mcu.externaltools.gnu-tools-for-stm32.13.3.rel1.win32_1.0.0.202411081344/tools/bin/../lib/gcc/arm-none-eabi/13.3.1/../../../../arm-none-eabi/lib/thumb/v7e-m+fp/hard\libc_nano.a(libc_a-memmove.o)
                0x0800a0b4                memmove
 .text._sbrk_r  0x0800a0e8       0x20 E:/progs/STM32/CUBEIde/STM32CubeIDE_1.19.0/STM32CubeIDE/plugins/com.st.stm32cube.ide.mcu.externaltools.gnu-tools-for-stm32.13.3.rel1.win32_1.0.0.202411081344/tools/bin/../lib/gcc/arm-none-eabi/13.3.1/../../../../arm-none-eabi/lib/thumb/v7e-m+fp/hard\libc_nano.a(libc_a-sbrkr.o)
                0x0800a0e8                _sbrk_r
 .text._realloc_r
                0x0800a108       0x5c E:/progs/STM32/CUBEIde/STM32CubeIDE_1.19.0/STM32CubeIDE/plugins/com.st.stm32cube.ide.mcu.externaltools.gnu-tools-for-stm32.13.3.rel1.win32_1.0.0.202411081344/tools/bin/../lib/gcc/arm-none-eabi/13.3.1/../../../../arm-none-eabi/lib/thumb/v7e-m+fp/hard\libc_nano.a(libc_a-reallocr.o)
                0x0800a108                _realloc_r
 .text._malloc_usable_size_r
                0x0800a164       0x10 E:/progs/STM32/CUBEIde/STM32CubeIDE_1.19.0/STM32CubeIDE/plugins/com.st.stm32cube.ide.mcu.externaltools.gnu-tools-for-stm32.13.3.rel1.win32_1.0.0.202411081344/tools/bin/../lib/gcc/arm-none-eabi/13.3.1/../../../../arm-none-eabi/lib/thumb/v7e-m+fp/hard\libc_nano.a(libc_a-msizer.o)
                0x0800a164                _malloc_usable_size_r
 *(.glue_7)
 .glue_7        0x0800a174        0x0 linker stubs
 *(.glue_7t)
 .glue_7t       0x0800a174        0x0 linker stubs
 *(.eh_frame)
 .eh_frame      0x0800a174        0x0 E:/progs/STM32/CUBEIde/STM32CubeIDE_1.19.0/STM32CubeIDE/plugins/com.st.stm32cube.ide.mcu.externaltools.gnu-tools-for-stm32.13.3.rel1.win32_1.0.0.202411081344/tools/bin/../lib/gcc/arm-none-eabi/13.3.1/thumb/v7e-m+fp/hard/crtbegin.o
 *(.init)
 .init          0x0800a174        0x4 E:/progs/STM32/CUBEIde/STM32CubeIDE_1.19.0/STM32CubeIDE/plugins/com.st.stm32cube.ide.mcu.externaltools.gnu-tools-for-stm32.13.3.rel1.win32_1.0.0.202411081344/tools/bin/../lib/gcc/arm-none-eabi/13.3.1/thumb/v7e-m+fp/hard/crti.o
                0x0800a174                _init
 .init          0x0800a178        0x8 E:/progs/STM32/CUBEIde/STM32CubeIDE_1.19.0/STM32CubeIDE/plugins/com.st.stm32cube.ide.mcu.externaltools.gnu-tools-for-stm32.13.3.rel1.win32_1.0.0.202411081344/tools/bin/../lib/gcc/arm-none-eabi/13.3.1/thumb/v7e-m+fp/hard/crtn.o
 *(.fini)
 .fini          0x0800a180        0x4 E:/progs/STM32/CUBEIde/STM32CubeIDE_1.19.0/STM32CubeIDE/plugins/com.st.stm32cube.ide.mcu.externaltools.gnu-tools-for-stm32.13.3.rel1.win32_1.0.0.202411081344/tools/bin/../lib/gcc/arm-none-eabi/13.3.1/thumb/v7e-m+fp/hard/crti.o
                0x0800a180                _fini
 .fini          0x0800a184        0x8 E:/progs/STM32/CUBEIde/STM32CubeIDE_1.19.0/STM32CubeIDE/plugins/com.st.stm32cube.ide.mcu.externaltools.gnu-tools-for-stm32.13.3.rel1.win32_1.0.0.202411081344/tools/bin/../lib/gcc/arm-none-eabi/13.3.1/thumb/v7e-m+fp/hard/crtn.o
                0x0800a18c                        . = ALIGN (0x4)
                0x0800a18c                        _etext = .

.vfp11_veneer   0x0800a18c        0x0
 .vfp11_veneer  0x0800a18c        0x0 linker stubs

.v4_bx          0x0800a18c        0x0
 .v4_bx         0x0800a18c        0x0 linker stubs

.iplt           0x0800a18c        0x0
 .iplt          0x0800a18c        0x0 E:/progs/STM32/CUBEIde/STM32CubeIDE_1.19.0/STM32CubeIDE/plugins/com.st.stm32cube.ide.mcu.externaltools.gnu-tools-for-stm32.13.3.rel1.win32_1.0.0.202411081344/tools/bin/../lib/gcc/arm-none-eabi/13.3.1/thumb/v7e-m+fp/hard/crtbegin.o

.rodata         0x0800a18c      0x480
                0x0800a18c                        . = ALIGN (0x4)
 *(.rodata)
 .rodata        0x0800a18c        0x9 ./Core/Src/Segger/SEGGER_RTT.o
 *fill*         0x0800a195        0x3 
 .rodata        0x0800a198        0x7 ./Core/Src/Segger/SEGGER_RTT_printf.o
 *fill*         0x0800a19f        0x1 
 .rodata        0x0800a1a0       0x8a ./Core/Src/main.o
 *fill*         0x0800a22a        0x2 
 .rodata        0x0800a22c       0x85 ./Core/Src/sd_card/sd_fs/sd_fs.o
 *fill*         0x0800a2b1        0x3 
 .rodata        0x0800a2b4       0x44 ./Middlewares/Third_Party/FatFs/src/ff.o
 *(.rodata*)
 .rodata._aInitStr.0
                0x0800a2f8       0x11 ./Core/Src/Segger/SEGGER_RTT.o
 *fill*         0x0800a309        0x3 
 .rodata._aV2C.0
                0x0800a30c       0x10 ./Core/Src/Segger/SEGGER_RTT_printf.o
 .rodata.charArray
                0x0800a31c      0x1e0 ./Core/Src/font/font.o
                0x0800a31c                charArray
 .rodata.analogTitle
                0x0800a4fc       0x11 ./Core/Src/main.o
                0x0800a4fc                analogTitle
 *fill*         0x0800a50d        0x3 
 .rodata.bluetoothTitle
                0x0800a510       0x11 ./Core/Src/main.o
                0x0800a510                bluetoothTitle
 *fill*         0x0800a521        0x3 
 .rodata.radioTitle
                0x0800a524       0x11 ./Core/Src/main.o
                0x0800a524                radioTitle
 *fill*         0x0800a535        0x3 
 .rodata.AHBPrescTable
                0x0800a538       0x10 ./Core/Src/system_stm32f4xx.o
                0x0800a538                AHBPrescTable
 .rodata.APBPrescTable
                0x0800a548        0x8 ./Core/Src/system_stm32f4xx.o
                0x0800a548                APBPrescTable
 .rodata.flagBitshiftOffset.0
                0x0800a550        0x8 ./Drivers/STM32F4xx_HAL_Driver/Src/stm32f4xx_hal_dma.o
 .rodata.ExCvt  0x0800a558       0x80 ./Middlewares/Third_Party/FatFs/src/ff.o
 .rodata._svfprintf_r.str1.1
                0x0800a5d8       0x33 E:/progs/STM32/CUBEIde/STM32CubeIDE_1.19.0/STM32CubeIDE/plugins/com.st.stm32cube.ide.mcu.externaltools.gnu-tools-for-stm32.13.3.rel1.win32_1.0.0.202411081344/tools/bin/../lib/gcc/arm-none-eabi/13.3.1/../../../../arm-none-eabi/lib/thumb/v7e-m+fp/hard\libc_nano.a(libc_a-nano-svfprintf.o)
                                 0x11 (size before relaxing)
 .rodata._printf_i.str1.1
                0x0800a60b       0x22 E:/progs/STM32/CUBEIde/STM32CubeIDE_1.19.0/STM32CubeIDE/plugins/com.st.stm32cube.ide.mcu.externaltools.gnu-tools-for-stm32.13.3.rel1.win32_1.0.0.202411081344/tools/bin/../lib/gcc/arm-none-eabi/13.3.1/../../../../arm-none-eabi/lib/thumb/v7e-m+fp/hard\libc_nano.a(libc_a-nano-vfprintf_i.o)
                0x0800a630                        . = ALIGN (0x4)
 *fill*         0x0800a60b        0x1 

.ARM.extab      0x0800a60c        0x0
                0x0800a60c                        . = ALIGN (0x4)
 *(.ARM.extab* .gnu.linkonce.armextab.*)
                0x0800a60c                        . = ALIGN (0x4)

.ARM            0x0800a60c        0x8
                0x0800a60c                        . = ALIGN (0x4)
                0x0800a60c                        __exidx_start = .
 *(.ARM.exidx*)
 .ARM.exidx     0x0800a60c        0x8 E:/progs/STM32/CUBEIde/STM32CubeIDE_1.19.0/STM32CubeIDE/plugins/com.st.stm32cube.ide.mcu.externaltools.gnu-tools-for-stm32.13.3.rel1.win32_1.0.0.202411081344/tools/bin/../lib/gcc/arm-none-eabi/13.3.1/../../../../arm-none-eabi/lib/thumb/v7e-m+fp/hard\libc_nano.a(libc_a-memchr.o)
 .ARM.exidx     0x0800a614        0x0 E:/progs/STM32/CUBEIde/STM32CubeIDE_1.19.0/STM32CubeIDE/plugins/com.st.stm32cube.ide.mcu.externaltools.gnu-tools-for-stm32.13.3.rel1.win32_1.0.0.202411081344/tools/bin/../lib/gcc/arm-none-eabi/13.3.1/thumb/v7e-m+fp/hard\libgcc.a(_udivmoddi4.o)
                                  0x8 (size before relaxing)
                0x0800a614                        __exidx_end = .
                0x0800a614                        . = ALIGN (0x4)

.preinit_array  0x0800a614        0x0
                0x0800a614                        . = ALIGN (0x4)
                0x0800a614                        PROVIDE (__preinit_array_start = .)
 *(.preinit_array*)
                0x0800a614                        PROVIDE (__preinit_array_end = .)
                0x0800a614                        . = ALIGN (0x4)

.init_array     0x0800a614        0x4
                0x0800a614                        . = ALIGN (0x4)
                0x0800a614                        PROVIDE (__init_array_start = .)
 *(SORT_BY_NAME(.init_array.*))
 *(.init_array*)
 .init_array    0x0800a614        0x4 E:/progs/STM32/CUBEIde/STM32CubeIDE_1.19.0/STM32CubeIDE/plugins/com.st.stm32cube.ide.mcu.externaltools.gnu-tools-for-stm32.13.3.rel1.win32_1.0.0.202411081344/tools/bin/../lib/gcc/arm-none-eabi/13.3.1/thumb/v7e-m+fp/hard/crtbegin.o
                0x0800a618                        PROVIDE (__init_array_end = .)
                0x0800a618                        . = ALIGN (0x4)

.fini_array     0x0800a618        0x4
                0x0800a618                        . = ALIGN (0x4)
                [!provide]                        PROVIDE (__fini_array_start = .)
 *(SORT_BY_NAME(.fini_array.*))
 *(.fini_array*)
 .fini_array    0x0800a618        0x4 E:/progs/STM32/CUBEIde/STM32CubeIDE_1.19.0/STM32CubeIDE/plugins/com.st.stm32cube.ide.mcu.externaltools.gnu-tools-for-stm32.13.3.rel1.win32_1.0.0.202411081344/tools/bin/../lib/gcc/arm-none-eabi/13.3.1/thumb/v7e-m+fp/hard/crtbegin.o
                [!provide]                        PROVIDE (__fini_array_end = .)
                0x0800a61c                        . = ALIGN (0x4)
                0x0800a61c                        _sidata = LOADADDR (.data)

.rel.dyn        0x0800a61c        0x0
 .rel.iplt      0x0800a61c        0x0 E:/progs/STM32/CUBEIde/STM32CubeIDE_1.19.0/STM32CubeIDE/plugins/com.st.stm32cube.ide.mcu.externaltools.gnu-tools-for-stm32.13.3.rel1.win32_1.0.0.202411081344/tools/bin/../lib/gcc/arm-none-eabi/13.3.1/thumb/v7e-m+fp/hard/crtbegin.o

.data           0x20000000       0x78 load address 0x0800a61c
                0x20000000                        . = ALIGN (0x4)
                0x20000000                        _sdata = .
 *(.data)
 *(.data*)
 .data.isSDCardInitialized
                0x20000000        0x1 ./Core/Src/main.o
                0x20000000                isSDCardInitialized
 .data.playMode
                0x20000001        0x1 ./Core/Src/main.o
                0x20000001                playMode
 .data.currentActivePin
                0x20000002        0x1 ./Core/Src/main.o
                0x20000002                currentActivePin
 *fill*         0x20000003        0x1 
 .data.textColor
                0x20000004        0x2 ./Core/Src/main.o
                0x20000004                textColor
 .data.radioHighValue
                0x20000006        0x1 ./Core/Src/main.o
                0x20000006                radioHighValue
 *fill*         0x20000007        0x1 
 .data.SystemCoreClock
                0x20000008        0x4 ./Core/Src/system_stm32f4xx.o
                0x20000008                SystemCoreClock
 .data.uwTickPrio
                0x2000000c        0x4 ./Drivers/STM32F4xx_HAL_Driver/Src/stm32f4xx_hal.o
                0x2000000c                uwTickPrio
 .data.uwTickFreq
                0x20000010        0x1 ./Drivers/STM32F4xx_HAL_Driver/Src/stm32f4xx_hal.o
                0x20000010                uwTickFreq
 .data.Stat     0x20000011        0x1 ./FATFS/Target/user_diskio.o
 *fill*         0x20000012        0x2 
 .data.USER_Driver
                0x20000014       0x14 ./FATFS/Target/user_diskio.o
                0x20000014                USER_Driver
 .data._impure_ptr
                0x20000028        0x4 E:/progs/STM32/CUBEIde/STM32CubeIDE_1.19.0/STM32CubeIDE/plugins/com.st.stm32cube.ide.mcu.externaltools.gnu-tools-for-stm32.13.3.rel1.win32_1.0.0.202411081344/tools/bin/../lib/gcc/arm-none-eabi/13.3.1/../../../../arm-none-eabi/lib/thumb/v7e-m+fp/hard\libc_nano.a(libc_a-impure.o)
                0x20000028                _impure_ptr
 .data._impure_data
                0x2000002c       0x4c E:/progs/STM32/CUBEIde/STM32CubeIDE_1.19.0/STM32CubeIDE/plugins/com.st.stm32cube.ide.mcu.externaltools.gnu-tools-for-stm32.13.3.rel1.win32_1.0.0.202411081344/tools/bin/../lib/gcc/arm-none-eabi/13.3.1/../../../../arm-none-eabi/lib/thumb/v7e-m+fp/hard\libc_nano.a(libc_a-impure.o)
                0x2000002c                _impure_data
 *(.RamFunc)
 *(.RamFunc*)
                0x20000078                        . = ALIGN (0x4)
                0x20000078                        _edata = .

.igot.plt       0x20000078        0x0 load address 0x0800a694
 .igot.plt      0x20000078        0x0 E:/progs/STM32/CUBEIde/STM32CubeIDE_1.19.0/STM32CubeIDE/plugins/com.st.stm32cube.ide.mcu.externaltools.gnu-tools-for-stm32.13.3.rel1.win32_1.0.0.202411081344/tools/bin/../lib/gcc/arm-none-eabi/13.3.1/thumb/v7e-m+fp/hard/crtbegin.o
                0x20000078                        . = ALIGN (0x4)

.bss            0x20000078     0xc9e0 load address 0x0800a694
                0x20000078                        _sbss = .
                0x20000078                        __bss_start__ = _sbss
 *(.bss)
 .bss           0x20000078       0x1c E:/progs/STM32/CUBEIde/STM32CubeIDE_1.19.0/STM32CubeIDE/plugins/com.st.stm32cube.ide.mcu.externaltools.gnu-tools-for-stm32.13.3.rel1.win32_1.0.0.202411081344/tools/bin/../lib/gcc/arm-none-eabi/13.3.1/thumb/v7e-m+fp/hard/crtbegin.o
 *(.bss*)
 .bss._SEGGER_RTT
                0x20000094       0xa8 ./Core/Src/Segger/SEGGER_RTT.o
                0x20000094                _SEGGER_RTT
 .bss._acUpBuffer
                0x2000013c      0x400 ./Core/Src/Segger/SEGGER_RTT.o
 .bss._acDownBuffer
                0x2000053c       0x10 ./Core/Src/Segger/SEGGER_RTT.o
 .bss.hadc1     0x2000054c       0x48 ./Core/Src/main.o
                0x2000054c                hadc1
 .bss.hdma_adc1
                0x20000594       0x60 ./Core/Src/main.o
                0x20000594                hdma_adc1
 .bss.hi2c1     0x200005f4       0x54 ./Core/Src/main.o
                0x200005f4                hi2c1
 .bss.hrtc      0x20000648       0x20 ./Core/Src/main.o
                0x20000648                hrtc
 .bss.hspi1     0x20000668       0x58 ./Core/Src/main.o
                0x20000668                hspi1
 .bss.hspi2     0x200006c0       0x58 ./Core/Src/main.o
                0x200006c0                hspi2
 .bss.isPartOfImageSent
                0x20000718        0x1 ./Core/Src/main.o
                0x20000718                isPartOfImageSent
 *fill*         0x20000719        0x3 
 .bss.mainTextBuffer
                0x2000071c     0x2ee0 ./Core/Src/main.o
                0x2000071c                mainTextBuffer
 .bss.titleTextBuffer
                0x200035fc     0x2ee0 ./Core/Src/main.o
                0x200035fc                titleTextBuffer
 .bss.subTextBuffer
                0x200064dc     0x2ee0 ./Core/Src/main.o
                0x200064dc                subTextBuffer
 .bss.tempBuffer
                0x200093bc     0x2ee0 ./Core/Src/main.o
                0x200093bc                tempBuffer
 .bss.adcParamValue
                0x2000c29c        0x2 ./Core/Src/main.o
                0x2000c29c                adcParamValue
 .bss.lastAdcParamValue
                0x2000c29e        0x2 ./Core/Src/main.o
                0x2000c29e                lastAdcParamValue
 .bss.batteryValue
                0x2000c2a0        0x2 ./Core/Src/main.o
                0x2000c2a0                batteryValue
 *fill*         0x2000c2a2        0x2 
 .bss.adcDmaBuffer
                0x2000c2a4      0x190 ./Core/Src/main.o
                0x2000c2a4                adcDmaBuffer
 .bss.isPrecisionMode
                0x2000c434        0x1 ./Core/Src/main.o
                0x2000c434                isPrecisionMode
 .bss.radioLowValue
                0x2000c435        0x1 ./Core/Src/main.o
                0x2000c435                radioLowValue
 .bss.lastMinuteValue
                0x2000c436        0x1 ./Core/Src/main.o
                0x2000c436                lastMinuteValue
 *fill*         0x2000c437        0x1 
 .bss.sTime     0x2000c438       0x14 ./Core/Src/main.o
                0x2000c438                sTime
 .bss.sDate     0x2000c44c        0x4 ./Core/Src/main.o
                0x2000c44c                sDate
 .bss.__sbrk_heap_end
                0x2000c450        0x4 ./Core/Src/sysmem.o
 .bss.fs        0x2000c454      0x230 ./Core/Src/sd_card/sd_fs/sd_fs.o
                0x2000c454                fs
 .bss.dir       0x2000c684       0x30 ./Core/Src/sd_card/sd_fs/sd_fs.o
                0x2000c684                dir
 .bss.fno       0x2000c6b4       0x18 ./Core/Src/sd_card/sd_fs/sd_fs.o
                0x2000c6b4                fno
 .bss.is_sdhc   0x2000c6cc        0x1 ./Core/Src/sd_card/sd_spi/sd_spi.o
 *fill*         0x2000c6cd        0x3 
 .bss.dummy_buffer
                0x2000c6d0      0x200 ./Core/Src/sd_card/sd_spi/sd_spi.o
 .bss.uwTick    0x2000c8d0        0x4 ./Drivers/STM32F4xx_HAL_Driver/Src/stm32f4xx_hal.o
                0x2000c8d0                uwTick
 .bss.retUSER   0x2000c8d4        0x1 ./FATFS/App/fatfs.o
                0x2000c8d4                retUSER
 *fill*         0x2000c8d5        0x3 
 .bss.USERPath  0x2000c8d8        0x4 ./FATFS/App/fatfs.o
                0x2000c8d8                USERPath
 .bss.FatFs     0x2000c8dc        0x4 ./Middlewares/Third_Party/FatFs/src/ff.o
 .bss.Fsid      0x2000c8e0        0x2 ./Middlewares/Third_Party/FatFs/src/ff.o
 *fill*         0x2000c8e2        0x2 
 .bss.Files     0x2000c8e4       0x20 ./Middlewares/Third_Party/FatFs/src/ff.o
 .bss.disk      0x2000c904        0xc ./Middlewares/Third_Party/FatFs/src/ff_gen_drv.o
                0x2000c904                disk
 .bss.__sf      0x2000c910      0x138 E:/progs/STM32/CUBEIde/STM32CubeIDE_1.19.0/STM32CubeIDE/plugins/com.st.stm32cube.ide.mcu.externaltools.gnu-tools-for-stm32.13.3.rel1.win32_1.0.0.202411081344/tools/bin/../lib/gcc/arm-none-eabi/13.3.1/../../../../arm-none-eabi/lib/thumb/v7e-m+fp/hard\libc_nano.a(libc_a-findfp.o)
                0x2000c910                __sf
 .bss.errno     0x2000ca48        0x4 E:/progs/STM32/CUBEIde/STM32CubeIDE_1.19.0/STM32CubeIDE/plugins/com.st.stm32cube.ide.mcu.externaltools.gnu-tools-for-stm32.13.3.rel1.win32_1.0.0.202411081344/tools/bin/../lib/gcc/arm-none-eabi/13.3.1/../../../../arm-none-eabi/lib/thumb/v7e-m+fp/hard\libc_nano.a(libc_a-reent.o)
                0x2000ca48                errno
 .bss.__lock___malloc_recursive_mutex
                0x2000ca4c        0x1 E:/progs/STM32/CUBEIde/STM32CubeIDE_1.19.0/STM32CubeIDE/plugins/com.st.stm32cube.ide.mcu.externaltools.gnu-tools-for-stm32.13.3.rel1.win32_1.0.0.202411081344/tools/bin/../lib/gcc/arm-none-eabi/13.3.1/../../../../arm-none-eabi/lib/thumb/v7e-m+fp/hard\libc_nano.a(libc_a-lock.o)
                0x2000ca4c                __lock___malloc_recursive_mutex
 *fill*         0x2000ca4d        0x3 
 .bss.__malloc_sbrk_start
                0x2000ca50        0x4 E:/progs/STM32/CUBEIde/STM32CubeIDE_1.19.0/STM32CubeIDE/plugins/com.st.stm32cube.ide.mcu.externaltools.gnu-tools-for-stm32.13.3.rel1.win32_1.0.0.202411081344/tools/bin/../lib/gcc/arm-none-eabi/13.3.1/../../../../arm-none-eabi/lib/thumb/v7e-m+fp/hard\libc_nano.a(libc_a-mallocr.o)
                0x2000ca50                __malloc_sbrk_start
 .bss.__malloc_free_list
                0x2000ca54        0x4 E:/progs/STM32/CUBEIde/STM32CubeIDE_1.19.0/STM32CubeIDE/plugins/com.st.stm32cube.ide.mcu.externaltools.gnu-tools-for-stm32.13.3.rel1.win32_1.0.0.202411081344/tools/bin/../lib/gcc/arm-none-eabi/13.3.1/../../../../arm-none-eabi/lib/thumb/v7e-m+fp/hard\libc_nano.a(libc_a-mallocr.o)
                0x2000ca54                __malloc_free_list
 *(COMMON)
                0x2000ca58                        . = ALIGN (0x4)
                0x2000ca58                        _ebss = .
                0x2000ca58                        __bss_end__ = _ebss

._user_heap_stack
                0x2000ca58      0x600 load address 0x0800a694
                0x2000ca58                        . = ALIGN (0x8)
                [!provide]                        PROVIDE (end = .)
                0x2000ca58                        PROVIDE (_end = .)
                0x2000cc58                        . = (. + _Min_Heap_Size)
 *fill*         0x2000ca58      0x200 
                0x2000d058                        . = (. + _Min_Stack_Size)
 *fill*         0x2000cc58      0x400 
                0x2000d058                        . = ALIGN (0x8)

/DISCARD/
 libc.a(*)
 libm.a(*)
 libgcc.a(*)

.ARM.attributes
                0x00000000       0x30
 *(.ARM.attributes)
 .ARM.attributes
                0x00000000       0x22 E:/progs/STM32/CUBEIde/STM32CubeIDE_1.19.0/STM32CubeIDE/plugins/com.st.stm32cube.ide.mcu.externaltools.gnu-tools-for-stm32.13.3.rel1.win32_1.0.0.202411081344/tools/bin/../lib/gcc/arm-none-eabi/13.3.1/thumb/v7e-m+fp/hard/crti.o
 .ARM.attributes
                0x00000022       0x34 E:/progs/STM32/CUBEIde/STM32CubeIDE_1.19.0/STM32CubeIDE/plugins/com.st.stm32cube.ide.mcu.externaltools.gnu-tools-for-stm32.13.3.rel1.win32_1.0.0.202411081344/tools/bin/../lib/gcc/arm-none-eabi/13.3.1/thumb/v7e-m+fp/hard/crtbegin.o
 .ARM.attributes
                0x00000056       0x34 ./Core/Src/RDA_lib/RDA.o
 .ARM.attributes
                0x0000008a       0x34 ./Core/Src/Segger/SEGGER_RTT.o
 .ARM.attributes
                0x000000be       0x34 ./Core/Src/Segger/SEGGER_RTT_printf.o
 .ARM.attributes
                0x000000f2       0x34 ./Core/Src/display/DISPLAY.o
 .ARM.attributes
                0x00000126       0x34 ./Core/Src/font/font.o
 .ARM.attributes
                0x0000015a       0x34 ./Core/Src/main.o
 .ARM.attributes
                0x0000018e       0x34 ./Core/Src/stm32f4xx_hal_msp.o
 .ARM.attributes
                0x000001c2       0x34 ./Core/Src/stm32f4xx_it.o
 .ARM.attributes
                0x000001f6       0x34 ./Core/Src/sysmem.o
 .ARM.attributes
                0x0000022a       0x34 ./Core/Src/system_stm32f4xx.o
 .ARM.attributes
                0x0000025e       0x34 ./Core/Src/sd_card/diskio/diskio.o
 .ARM.attributes
                0x00000292       0x34 ./Core/Src/sd_card/sd_fs/sd_fs.o
 .ARM.attributes
                0x000002c6       0x34 ./Core/Src/sd_card/sd_spi/sd_spi.o
 .ARM.attributes
                0x000002fa       0x21 ./Core/Startup/startup_stm32f411ceux.o
 .ARM.attributes
                0x0000031b       0x34 ./Drivers/STM32F4xx_HAL_Driver/Src/stm32f4xx_hal.o
 .ARM.attributes
                0x0000034f       0x34 ./Drivers/STM32F4xx_HAL_Driver/Src/stm32f4xx_hal_adc.o
 .ARM.attributes
                0x00000383       0x34 ./Drivers/STM32F4xx_HAL_Driver/Src/stm32f4xx_hal_cortex.o
 .ARM.attributes
                0x000003b7       0x34 ./Drivers/STM32F4xx_HAL_Driver/Src/stm32f4xx_hal_dma.o
 .ARM.attributes
                0x000003eb       0x34 ./Drivers/STM32F4xx_HAL_Driver/Src/stm32f4xx_hal_gpio.o
 .ARM.attributes
                0x0000041f       0x34 ./Drivers/STM32F4xx_HAL_Driver/Src/stm32f4xx_hal_i2c.o
 .ARM.attributes
                0x00000453       0x34 ./Drivers/STM32F4xx_HAL_Driver/Src/stm32f4xx_hal_rcc.o
 .ARM.attributes
                0x00000487       0x34 ./Drivers/STM32F4xx_HAL_Driver/Src/stm32f4xx_hal_rcc_ex.o
 .ARM.attributes
                0x000004bb       0x34 ./Drivers/STM32F4xx_HAL_Driver/Src/stm32f4xx_hal_rtc.o
 .ARM.attributes
                0x000004ef       0x34 ./Drivers/STM32F4xx_HAL_Driver/Src/stm32f4xx_hal_rtc_ex.o
 .ARM.attributes
                0x00000523       0x34 ./Drivers/STM32F4xx_HAL_Driver/Src/stm32f4xx_hal_spi.o
 .ARM.attributes
                0x00000557       0x34 ./FATFS/App/fatfs.o
 .ARM.attributes
                0x0000058b       0x34 ./FATFS/Target/user_diskio.o
 .ARM.attributes
                0x000005bf       0x34 ./Middlewares/Third_Party/FatFs/src/ff.o
 .ARM.attributes
                0x000005f3       0x34 ./Middlewares/Third_Party/FatFs/src/ff_gen_drv.o
 .ARM.attributes
                0x00000627       0x34 E:/progs/STM32/CUBEIde/STM32CubeIDE_1.19.0/STM32CubeIDE/plugins/com.st.stm32cube.ide.mcu.externaltools.gnu-tools-for-stm32.13.3.rel1.win32_1.0.0.202411081344/tools/bin/../lib/gcc/arm-none-eabi/13.3.1/../../../../arm-none-eabi/lib/thumb/v7e-m+fp/hard\libc_nano.a(libc_a-findfp.o)
 .ARM.attributes
                0x0000065b       0x34 E:/progs/STM32/CUBEIde/STM32CubeIDE_1.19.0/STM32CubeIDE/plugins/com.st.stm32cube.ide.mcu.externaltools.gnu-tools-for-stm32.13.3.rel1.win32_1.0.0.202411081344/tools/bin/../lib/gcc/arm-none-eabi/13.3.1/../../../../arm-none-eabi/lib/thumb/v7e-m+fp/hard\libc_nano.a(libc_a-sprintf.o)
 .ARM.attributes
                0x0000068f       0x34 E:/progs/STM32/CUBEIde/STM32CubeIDE_1.19.0/STM32CubeIDE/plugins/com.st.stm32cube.ide.mcu.externaltools.gnu-tools-for-stm32.13.3.rel1.win32_1.0.0.202411081344/tools/bin/../lib/gcc/arm-none-eabi/13.3.1/../../../../arm-none-eabi/lib/thumb/v7e-m+fp/hard\libc_nano.a(libc_a-memset.o)
 .ARM.attributes
                0x000006c3       0x34 E:/progs/STM32/CUBEIde/STM32CubeIDE_1.19.0/STM32CubeIDE/plugins/com.st.stm32cube.ide.mcu.externaltools.gnu-tools-for-stm32.13.3.rel1.win32_1.0.0.202411081344/tools/bin/../lib/gcc/arm-none-eabi/13.3.1/../../../../arm-none-eabi/lib/thumb/v7e-m+fp/hard\libc_nano.a(libc_a-strncpy.o)
 .ARM.attributes
                0x000006f7       0x34 E:/progs/STM32/CUBEIde/STM32CubeIDE_1.19.0/STM32CubeIDE/plugins/com.st.stm32cube.ide.mcu.externaltools.gnu-tools-for-stm32.13.3.rel1.win32_1.0.0.202411081344/tools/bin/../lib/gcc/arm-none-eabi/13.3.1/../../../../arm-none-eabi/lib/thumb/v7e-m+fp/hard\libc_nano.a(libc_a-reent.o)
 .ARM.attributes
                0x0000072b       0x34 E:/progs/STM32/CUBEIde/STM32CubeIDE_1.19.0/STM32CubeIDE/plugins/com.st.stm32cube.ide.mcu.externaltools.gnu-tools-for-stm32.13.3.rel1.win32_1.0.0.202411081344/tools/bin/../lib/gcc/arm-none-eabi/13.3.1/../../../../arm-none-eabi/lib/thumb/v7e-m+fp/hard\libc_nano.a(libc_a-impure.o)
 .ARM.attributes
                0x0000075f       0x34 E:/progs/STM32/CUBEIde/STM32CubeIDE_1.19.0/STM32CubeIDE/plugins/com.st.stm32cube.ide.mcu.externaltools.gnu-tools-for-stm32.13.3.rel1.win32_1.0.0.202411081344/tools/bin/../lib/gcc/arm-none-eabi/13.3.1/../../../../arm-none-eabi/lib/thumb/v7e-m+fp/hard\libc_nano.a(libc_a-errno.o)
 .ARM.attributes
                0x00000793       0x34 E:/progs/STM32/CUBEIde/STM32CubeIDE_1.19.0/STM32CubeIDE/plugins/com.st.stm32cube.ide.mcu.externaltools.gnu-tools-for-stm32.13.3.rel1.win32_1.0.0.202411081344/tools/bin/../lib/gcc/arm-none-eabi/13.3.1/../../../../arm-none-eabi/lib/thumb/v7e-m+fp/hard\libc_nano.a(libc_a-init.o)
 .ARM.attributes
                0x000007c7       0x34 E:/progs/STM32/CUBEIde/STM32CubeIDE_1.19.0/STM32CubeIDE/plugins/com.st.stm32cube.ide.mcu.externaltools.gnu-tools-for-stm32.13.3.rel1.win32_1.0.0.202411081344/tools/bin/../lib/gcc/arm-none-eabi/13.3.1/../../../../arm-none-eabi/lib/thumb/v7e-m+fp/hard\libc_nano.a(libc_a-lock.o)
 .ARM.attributes
                0x000007fb       0x34 E:/progs/STM32/CUBEIde/STM32CubeIDE_1.19.0/STM32CubeIDE/plugins/com.st.stm32cube.ide.mcu.externaltools.gnu-tools-for-stm32.13.3.rel1.win32_1.0.0.202411081344/tools/bin/../lib/gcc/arm-none-eabi/13.3.1/../../../../arm-none-eabi/lib/thumb/v7e-m+fp/hard\libc_nano.a(libc_a-memcpy-stub.o)
 .ARM.attributes
                0x0000082f       0x34 E:/progs/STM32/CUBEIde/STM32CubeIDE_1.19.0/STM32CubeIDE/plugins/com.st.stm32cube.ide.mcu.externaltools.gnu-tools-for-stm32.13.3.rel1.win32_1.0.0.202411081344/tools/bin/../lib/gcc/arm-none-eabi/13.3.1/../../../../arm-none-eabi/lib/thumb/v7e-m+fp/hard\libc_nano.a(libc_a-freer.o)
 .ARM.attributes
                0x00000863       0x34 E:/progs/STM32/CUBEIde/STM32CubeIDE_1.19.0/STM32CubeIDE/plugins/com.st.stm32cube.ide.mcu.externaltools.gnu-tools-for-stm32.13.3.rel1.win32_1.0.0.202411081344/tools/bin/../lib/gcc/arm-none-eabi/13.3.1/../../../../arm-none-eabi/lib/thumb/v7e-m+fp/hard\libc_nano.a(libc_a-mallocr.o)
 .ARM.attributes
                0x00000897       0x34 E:/progs/STM32/CUBEIde/STM32CubeIDE_1.19.0/STM32CubeIDE/plugins/com.st.stm32cube.ide.mcu.externaltools.gnu-tools-for-stm32.13.3.rel1.win32_1.0.0.202411081344/tools/bin/../lib/gcc/arm-none-eabi/13.3.1/../../../../arm-none-eabi/lib/thumb/v7e-m+fp/hard\libc_nano.a(libc_a-mlock.o)
 .ARM.attributes
                0x000008cb       0x34 E:/progs/STM32/CUBEIde/STM32CubeIDE_1.19.0/STM32CubeIDE/plugins/com.st.stm32cube.ide.mcu.externaltools.gnu-tools-for-stm32.13.3.rel1.win32_1.0.0.202411081344/tools/bin/../lib/gcc/arm-none-eabi/13.3.1/../../../../arm-none-eabi/lib/thumb/v7e-m+fp/hard\libc_nano.a(libc_a-nano-svfprintf.o)
 .ARM.attributes
                0x000008ff       0x34 E:/progs/STM32/CUBEIde/STM32CubeIDE_1.19.0/STM32CubeIDE/plugins/com.st.stm32cube.ide.mcu.externaltools.gnu-tools-for-stm32.13.3.rel1.win32_1.0.0.202411081344/tools/bin/../lib/gcc/arm-none-eabi/13.3.1/../../../../arm-none-eabi/lib/thumb/v7e-m+fp/hard\libc_nano.a(libc_a-nano-vfprintf_i.o)
 .ARM.attributes
                0x00000933       0x34 E:/progs/STM32/CUBEIde/STM32CubeIDE_1.19.0/STM32CubeIDE/plugins/com.st.stm32cube.ide.mcu.externaltools.gnu-tools-for-stm32.13.3.rel1.win32_1.0.0.202411081344/tools/bin/../lib/gcc/arm-none-eabi/13.3.1/../../../../arm-none-eabi/lib/thumb/v7e-m+fp/hard\libc_nano.a(libc_a-memmove.o)
 .ARM.attributes
                0x00000967       0x34 E:/progs/STM32/CUBEIde/STM32CubeIDE_1.19.0/STM32CubeIDE/plugins/com.st.stm32cube.ide.mcu.externaltools.gnu-tools-for-stm32.13.3.rel1.win32_1.0.0.202411081344/tools/bin/../lib/gcc/arm-none-eabi/13.3.1/../../../../arm-none-eabi/lib/thumb/v7e-m+fp/hard\libc_nano.a(libc_a-sbrkr.o)
 .ARM.attributes
                0x0000099b       0x1c E:/progs/STM32/CUBEIde/STM32CubeIDE_1.19.0/STM32CubeIDE/plugins/com.st.stm32cube.ide.mcu.externaltools.gnu-tools-for-stm32.13.3.rel1.win32_1.0.0.202411081344/tools/bin/../lib/gcc/arm-none-eabi/13.3.1/../../../../arm-none-eabi/lib/thumb/v7e-m+fp/hard\libc_nano.a(libc_a-memchr.o)
 .ARM.attributes
                0x000009b7       0x34 E:/progs/STM32/CUBEIde/STM32CubeIDE_1.19.0/STM32CubeIDE/plugins/com.st.stm32cube.ide.mcu.externaltools.gnu-tools-for-stm32.13.3.rel1.win32_1.0.0.202411081344/tools/bin/../lib/gcc/arm-none-eabi/13.3.1/../../../../arm-none-eabi/lib/thumb/v7e-m+fp/hard\libc_nano.a(libc_a-reallocr.o)
 .ARM.attributes
                0x000009eb       0x34 E:/progs/STM32/CUBEIde/STM32CubeIDE_1.19.0/STM32CubeIDE/plugins/com.st.stm32cube.ide.mcu.externaltools.gnu-tools-for-stm32.13.3.rel1.win32_1.0.0.202411081344/tools/bin/../lib/gcc/arm-none-eabi/13.3.1/../../../../arm-none-eabi/lib/thumb/v7e-m+fp/hard\libc_nano.a(libc_a-msizer.o)
 .ARM.attributes
                0x00000a1f       0x22 E:/progs/STM32/CUBEIde/STM32CubeIDE_1.19.0/STM32CubeIDE/plugins/com.st.stm32cube.ide.mcu.externaltools.gnu-tools-for-stm32.13.3.rel1.win32_1.0.0.202411081344/tools/bin/../lib/gcc/arm-none-eabi/13.3.1/thumb/v7e-m+fp/hard\libgcc.a(_arm_addsubdf3.o)
 .ARM.attributes
                0x00000a41       0x22 E:/progs/STM32/CUBEIde/STM32CubeIDE_1.19.0/STM32CubeIDE/plugins/com.st.stm32cube.ide.mcu.externaltools.gnu-tools-for-stm32.13.3.rel1.win32_1.0.0.202411081344/tools/bin/../lib/gcc/arm-none-eabi/13.3.1/thumb/v7e-m+fp/hard\libgcc.a(_arm_muldivdf3.o)
 .ARM.attributes
                0x00000a63       0x22 E:/progs/STM32/CUBEIde/STM32CubeIDE_1.19.0/STM32CubeIDE/plugins/com.st.stm32cube.ide.mcu.externaltools.gnu-tools-for-stm32.13.3.rel1.win32_1.0.0.202411081344/tools/bin/../lib/gcc/arm-none-eabi/13.3.1/thumb/v7e-m+fp/hard\libgcc.a(_arm_cmpdf2.o)
 .ARM.attributes
                0x00000a85       0x22 E:/progs/STM32/CUBEIde/STM32CubeIDE_1.19.0/STM32CubeIDE/plugins/com.st.stm32cube.ide.mcu.externaltools.gnu-tools-for-stm32.13.3.rel1.win32_1.0.0.202411081344/tools/bin/../lib/gcc/arm-none-eabi/13.3.1/thumb/v7e-m+fp/hard\libgcc.a(_arm_fixunsdfsi.o)
 .ARM.attributes
                0x00000aa7       0x22 E:/progs/STM32/CUBEIde/STM32CubeIDE_1.19.0/STM32CubeIDE/plugins/com.st.stm32cube.ide.mcu.externaltools.gnu-tools-for-stm32.13.3.rel1.win32_1.0.0.202411081344/tools/bin/../lib/gcc/arm-none-eabi/13.3.1/thumb/v7e-m+fp/hard\libgcc.a(_aeabi_uldivmod.o)
 .ARM.attributes
                0x00000ac9       0x34 E:/progs/STM32/CUBEIde/STM32CubeIDE_1.19.0/STM32CubeIDE/plugins/com.st.stm32cube.ide.mcu.externaltools.gnu-tools-for-stm32.13.3.rel1.win32_1.0.0.202411081344/tools/bin/../lib/gcc/arm-none-eabi/13.3.1/thumb/v7e-m+fp/hard\libgcc.a(_udivmoddi4.o)
 .ARM.attributes
                0x00000afd       0x22 E:/progs/STM32/CUBEIde/STM32CubeIDE_1.19.0/STM32CubeIDE/plugins/com.st.stm32cube.ide.mcu.externaltools.gnu-tools-for-stm32.13.3.rel1.win32_1.0.0.202411081344/tools/bin/../lib/gcc/arm-none-eabi/13.3.1/thumb/v7e-m+fp/hard\libgcc.a(_dvmd_tls.o)
 .ARM.attributes
                0x00000b1f       0x22 E:/progs/STM32/CUBEIde/STM32CubeIDE_1.19.0/STM32CubeIDE/plugins/com.st.stm32cube.ide.mcu.externaltools.gnu-tools-for-stm32.13.3.rel1.win32_1.0.0.202411081344/tools/bin/../lib/gcc/arm-none-eabi/13.3.1/thumb/v7e-m+fp/hard/crtn.o
OUTPUT(SoundPunk.elf elf32-littlearm)
LOAD linker stubs
LOAD E:/progs/STM32/CUBEIde/STM32CubeIDE_1.19.0/STM32CubeIDE/plugins/com.st.stm32cube.ide.mcu.externaltools.gnu-tools-for-stm32.13.3.rel1.win32_1.0.0.202411081344/tools/bin/../lib/gcc/arm-none-eabi/13.3.1/../../../../arm-none-eabi/lib/thumb/v7e-m+fp/hard\libc.a
LOAD E:/progs/STM32/CUBEIde/STM32CubeIDE_1.19.0/STM32CubeIDE/plugins/com.st.stm32cube.ide.mcu.externaltools.gnu-tools-for-stm32.13.3.rel1.win32_1.0.0.202411081344/tools/bin/../lib/gcc/arm-none-eabi/13.3.1/../../../../arm-none-eabi/lib/thumb/v7e-m+fp/hard\libm.a
LOAD E:/progs/STM32/CUBEIde/STM32CubeIDE_1.19.0/STM32CubeIDE/plugins/com.st.stm32cube.ide.mcu.externaltools.gnu-tools-for-stm32.13.3.rel1.win32_1.0.0.202411081344/tools/bin/../lib/gcc/arm-none-eabi/13.3.1/thumb/v7e-m+fp/hard\libgcc.a

.debug_info     0x00000000    0x14210
 .debug_info    0x00000000      0x734 ./Core/Src/RDA_lib/RDA.o
 .debug_info    0x00000734     0x14d5 ./Core/Src/Segger/SEGGER_RTT.o
 .debug_info    0x00001c09      0x423 ./Core/Src/Segger/SEGGER_RTT_printf.o
 .debug_info    0x0000202c      0x882 ./Core/Src/display/DISPLAY.o
 .debug_info    0x000028ae      0x27b ./Core/Src/font/font.o
 .debug_info    0x00002b29     0x2196 ./Core/Src/main.o
 .debug_info    0x00004cbf     0x149b ./Core/Src/stm32f4xx_hal_msp.o
 .debug_info    0x0000615a      0x3c6 ./Core/Src/stm32f4xx_it.o
 .debug_info    0x00006520      0x168 ./Core/Src/sysmem.o
 .debug_info    0x00006688      0x53e ./Core/Src/system_stm32f4xx.o
 .debug_info    0x00006bc6      0x2f5 ./Core/Src/sd_card/diskio/diskio.o
 .debug_info    0x00006ebb      0x727 ./Core/Src/sd_card/sd_fs/sd_fs.o
 .debug_info    0x000075e2      0x98d ./Core/Src/sd_card/sd_spi/sd_spi.o
 .debug_info    0x00007f6f       0x30 ./Core/Startup/startup_stm32f411ceux.o
 .debug_info    0x00007f9f      0x8c4 ./Drivers/STM32F4xx_HAL_Driver/Src/stm32f4xx_hal.o
 .debug_info    0x00008863      0xce0 ./Drivers/STM32F4xx_HAL_Driver/Src/stm32f4xx_hal_adc.o
 .debug_info    0x00009543      0xcfc ./Drivers/STM32F4xx_HAL_Driver/Src/stm32f4xx_hal_cortex.o
 .debug_info    0x0000a23f      0x8e6 ./Drivers/STM32F4xx_HAL_Driver/Src/stm32f4xx_hal_dma.o
 .debug_info    0x0000ab25      0x6f9 ./Drivers/STM32F4xx_HAL_Driver/Src/stm32f4xx_hal_gpio.o
 .debug_info    0x0000b21e     0x2426 ./Drivers/STM32F4xx_HAL_Driver/Src/stm32f4xx_hal_i2c.o
 .debug_info    0x0000d644      0x904 ./Drivers/STM32F4xx_HAL_Driver/Src/stm32f4xx_hal_rcc.o
 .debug_info    0x0000df48      0x5a1 ./Drivers/STM32F4xx_HAL_Driver/Src/stm32f4xx_hal_rcc_ex.o
 .debug_info    0x0000e4e9      0xc43 ./Drivers/STM32F4xx_HAL_Driver/Src/stm32f4xx_hal_rtc.o
 .debug_info    0x0000f12c      0xe57 ./Drivers/STM32F4xx_HAL_Driver/Src/stm32f4xx_hal_rtc_ex.o
 .debug_info    0x0000ff83     0x1530 ./Drivers/STM32F4xx_HAL_Driver/Src/stm32f4xx_hal_spi.o
 .debug_info    0x000114b3      0x4d9 ./FATFS/App/fatfs.o
 .debug_info    0x0001198c      0x328 ./FATFS/Target/user_diskio.o
 .debug_info    0x00011cb4     0x21dd ./Middlewares/Third_Party/FatFs/src/ff.o
 .debug_info    0x00013e91      0x37f ./Middlewares/Third_Party/FatFs/src/ff_gen_drv.o

.debug_abbrev   0x00000000     0x3726
 .debug_abbrev  0x00000000      0x1aa ./Core/Src/RDA_lib/RDA.o
 .debug_abbrev  0x000001aa      0x230 ./Core/Src/Segger/SEGGER_RTT.o
 .debug_abbrev  0x000003da      0x1bc ./Core/Src/Segger/SEGGER_RTT_printf.o
 .debug_abbrev  0x00000596      0x1eb ./Core/Src/display/DISPLAY.o
 .debug_abbrev  0x00000781      0x112 ./Core/Src/font/font.o
 .debug_abbrev  0x00000893      0x3d0 ./Core/Src/main.o
 .debug_abbrev  0x00000c63      0x242 ./Core/Src/stm32f4xx_hal_msp.o
 .debug_abbrev  0x00000ea5      0x138 ./Core/Src/stm32f4xx_it.o
 .debug_abbrev  0x00000fdd       0xbc ./Core/Src/sysmem.o
 .debug_abbrev  0x00001099      0x11a ./Core/Src/system_stm32f4xx.o
 .debug_abbrev  0x000011b3      0x156 ./Core/Src/sd_card/diskio/diskio.o
 .debug_abbrev  0x00001309      0x1c8 ./Core/Src/sd_card/sd_fs/sd_fs.o
 .debug_abbrev  0x000014d1      0x270 ./Core/Src/sd_card/sd_spi/sd_spi.o
 .debug_abbrev  0x00001741       0x24 ./Core/Startup/startup_stm32f411ceux.o
 .debug_abbrev  0x00001765      0x24b ./Drivers/STM32F4xx_HAL_Driver/Src/stm32f4xx_hal.o
 .debug_abbrev  0x000019b0      0x20e ./Drivers/STM32F4xx_HAL_Driver/Src/stm32f4xx_hal_adc.o
 .debug_abbrev  0x00001bbe      0x31d ./Drivers/STM32F4xx_HAL_Driver/Src/stm32f4xx_hal_cortex.o
 .debug_abbrev  0x00001edb      0x221 ./Drivers/STM32F4xx_HAL_Driver/Src/stm32f4xx_hal_dma.o
 .debug_abbrev  0x000020fc      0x1d3 ./Drivers/STM32F4xx_HAL_Driver/Src/stm32f4xx_hal_gpio.o
 .debug_abbrev  0x000022cf      0x2bc ./Drivers/STM32F4xx_HAL_Driver/Src/stm32f4xx_hal_i2c.o
 .debug_abbrev  0x0000258b      0x2b6 ./Drivers/STM32F4xx_HAL_Driver/Src/stm32f4xx_hal_rcc.o
 .debug_abbrev  0x00002841      0x1b2 ./Drivers/STM32F4xx_HAL_Driver/Src/stm32f4xx_hal_rcc_ex.o
 .debug_abbrev  0x000029f3      0x1ea ./Drivers/STM32F4xx_HAL_Driver/Src/stm32f4xx_hal_rtc.o
 .debug_abbrev  0x00002bdd      0x216 ./Drivers/STM32F4xx_HAL_Driver/Src/stm32f4xx_hal_rtc_ex.o
 .debug_abbrev  0x00002df3      0x276 ./Drivers/STM32F4xx_HAL_Driver/Src/stm32f4xx_hal_spi.o
 .debug_abbrev  0x00003069      0x160 ./FATFS/App/fatfs.o
 .debug_abbrev  0x000031c9      0x13c ./FATFS/Target/user_diskio.o
 .debug_abbrev  0x00003305      0x282 ./Middlewares/Third_Party/FatFs/src/ff.o
 .debug_abbrev  0x00003587      0x19f ./Middlewares/Third_Party/FatFs/src/ff_gen_drv.o

.debug_aranges  0x00000000     0x12c8
 .debug_aranges
                0x00000000       0x28 ./Core/Src/RDA_lib/RDA.o
 .debug_aranges
                0x00000028      0x138 ./Core/Src/Segger/SEGGER_RTT.o
 .debug_aranges
                0x00000160       0x40 ./Core/Src/Segger/SEGGER_RTT_printf.o
 .debug_aranges
                0x000001a0       0x58 ./Core/Src/display/DISPLAY.o
 .debug_aranges
                0x000001f8       0x28 ./Core/Src/font/font.o
 .debug_aranges
                0x00000220       0xb0 ./Core/Src/main.o
 .debug_aranges
                0x000002d0       0x60 ./Core/Src/stm32f4xx_hal_msp.o
 .debug_aranges
                0x00000330       0x68 ./Core/Src/stm32f4xx_it.o
 .debug_aranges
                0x00000398       0x20 ./Core/Src/sysmem.o
 .debug_aranges
                0x000003b8       0x28 ./Core/Src/system_stm32f4xx.o
 .debug_aranges
                0x000003e0       0x40 ./Core/Src/sd_card/diskio/diskio.o
 .debug_aranges
                0x00000420       0x30 ./Core/Src/sd_card/sd_fs/sd_fs.o
 .debug_aranges
                0x00000450       0x58 ./Core/Src/sd_card/sd_spi/sd_spi.o
 .debug_aranges
                0x000004a8       0x28 ./Core/Startup/startup_stm32f411ceux.o
 .debug_aranges
                0x000004d0       0xf0 ./Drivers/STM32F4xx_HAL_Driver/Src/stm32f4xx_hal.o
 .debug_aranges
                0x000005c0       0xe8 ./Drivers/STM32F4xx_HAL_Driver/Src/stm32f4xx_hal_adc.o
 .debug_aranges
                0x000006a8      0x130 ./Drivers/STM32F4xx_HAL_Driver/Src/stm32f4xx_hal_cortex.o
 .debug_aranges
                0x000007d8       0x90 ./Drivers/STM32F4xx_HAL_Driver/Src/stm32f4xx_hal_dma.o
 .debug_aranges
                0x00000868       0x58 ./Drivers/STM32F4xx_HAL_Driver/Src/stm32f4xx_hal_gpio.o
 .debug_aranges
                0x000008c0      0x2a8 ./Drivers/STM32F4xx_HAL_Driver/Src/stm32f4xx_hal_i2c.o
 .debug_aranges
                0x00000b68       0x88 ./Drivers/STM32F4xx_HAL_Driver/Src/stm32f4xx_hal_rcc.o
 .debug_aranges
                0x00000bf0       0x50 ./Drivers/STM32F4xx_HAL_Driver/Src/stm32f4xx_hal_rcc_ex.o
 .debug_aranges
                0x00000c40       0xe8 ./Drivers/STM32F4xx_HAL_Driver/Src/stm32f4xx_hal_rtc.o
 .debug_aranges
                0x00000d28      0x120 ./Drivers/STM32F4xx_HAL_Driver/Src/stm32f4xx_hal_rtc_ex.o
 .debug_aranges
                0x00000e48      0x1d0 ./Drivers/STM32F4xx_HAL_Driver/Src/stm32f4xx_hal_spi.o
 .debug_aranges
                0x00001018       0x28 ./FATFS/App/fatfs.o
 .debug_aranges
                0x00001040       0x40 ./FATFS/Target/user_diskio.o
 .debug_aranges
                0x00001080      0x208 ./Middlewares/Third_Party/FatFs/src/ff.o
 .debug_aranges
                0x00001288       0x40 ./Middlewares/Third_Party/FatFs/src/ff_gen_drv.o

.debug_rnglists
                0x00000000      0xe76
 .debug_rnglists
                0x00000000       0x1a ./Core/Src/RDA_lib/RDA.o
 .debug_rnglists
                0x0000001a       0xf5 ./Core/Src/Segger/SEGGER_RTT.o
 .debug_rnglists
                0x0000010f       0x3a ./Core/Src/Segger/SEGGER_RTT_printf.o
 .debug_rnglists
                0x00000149       0x3f ./Core/Src/display/DISPLAY.o
 .debug_rnglists
                0x00000188       0x1a ./Core/Src/font/font.o
 .debug_rnglists
                0x000001a2       0x8a ./Core/Src/main.o
 .debug_rnglists
                0x0000022c       0x46 ./Core/Src/stm32f4xx_hal_msp.o
 .debug_rnglists
                0x00000272       0x49 ./Core/Src/stm32f4xx_it.o
 .debug_rnglists
                0x000002bb       0x13 ./Core/Src/sysmem.o
 .debug_rnglists
                0x000002ce       0x1a ./Core/Src/system_stm32f4xx.o
 .debug_rnglists
                0x000002e8       0x2b ./Core/Src/sd_card/diskio/diskio.o
 .debug_rnglists
                0x00000313       0x22 ./Core/Src/sd_card/sd_fs/sd_fs.o
 .debug_rnglists
                0x00000335       0x41 ./Core/Src/sd_card/sd_spi/sd_spi.o
 .debug_rnglists
                0x00000376       0x19 ./Core/Startup/startup_stm32f411ceux.o
 .debug_rnglists
                0x0000038f       0xaf ./Drivers/STM32F4xx_HAL_Driver/Src/stm32f4xx_hal.o
 .debug_rnglists
                0x0000043e       0xb5 ./Drivers/STM32F4xx_HAL_Driver/Src/stm32f4xx_hal_adc.o
 .debug_rnglists
                0x000004f3       0xe0 ./Drivers/STM32F4xx_HAL_Driver/Src/stm32f4xx_hal_cortex.o
 .debug_rnglists
                0x000005d3       0x70 ./Drivers/STM32F4xx_HAL_Driver/Src/stm32f4xx_hal_dma.o
 .debug_rnglists
                0x00000643       0x3f ./Drivers/STM32F4xx_HAL_Driver/Src/stm32f4xx_hal_gpio.o
 .debug_rnglists
                0x00000682      0x23c ./Drivers/STM32F4xx_HAL_Driver/Src/stm32f4xx_hal_i2c.o
 .debug_rnglists
                0x000008be       0x66 ./Drivers/STM32F4xx_HAL_Driver/Src/stm32f4xx_hal_rcc.o
 .debug_rnglists
                0x00000924       0x3c ./Drivers/STM32F4xx_HAL_Driver/Src/stm32f4xx_hal_rcc_ex.o
 .debug_rnglists
                0x00000960       0xb4 ./Drivers/STM32F4xx_HAL_Driver/Src/stm32f4xx_hal_rtc.o
 .debug_rnglists
                0x00000a14       0xe1 ./Drivers/STM32F4xx_HAL_Driver/Src/stm32f4xx_hal_rtc_ex.o
 .debug_rnglists
                0x00000af5      0x16f ./Drivers/STM32F4xx_HAL_Driver/Src/stm32f4xx_hal_spi.o
 .debug_rnglists
                0x00000c64       0x19 ./FATFS/App/fatfs.o
 .debug_rnglists
                0x00000c7d       0x2b ./FATFS/Target/user_diskio.o
 .debug_rnglists
                0x00000ca8      0x1a2 ./Middlewares/Third_Party/FatFs/src/ff.o
 .debug_rnglists
                0x00000e4a       0x2c ./Middlewares/Third_Party/FatFs/src/ff_gen_drv.o

.debug_macro    0x00000000    0x1b3ea
 .debug_macro   0x00000000      0x349 ./Core/Src/RDA_lib/RDA.o
 .debug_macro   0x00000349      0xad8 ./Core/Src/RDA_lib/RDA.o
 .debug_macro   0x00000e21      0x2a7 ./Core/Src/RDA_lib/RDA.o
 .debug_macro   0x000010c8       0x2e ./Core/Src/RDA_lib/RDA.o
 .debug_macro   0x000010f6       0x28 ./Core/Src/RDA_lib/RDA.o
 .debug_macro   0x0000111e       0x22 ./Core/Src/RDA_lib/RDA.o
 .debug_macro   0x00001140       0x8e ./Core/Src/RDA_lib/RDA.o
 .debug_macro   0x000011ce       0x51 ./Core/Src/RDA_lib/RDA.o
 .debug_macro   0x0000121f      0x103 ./Core/Src/RDA_lib/RDA.o
 .debug_macro   0x00001322       0x6a ./Core/Src/RDA_lib/RDA.o
 .debug_macro   0x0000138c      0x1df ./Core/Src/RDA_lib/RDA.o
 .debug_macro   0x0000156b       0x1c ./Core/Src/RDA_lib/RDA.o
 .debug_macro   0x00001587       0x22 ./Core/Src/RDA_lib/RDA.o
 .debug_macro   0x000015a9       0xfb ./Core/Src/RDA_lib/RDA.o
 .debug_macro   0x000016a4     0x1011 ./Core/Src/RDA_lib/RDA.o
 .debug_macro   0x000026b5      0x11f ./Core/Src/RDA_lib/RDA.o
 .debug_macro   0x000027d4     0xb968 ./Core/Src/RDA_lib/RDA.o
 .debug_macro   0x0000e13c       0x6d ./Core/Src/RDA_lib/RDA.o
 .debug_macro   0x0000e1a9     0x3693 ./Core/Src/RDA_lib/RDA.o
 .debug_macro   0x0001183c      0x190 ./Core/Src/RDA_lib/RDA.o
 .debug_macro   0x000119cc       0x5c ./Core/Src/RDA_lib/RDA.o
 .debug_macro   0x00011a28      0x45c ./Core/Src/RDA_lib/RDA.o
 .debug_macro   0x00011e84      0x9e9 ./Core/Src/RDA_lib/RDA.o
 .debug_macro   0x0001286d      0x115 ./Core/Src/RDA_lib/RDA.o
 .debug_macro   0x00012982      0x11b ./Core/Src/RDA_lib/RDA.o
 .debug_macro   0x00012a9d       0xa5 ./Core/Src/RDA_lib/RDA.o
 .debug_macro   0x00012b42      0x15f ./Core/Src/RDA_lib/RDA.o
 .debug_macro   0x00012ca1      0x287 ./Core/Src/RDA_lib/RDA.o
 .debug_macro   0x00012f28       0x5f ./Core/Src/RDA_lib/RDA.o
 .debug_macro   0x00012f87      0x236 ./Core/Src/RDA_lib/RDA.o