../Core/Src/main.c:83:6:sendImageToDisplay	3
../Core/Src/main.c:94:6:updateTitleTextOnScreen	5
../Core/Src/main.c:122:6:updateMainTextOnScreen	1
../Core/Src/main.c:132:6:HAL_ADC_ConvHalfCpltCallback	1
../Core/Src/main.c:136:6:HAL_ADC_ConvCpltCallback	1
../Core/Src/main.c:140:6:processAdcDma	2
../Core/Src/main.c:151:6:handleCurrentActivePinsState	4
../Core/Src/main.c:172:5:main	8
../Core/Src/main.c:299:6:SystemClock_Config	3
../Core/Src/main.c:345:13:MX_ADC1_Init	4
../Core/Src/main.c:406:13:MX_I2C1_Init	2
../Core/Src/main.c:440:13:MX_SPI1_Init	2
../Core/Src/main.c:478:13:MX_SPI2_Init	2
../Core/Src/main.c:514:13:MX_DMA_Init	1
../Core/Src/main.c:532:13:MX_GPIO_Init	1
../Core/Src/main.c:604:6:Error_Handler	1
