../Core/Src/main.c:83:6:sendImageToDisplay	3
../Core/Src/main.c:94:6:updateTitleTextOnScreen	5
../Core/Src/main.c:122:6:updateMainTextOnScreen	1
../Core/Src/main.c:132:6:HAL_ADC_ConvHalfCpltCallback	1
../Core/Src/main.c:136:6:HAL_ADC_ConvCpltCallback	1
../Core/Src/main.c:140:6:processAdcDma	2
../Core/Src/main.c:157:5:main	9
../Core/Src/main.c:274:6:SystemClock_Config	3
../Core/Src/main.c:320:13:MX_ADC1_Init	4
../Core/Src/main.c:381:13:MX_I2C1_Init	2
../Core/Src/main.c:415:13:MX_SPI1_Init	2
../Core/Src/main.c:453:13:MX_SPI2_Init	2
../Core/Src/main.c:489:13:MX_DMA_Init	1
../Core/Src/main.c:507:13:MX_GPIO_Init	1
../Core/Src/main.c:573:6:Error_Handler	1
