../Core/Src/main.c:83:6:sendImageToDisplay	24	static
../Core/Src/main.c:94:6:updateTitleTextOnScreen	32	static
../Core/Src/main.c:122:6:updateMainTextOnScreen	24	static
../Core/Src/main.c:132:6:HAL_ADC_ConvHalfCpltCallback	16	static
../Core/Src/main.c:136:6:HAL_ADC_ConvCpltCallback	16	static
../Core/Src/main.c:140:6:processAdcDma	32	static
../Core/Src/main.c:151:6:handleCurrentActivePinsState	8	static
../Core/Src/main.c:172:5:main	48	static
../Core/Src/main.c:299:6:SystemClock_Config	88	static
../Core/Src/main.c:345:13:MX_ADC1_Init	24	static
../Core/Src/main.c:406:13:MX_I2C1_Init	8	static
../Core/Src/main.c:440:13:MX_SPI1_Init	8	static
../Core/Src/main.c:478:13:MX_SPI2_Init	8	static
../Core/Src/main.c:514:13:MX_DMA_Init	16	static
../Core/Src/main.c:532:13:MX_GPIO_Init	48	static
../Core/Src/main.c:604:6:Error_Handler	4	static,ignoring_inline_asm
