../Core/Src/main.c:88:6:sendImageToDisplay	24	static
../Core/Src/main.c:99:7:updateTitleTextOnScreen	64	static
../Core/Src/main.c:133:6:updateMainTextOnScreen	32	static
../Core/Src/main.c:154:6:HAL_ADC_ConvHalfCpltCallback	16	static
../Core/Src/main.c:158:6:HAL_ADC_ConvCpltCallback	16	static
../Core/Src/main.c:162:6:processAdcDma	40	static
../Core/Src/main.c:178:6:handleCurrentActivePinsState	8	static
../Core/Src/main.c:199:5:main	32	static
../Core/Src/main.c:331:6:SystemClock_Config	88	static
../Core/Src/main.c:377:13:MX_ADC1_Init	24	static
../Core/Src/main.c:438:13:MX_I2C1_Init	8	static
../Core/Src/main.c:472:13:MX_SPI1_Init	8	static
../Core/Src/main.c:510:13:MX_SPI2_Init	8	static
../Core/Src/main.c:546:13:MX_DMA_Init	16	static
../Core/Src/main.c:564:13:MX_GPIO_Init	48	static
../Core/Src/main.c:636:6:Error_Handler	4	static,ignoring_inline_asm
